ARM Linker, 4.1 [Build 894] [Lite256]

==============================================================================

Section Cross References

    main.o(i.TIM_LED_Config) refers to stm32f4xx_rcc.o(i.RCC_APB1PeriphClockCmd) for RCC_APB1PeriphClockCmd
    main.o(i.TIM_LED_Config) refers to misc.o(i.NVIC_PriorityGroupConfig) for NVIC_PriorityGroupConfig
    main.o(i.TIM_LED_Config) refers to misc.o(i.NVIC_Init) for NVIC_Init
    main.o(i.TIM_LED_Config) refers to stm32f4_discovery.o(i.STM_EVAL_LEDInit) for STM_EVAL_LEDInit
    main.o(i.TIM_LED_Config) refers to stm32f4xx_tim.o(i.TIM_TimeBaseInit) for TIM_TimeBaseInit
    main.o(i.TIM_LED_Config) refers to stm32f4xx_tim.o(i.TIM_ARRPreloadConfig) for TIM_ARRPreloadConfig
    main.o(i.TIM_LED_Config) refers to stm32f4xx_tim.o(i.TIM_OC1Init) for TIM_OC1Init
    main.o(i.TIM_LED_Config) refers to stm32f4xx_tim.o(i.TIM_OC1PreloadConfig) for TIM_OC1PreloadConfig
    main.o(i.TIM_LED_Config) refers to stm32f4xx_tim.o(i.TIM_ITConfig) for TIM_ITConfig
    main.o(i.TIM_LED_Config) refers to stm32f4xx_tim.o(i.TIM_Cmd) for TIM_Cmd
    main.o(i.TIM_LED_Config) refers to system_stm32f4xx.o(.data) for SystemCoreClock
    main.o(i.TIM_LED_Config) refers to main.o(.data) for .data
    main.o(i.main) refers to stm32f4_discovery.o(i.STM_EVAL_LEDInit) for STM_EVAL_LEDInit
    main.o(i.main) refers to stm32f4_discovery.o(i.STM_EVAL_LEDOn) for STM_EVAL_LEDOn
    main.o(i.main) refers to stm32f4xx_rcc.o(i.RCC_GetClocksFreq) for RCC_GetClocksFreq
    main.o(i.main) refers to main.o(i.TIM_LED_Config) for TIM_LED_Config
    main.o(i.main) refers to stm32f4_discovery.o(i.STM_EVAL_PBInit) for STM_EVAL_PBInit
    main.o(i.main) refers to usbh_core.o(i.USBH_Init) for USBH_Init
    main.o(i.main) refers to usbh_core.o(i.USBH_Process) for USBH_Process
    main.o(i.main) refers to main.o(.bss) for .bss
    main.o(i.main) refers to main.o(.data) for .data
    main.o(i.main) refers to stm32f4xx_it.o(.data) for LED_Toggle
    main.o(i.main) refers to usbh_usr.o(.data) for USR_Callbacks
    main.o(i.main) refers to usbh_msc_core.o(.data) for USBH_MSC_cb
    stm32f4xx_it.o(i.EXTI0_IRQHandler) refers to stm32f4xx_exti.o(i.EXTI_GetITStatus) for EXTI_GetITStatus
    stm32f4xx_it.o(i.EXTI0_IRQHandler) refers to stm32f4xx_exti.o(i.EXTI_ClearITPendingBit) for EXTI_ClearITPendingBit
    stm32f4xx_it.o(i.EXTI0_IRQHandler) refers to stm32f4_discovery_audio_codec.o(i.EVAL_AUDIO_Stop) for EVAL_AUDIO_Stop
    stm32f4xx_it.o(i.EXTI0_IRQHandler) refers to usbh_usr.o(.data) for Command_index
    stm32f4xx_it.o(i.EXTI0_IRQHandler) refers to main.o(.data) for RepeatState
    stm32f4xx_it.o(i.EXTI0_IRQHandler) refers to waveplayer.o(.data) for XferCplt
    stm32f4xx_it.o(i.EXTI1_IRQHandler) refers to stm32f4xx_exti.o(i.EXTI_GetITStatus) for EXTI_GetITStatus
    stm32f4xx_it.o(i.EXTI1_IRQHandler) refers to stm32f4xx_exti.o(i.EXTI_ClearITPendingBit) for EXTI_ClearITPendingBit
    stm32f4xx_it.o(i.EXTI1_IRQHandler) refers to stm32f4xx_it.o(.data) for .data
    stm32f4xx_it.o(i.OTG_FS_IRQHandler) refers to usb_hcd_int.o(i.USBH_OTG_ISR_Handler) for USBH_OTG_ISR_Handler
    stm32f4xx_it.o(i.OTG_FS_IRQHandler) refers to main.o(.bss) for USB_OTG_Core
    stm32f4xx_it.o(i.SysTick_Handler) refers to waveplayer.o(i.TimingDelay_Decrement) for TimingDelay_Decrement
    stm32f4xx_it.o(i.SysTick_Handler) refers to usbh_usr.o(.data) for Command_index
    stm32f4xx_it.o(i.SysTick_Handler) refers to stm32f4xx_it.o(.data) for .data
    stm32f4xx_it.o(i.TIM2_IRQHandler) refers to usb_bsp.o(i.USB_OTG_BSP_TimerIRQ) for USB_OTG_BSP_TimerIRQ
    stm32f4xx_it.o(i.TIM4_IRQHandler) refers to stm32f4_discovery_lis302dl.o(i.LIS302DL_Read) for LIS302DL_Read
    stm32f4xx_it.o(i.TIM4_IRQHandler) refers to stm32f4xx_tim.o(i.TIM_GetITStatus) for TIM_GetITStatus
    stm32f4xx_it.o(i.TIM4_IRQHandler) refers to stm32f4xx_tim.o(i.TIM_ClearITPendingBit) for TIM_ClearITPendingBit
    stm32f4xx_it.o(i.TIM4_IRQHandler) refers to stm32f4_discovery.o(i.STM_EVAL_LEDToggle) for STM_EVAL_LEDToggle
    stm32f4xx_it.o(i.TIM4_IRQHandler) refers to stm32f4_discovery.o(i.STM_EVAL_LEDOff) for STM_EVAL_LEDOff
    stm32f4xx_it.o(i.TIM4_IRQHandler) refers to stm32f4_discovery.o(i.STM_EVAL_LEDOn) for STM_EVAL_LEDOn
    stm32f4xx_it.o(i.TIM4_IRQHandler) refers to stm32f4xx_tim.o(i.TIM_GetCapture1) for TIM_GetCapture1
    stm32f4xx_it.o(i.TIM4_IRQHandler) refers to stm32f4xx_tim.o(i.TIM_SetCompare1) for TIM_SetCompare1
    stm32f4xx_it.o(i.TIM4_IRQHandler) refers to waveplayer.o(.data) for AudioPlayStart
    stm32f4xx_it.o(i.TIM4_IRQHandler) refers to waveplayer.o(.data) for Buffer
    stm32f4xx_it.o(i.TIM4_IRQHandler) refers to stm32f4xx_it.o(.data) for .data
    stm32f4xx_it.o(i.TIM4_IRQHandler) refers to main.o(.data) for CCR_Val
    system_stm32f4xx.o(i.SystemCoreClockUpdate) refers to system_stm32f4xx.o(.data) for .data
    system_stm32f4xx.o(i.SystemInit) refers to system_stm32f4xx.o(i.SetSysClock) for SetSysClock
[...]
    i.disk_write                             0x08006bc8   Section        0  usbh_msc_fatfs.o(i.disk_write)
    i.f_close                                0x08006c34   Section        0  ff.o(i.f_close)
    i.f_lseek                                0x08006c46   Section        0  ff.o(i.f_lseek)
    i.f_mount                                0x08006da0   Section        0  ff.o(i.f_mount)
    i.f_open                                 0x08006dc0   Section        0  ff.o(i.f_open)
    i.f_opendir                              0x08006f0a   Section        0  ff.o(i.f_opendir)
    i.f_read                                 0x08006f58   Section        0  ff.o(i.f_read)
    i.f_sync                                 0x080070cc   Section        0  ff.o(i.f_sync)
    i.f_unlink                               0x08007170   Section        0  ff.o(i.f_unlink)
    i.f_write                                0x08007200   Section        0  ff.o(i.f_write)
    i.follow_path                            0x080073b2   Section        0  ff.o(i.follow_path)
    follow_path                              0x080073b3   Thumb Code   188  ff.o(i.follow_path)
    i.get_fat                                0x0800746e   Section        0  ff.o(i.get_fat)
    i.get_fattime                            0x0800753c   Section        0  fattime.o(i.get_fattime)
    i.main                                   0x08007540   Section        0  main.o(i.main)
    i.mem_cpy                                0x080075e0   Section        0  ff.o(i.mem_cpy)
    mem_cpy                                  0x080075e1   Thumb Code    18  ff.o(i.mem_cpy)
    i.mem_set                                0x080075f2   Section        0  ff.o(i.mem_set)
    mem_set                                  0x080075f3   Thumb Code    14  ff.o(i.mem_set)
    i.move_window                            0x08007600   Section        0  ff.o(i.move_window)
    move_window                              0x08007601   Thumb Code   106  ff.o(i.move_window)
    i.put_fat                                0x0800766a   Section        0  ff.o(i.put_fat)
    i.remove_chain                           0x0800779e   Section        0  ff.o(i.remove_chain)
    remove_chain                             0x0800779f   Thumb Code    98  ff.o(i.remove_chain)
    i.sync                                   0x08007800   Section        0  ff.o(i.sync)
    sync                                     0x08007801   Thumb Code   184  ff.o(i.sync)
    i.validate                               0x080078b8   Section        0  ff.o(i.validate)
    validate                                 0x080078b9   Thumb Code    32  ff.o(i.validate)
    .constdata                               0x080078d8   Section       36  stm32f4_discovery.o(.constdata)
    .constdata                               0x080078fc   Section      194  ff.o(.constdata)
    cvt                                      0x080078fc   Data         128  ff.o(.constdata)
    sstbl                                    0x0800797c   Data          44  ff.o(.constdata)
    cstbl                                    0x080079a8   Data          22  ff.o(.constdata)
    .data                                    0x20000000   Section        4  main.o(.data)
    .data                                    0x20000004   Section        8  stm32f4xx_it.o(.data)
    .data                                    0x2000000c   Section       20  system_stm32f4xx.o(.data)
    .data                                    0x20000020   Section        4  usb_bsp.o(.data)
    .data                                    0x20000024   Section        2  usbh_usr.o(.data)
    USBH_USR_ApplicationState                0x20000025   Data           1  usbh_usr.o(.data)
    .data                                    0x20000028   Section       72  usbh_usr.o(.data)
    .data                                    0x20000070   Section       36  waveplayer.o(.data)
    wavelen                                  0x20000074   Data           4  waveplayer.o(.data)
    SpeechDataOffset                         0x20000078   Data           4  waveplayer.o(.data)
    WaveFileName                             0x20000084   Data           4  waveplayer.o(.data)
    TimingDelay                              0x20000090   Data           4  waveplayer.o(.data)
    .data                                    0x20000094   Section        6  waveplayer.o(.data)
    .data                                    0x2000009c   Section       44  waverecorder.o(.data)
    AudioRecInited                           0x200000a8   Data           4  waverecorder.o(.data)
    InternalBufferSize                       0x200000bc   Data           4  waverecorder.o(.data)
    .data                                    0x200000c8   Section       20  stm32f4_discovery.o(.data)
    .data                                    0x200000dc   Section        4  stm32f4_discovery_lis302dl.o(.data)
    .data                                    0x200000e0   Section       64  stm32f4_discovery_audio_codec.o(.data)
    .data                                    0x20000120   Section       16  stm32f4xx_rcc.o(.data)
    APBAHBPrescTable                         0x20000120   Data          16  stm32f4xx_rcc.o(.data)
    .data                                    0x20000130   Section        1  usbh_msc_scsi.o(.data)
    status                                   0x20000130   Data           1  usbh_msc_scsi.o(.data)
    .data                                    0x20000134   Section       16  usbh_msc_bot.o(.data)
    error_direction                          0x20000134   Data           1  usbh_msc_bot.o(.data)
    remainingDataLength                      0x20000138   Data           4  usbh_msc_bot.o(.data)
    datapointer                              0x2000013c   Data           4  usbh_msc_bot.o(.data)
    BOTStallErrorCount                       0x20000140   Data           4  usbh_msc_bot.o(.data)
    .data                                    0x20000144   Section        2  usbh_msc_core.o(.data)
    maxLunExceed                             0x20000145   Data           1  usbh_msc_core.o(.data)
    .data                                    0x20000148   Section       16  usbh_msc_core.o(.data)
    .data                                    0x20000158   Section        1  usbh_msc_fatfs.o(.data)
    Stat                                     0x20000158   Data           1  usbh_msc_fatfs.o(.data)
    .data                                    0x2000015c   Section       16  usbh_core.o(.data)
    timeout                                  0x2000015c   Data           2  usbh_core.o(.data)
    .data                                    0x2000016c   Section        8  ff.o(.data)
    Fsid                                     0x2000016c   Data           2  ff.o(.data)
    FatFs                                    0x20000170   Data           4  ff.o(.data)
    .data                                    0x20000174   Section      772  pdm_filter.o(.data)
    .bss                                     0x20000478   Section     1348  main.o(.bss)
    .bss                                     0x200009bc   Section     1072  usbh_usr.o(.bss)
    .bss                                     0x20000dec   Section     1060  usbh_usr.o(.bss)
    .bss                                     0x20001210   Section     1060  usbh_usr.o(.bss)
    .bss                                     0x20001634   Section       28  usbh_usr.o(.bss)
    .bss                                     0x20001650   Section     4120  waveplayer.o(.bss)
    .bss                                     0x20002668   Section     6756  waverecorder.o(.bss)
    InternalBuffer                           0x2000404c   Data         128  waverecorder.o(.bss)
    .bss                                     0x200040cc   Section       60  stm32f4_discovery_audio_codec.o(.bss)
    .bss                                     0x20004108   Section      528  usbh_msc_scsi.o(.bss)
    .bss                                     0x20004318   Section       64  usbh_msc_bot.o(.bss)
    .bss                                     0x20004358   Section       74  usbh_msc_core.o(.bss)
    STACK                                    0x200043a8   Section     1024  startup_stm32f4xx.o(STACK)

    Global Symbols

    Symbol Name                              Value     Ov Type        Size  Object(Section)

    BuildAttributes$$THM_ISAv4$E$P$D$K$B$S$7EM$PE$A:L22UL41UL21$X:L11$S22US41US21$IEEE1$IW$USESV6$~STKCKD$USESV7$~SHL$OSPACE$ROPI$EBA8$MICROLIB$REQ8$PRES8$EABIv2 0x00000000   Number         0  anon$$obj.o ABSOLUTE
    __ARM_use_no_argv                        0x00000000   Number         0  main.o ABSOLUTE
    _clock_init                               - Undefined Weak Reference
    __Vectors_Size                           0x00000188   Number         0  startup_stm32f4xx.o ABSOLUTE
    __Vectors                                0x08000000   Data           4  startup_stm32f4xx.o(RESET)
    __Vectors_End                            0x08000188   Data           0  startup_stm32f4xx.o(RESET)
    __main                                   0x08000189   Thumb Code     0  entry.o(.ARM.Collect$$$$00000000)
    _main_stk                                0x08000189   Thumb Code     0  entry2.o(.ARM.Collect$$$$00000001)
    _main_scatterload                        0x0800018d   Thumb Code     0  entry5.o(.ARM.Collect$$$$00000004)
    __main_after_scatterload                 0x08000191   Thumb Code     0  entry5.o(.ARM.Collect$$$$00000004)
    _main_clock                              0x08000191   Thumb Code     0  entry7b.o(.ARM.Collect$$$$00000008)
    _main_init                               0x08000191   Thumb Code     0  entry8.o(.ARM.Collect$$$$00000009)
    Reset_Handler                            0x0800019d   Thumb Code     8  startup_stm32f4xx.o(.text)
    ADC_IRQHandler                           0x080001b7   Thumb Code     0  startup_stm32f4xx.o(.text)
    CAN1_RX0_IRQHandler                      0x080001b7   Thumb Code     0  startup_stm32f4xx.o(.text)
    CAN1_RX1_IRQHandler                      0x080001b7   Thumb Code     0  startup_stm32f4xx.o(.text)
    CAN1_SCE_IRQHandler                      0x080001b7   Thumb Code     0  startup_stm32f4xx.o(.text)
    CAN1_TX_IRQHandler                       0x080001b7   Thumb Code     0  startup_stm32f4xx.o(.text)
    CAN2_RX0_IRQHandler                      0x080001b7   Thumb Code     0  startup_stm32f4xx.o(.text)
    CAN2_RX1_IRQHandler                      0x080001b7   Thumb Code     0  startup_stm32f4xx.o(.text)
    CAN2_SCE_IRQHandler                      0x080001b7   Thumb Code     0  startup_stm32f4xx.o(.text)
    CAN2_TX_IRQHandler                       0x080001b7   Thumb Code     0  startup_stm32f4xx.o(.text)
    CRYP_IRQHandler                          0x080001b7   Thumb Code     0  startup_stm32f4xx.o(.text)
    DCMI_IRQHandler                          0x080001b7   Thumb Code     0  startup_stm32f4xx.o(.text)
    DMA1_Stream1_IRQHandler                  0x080001b7   Thumb Code     0  startup_stm32f4xx.o(.text)
    DMA1_Stream2_IRQHandler                  0x080001b7   Thumb Code     0  startup_stm32f4xx.o(.text)
    DMA1_Stream3_IRQHandler                  0x080001b7   Thumb Code     0  startup_stm32f4xx.o(.text)
    DMA1_Stream4_IRQHandler                  0x080001b7   Thumb Code     0  startup_stm32f4xx.o(.text)
    DMA1_Stream5_IRQHandler                  0x080001b7   Thumb Code     0  startup_stm32f4xx.o(.text)
    DMA1_Stream6_IRQHandler                  0x080001b7   Thumb Code     0  startup_stm32f4xx.o(.text)
    DMA2_Stream0_IRQHandler                  0x080001b7   Thumb Code     0  startup_stm32f4xx.o(.text)
    DMA2_Stream1_IRQHandler                  0x080001b7   Thumb Code     0  startup_stm32f4xx.o(.text)
    DMA2_Stream2_IRQHandler                  0x080001b7   Thumb Code     0  startup_stm32f4xx.o(.text)
    DMA2_Stream3_IRQHandler                  0x080001b7   Thumb Code     0  startup_stm32f4xx.o(.text)
    DMA2_Stream4_IRQHandler                  0x080001b7   Thumb Code     0  startup_stm32f4xx.o(.text)
    DMA2_Stream5_IRQHandler                  0x080001b7   Thumb Code     0  startup_stm32f4xx.o(.text)
    DMA2_Stream6_IRQHandler                  0x080001b7   Thumb Code     0  startup_stm32f4xx.o(.text)
    DMA2_Stream7_IRQHandler                  0x080001b7   Thumb Code     0  startup_stm32f4xx.o(.text)
    ETH_IRQHandler                           0x080001b7   Thumb Code     0  startup_stm32f4xx.o(.text)
    ETH_WKUP_IRQHandler                      0x080001b7   Thumb Code     0  startup_stm32f4xx.o(.text)
    EXTI15_10_IRQHandler                     0x080001b7   Thumb Code     0  startup_stm32f4xx.o(.text)
    EXTI2_IRQHandler                         0x080001b7   Thumb Code     0  startup_stm32f4xx.o(.text)
    EXTI3_IRQHandler                         0x080001b7   Thumb Code     0  startup_stm32f4xx.o(.text)
    EXTI4_IRQHandler                         0x080001b7   Thumb Code     0  startup_stm32f4xx.o(.text)
    EXTI9_5_IRQHandler                       0x080001b7   Thumb Code     0  startup_stm32f4xx.o(.text)
    FLASH_IRQHandler                         0x080001b7   Thumb Code     0  startup_stm32f4xx.o(.text)
    FPU_IRQHandler                           0x080001b7   Thumb Code     0  startup_stm32f4xx.o(.text)
    FSMC_IRQHandler                          0x080001b7   Thumb Code     0  startup_stm32f4xx.o(.text)
    HASH_RNG_IRQHandler                      0x080001b7   Thumb Code     0  startup_stm32f4xx.o(.text)
    I2C1_ER_IRQHandler                       0x080001b7   Thumb Code     0  startup_stm32f4xx.o(.text)
    I2C1_EV_IRQHandler                       0x080001b7   Thumb Code     0  startup_stm32f4xx.o(.text)
    I2C2_ER_IRQHandler                       0x080001b7   Thumb Code     0  startup_stm32f4xx.o(.text)
    I2C2_EV_IRQHandler                       0x080001b7   Thumb Code     0  startup_stm32f4xx.o(.text)
    I2C3_ER_IRQHandler                       0x080001b7   Thumb Code     0  startup_stm32f4xx.o(.text)
    I2C3_EV_IRQHandler                       0x080001b7   Thumb Code     0  startup_stm32f4xx.o(.text)
    OTG_FS_WKUP_IRQHandler                   0x080001b7   Thumb Code     0  startup_stm32f4xx.o(.text)
    OTG_HS_EP1_IN_IRQHandler                 0x080001b7   Thumb Code     0  startup_stm32f4xx.o(.text)
    OTG_HS_EP1_OUT_IRQHandler                0x080001b7   Thumb Code     0  startup_stm32f4xx.o(.text)
    OTG_HS_IRQHandler                        0x080001b7   Thumb Code     0  startup_stm32f4xx.o(.text)
    OTG_HS_WKUP_IRQHandler                   0x080001b7   Thumb Code     0  startup_stm32f4xx.o(.text)
    PVD_IRQHandler                           0x080001b7   Thumb Code     0  startup_stm32f4xx.o(.text)
    RCC_IRQHandler                           0x080001b7   Thumb Code     0  startup_stm32f4xx.o(.text)
    RTC_Alarm_IRQHandler                     0x080001b7   Thumb Code     0  startup_stm32f4xx.o(.text)
    RTC_WKUP_IRQHandler                      0x080001b7   Thumb Code     0  startup_stm32f4xx.o(.text)
    SDIO_IRQHandler                          0x080001b7   Thumb Code     0  startup_stm32f4xx.o(.text)
    SPI1_IRQHandler                          0x080001b7   Thumb Code     0  startup_stm32f4xx.o(.text)
    TAMP_STAMP_IRQHandler                    0x080001b7   Thumb Code     0  startup_stm32f4xx.o(.text)
    TIM1_BRK_TIM9_IRQHandler                 0x080001b7   Thumb Code     0  startup_stm32f4xx.o(.text)
    TIM1_CC_IRQHandler                       0x080001b7   Thumb Code     0  startup_stm32f4xx.o(.text)
    TIM1_TRG_COM_TIM11_IRQHandler            0x080001b7   Thumb Code     0  startup_stm32f4xx.o(.text)
    TIM1_UP_TIM10_IRQHandler                 0x080001b7   Thumb Code     0  startup_stm32f4xx.o(.text)
    TIM3_IRQHandler                          0x080001b7   Thumb Code     0  startup_stm32f4xx.o(.text)
    TIM5_IRQHandler                          0x080001b7   Thumb Code     0  startup_stm32f4xx.o(.text)
    TIM6_DAC_IRQHandler                      0x080001b7   Thumb Code     0  startup_stm32f4xx.o(.text)
    TIM7_IRQHandler                          0x080001b7   Thumb Code     0  startup_stm32f4xx.o(.text)
    TIM8_BRK_TIM12_IRQHandler                0x080001b7   Thumb Code     0  startup_stm32f4xx.o(.text)
    TIM8_CC_IRQHandler                       0x080001b7   Thumb Code     0  startup_stm32f4xx.o(.text)
    TIM8_TRG_COM_TIM14_IRQHandler            0x080001b7   Thumb Code     0  startup_stm32f4xx.o(.text)
    TIM8_UP_TIM13_IRQHandler                 0x080001b7   Thumb Code     0  startup_stm32f4xx.o(.text)
    UART4_IRQHandler                         0x080001b7   Thumb Code     0  startup_stm32f4xx.o(.text)
    UART5_IRQHandler                         0x080001b7   Thumb Code     0  startup_stm32f4xx.o(.text)
    USART1_IRQHandler                        0x080001b7   Thumb Code     0  startup_stm32f4xx.o(.text)
    USART2_IRQHandler                        0x080001b7   Thumb Code     0  startup_stm32f4xx.o(.text)
    USART3_IRQHandler                        0x080001b7   Thumb Code     0  startup_stm32f4xx.o(.text)
    USART6_IRQHandler                        0x080001b7   Thumb Code     0  startup_stm32f4xx.o(.text)
    WWDG_IRQHandler                          0x080001b7   Thumb Code     0  startup_stm32f4xx.o(.text)
    PDM_Filter_Init                          0x080001c1   Thumb Code   222  pdm_filter.o(.text)
    PDM_Filter_64_LSB                        0x0800029f   Thumb Code   660  pdm_filter.o(.text)
    PDM_Filter_80_LSB                        0x08000533   Thumb Code   692  pdm_filter.o(.text)
    PDM_Filter_64_MSB                        0x080007e7   Thumb Code   658  pdm_filter.o(.text)
    PDM_Filter_80_MSB                        0x08000a79   Thumb Code   830  pdm_filter.o(.text)
    __ARM_scalbnf                            0x08000dbd   Thumb Code    24  fscalb.o(.text)
    scalbnf                                  0x08000dbd   Thumb Code     0  fscalb.o(.text)
    __aeabi_dadd                             0x08000dd5   Thumb Code   320  dadd.o(.text)
    __aeabi_dsub                             0x08000f15   Thumb Code     6  dadd.o(.text)
    __aeabi_drsub                            0x08000f1b   Thumb Code     6  dadd.o(.text)
    __aeabi_dmul                             0x08000f21   Thumb Code   224  dmul.o(.text)
    __aeabi_ddiv                             0x08001001   Thumb Code   222  ddiv.o(.text)
    __aeabi_ui2d                             0x080010df   Thumb Code    26  dfltui.o(.text)
    __aeabi_d2uiz                            0x080010f9   Thumb Code    46  dfixui.o(.text)
    __aeabi_f2d                              0x08001127   Thumb Code    44  f2d.o(.text)
    __aeabi_llsl                             0x08001153   Thumb Code    30  llshl.o(.text)
    _ll_shift_l                              0x08001153   Thumb Code     0  llshl.o(.text)
    __aeabi_llsr                             0x08001171   Thumb Code    32  llushr.o(.text)
    _ll_ushift_r                             0x08001171   Thumb Code     0  llushr.o(.text)
    __aeabi_lasr                             0x08001191   Thumb Code    36  llsshr.o(.text)
    _ll_sshift_r                             0x08001191   Thumb Code     0  llsshr.o(.text)
    __I$use$fp                               0x080011b5   Thumb Code     0  iusefp.o(.text)
    _double_round                            0x080011b5   Thumb Code    26  depilogue.o(.text)
    _double_epilogue                         0x080011cf   Thumb Code   164  depilogue.o(.text)
    __scatterload                            0x08001275   Thumb Code    28  init.o(.text)
    __scatterload_rt2                        0x08001275   Thumb Code     0  init.o(.text)
    __decompress                             0x08001299   Thumb Code     0  __dczerorl2.o(.text)
    __decompress1                            0x08001299   Thumb Code    92  __dczerorl2.o(.text)
    Audio_MAL_Play                           0x08001459   Thumb Code    66  stm32f4_discovery_audio_codec.o(i.Audio_MAL_Play)
    BusFault_Handler                         0x08001537   Thumb Code     2  stm32f4xx_it.o(i.BusFault_Handler)
    COMMAND_AudioExecuteApplication          0x08001539   Thumb Code    32  usbh_usr.o(i.COMMAND_AudioExecuteApplication)
    Codec_TIMEOUT_UserCallback               0x080019c1   Thumb Code     4  waveplayer.o(i.Codec_TIMEOUT_UserCallback)
    DAC_Cmd                                  0x08001ae9   Thumb Code    20  stm32f4xx_dac.o(i.DAC_Cmd)
    DAC_Config                               0x08001b01   Thumb Code    70  stm32f4_discovery_audio_codec.o(i.DAC_Config)
    DAC_Init                                 0x08001b51   Thumb Code    36  stm32f4xx_dac.o(i.DAC_Init)
    DAC_SetChannel1Data                      0x08001b79   Thumb Code     8  stm32f4xx_dac.o(i.DAC_SetChannel1Data)
    DMA1_Stream0_IRQHandler                  0x08001b85   Thumb Code     4  stm32f4_discovery_audio_codec.o(i.DMA1_Stream0_IRQHandler)
    DMA1_Stream7_IRQHandler                  0x08001b89   Thumb Code     4  stm32f4_discovery_audio_codec.o(i.DMA1_Stream7_IRQHandler)
    DMA_ClearFlag                            0x08001b8d   Thumb Code    32  stm32f4xx_dma.o(i.DMA_ClearFlag)
    DMA_Cmd                                  0x08001bb9   Thumb Code    20  stm32f4xx_dma.o(i.DMA_Cmd)
    DMA_DeInit                               0x08001bcd   Thumb Code   270  stm32f4xx_dma.o(i.DMA_DeInit)
    DMA_GetCmdStatus                         0x08001cf1   Thumb Code    14  stm32f4xx_dma.o(i.DMA_GetCmdStatus)
    DMA_GetFlagStatus                        0x08001d01   Thumb Code    40  stm32f4xx_dma.o(i.DMA_GetFlagStatus)
    DMA_ITConfig                             0x08001d35   Thumb Code    44  stm32f4xx_dma.o(i.DMA_ITConfig)
    DMA_Init                                 0x08001d61   Thumb Code    80  stm32f4xx_dma.o(i.DMA_Init)
    DebugMon_Handler                         0x08001db5   Thumb Code     2  stm32f4xx_it.o(i.DebugMon_Handler)
    Delay                                    0x08001db9   Thumb Code    12  waveplayer.o(i.Delay)
    EVAL_AUDIO_GetSampleCallBack             0x08001dc9   Thumb Code     4  waveplayer.o(i.EVAL_AUDIO_GetSampleCallBack)
    EVAL_AUDIO_Init                          0x08001dcd   Thumb Code    40  stm32f4_discovery_audio_codec.o(i.EVAL_AUDIO_Init)
    EVAL_AUDIO_PauseResume                   0x08001df5   Thumb Code   116  stm32f4_discovery_audio_codec.o(i.EVAL_AUDIO_PauseResume)
    EVAL_AUDIO_SetAudioInterface             0x08001e71   Thumb Code   114  stm32f4_discovery_audio_codec.o(i.EVAL_AUDIO_SetAudioInterface)
    EVAL_AUDIO_Stop                          0x08001efd   Thumb Code   106  stm32f4_discovery_audio_codec.o(i.EVAL_AUDIO_Stop)
    EVAL_AUDIO_TransferComplete_CallBack     0x08001f75   Thumb Code    32  waveplayer.o(i.EVAL_AUDIO_TransferComplete_CallBack)
    EXTI0_IRQHandler                         0x08001f99   Thumb Code    56  stm32f4xx_it.o(i.EXTI0_IRQHandler)
    EXTI1_IRQHandler                         0x08001fdd   Thumb Code    46  stm32f4xx_it.o(i.EXTI1_IRQHandler)
    EXTI_ClearITPendingBit                   0x08002085   Thumb Code     6  stm32f4xx_exti.o(i.EXTI_ClearITPendingBit)
    EXTI_GetITStatus                         0x08002091   Thumb Code    28  stm32f4xx_exti.o(i.EXTI_GetITStatus)
    EXTI_Init                                0x080020b1   Thumb Code   108  stm32f4xx_exti.o(i.EXTI_Init)
    GPIO_Init                                0x08002121   Thumb Code   124  stm32f4xx_gpio.o(i.GPIO_Init)
    GPIO_PinAFConfig                         0x0800219d   Thumb Code    32  stm32f4xx_gpio.o(i.GPIO_PinAFConfig)
    GPIO_ResetBits                           0x080021bd   Thumb Code     4  stm32f4xx_gpio.o(i.GPIO_ResetBits)
    GPIO_SetBits                             0x080021c1   Thumb Code     4  stm32f4xx_gpio.o(i.GPIO_SetBits)
    GPIO_WriteBit                            0x080021c5   Thumb Code    10  stm32f4xx_gpio.o(i.GPIO_WriteBit)
    HCD_GetCurrentFrame                      0x080021cf   Thumb Code     8  usb_hcd.o(i.HCD_GetCurrentFrame)
    HCD_GetCurrentSpeed                      0x080021d7   Thumb Code    12  usb_hcd.o(i.HCD_GetCurrentSpeed)
    HCD_GetURB_State                         0x080021e3   Thumb Code     8  usb_hcd.o(i.HCD_GetURB_State)
    HCD_GetXferCnt                           0x080021eb   Thumb Code    10  usb_hcd.o(i.HCD_GetXferCnt)
    HCD_Init                                 0x080021f5   Thumb Code    86  usb_hcd.o(i.HCD_Init)
    HCD_IsDeviceConnected                    0x0800224b   Thumb Code     6  usb_hcd.o(i.HCD_IsDeviceConnected)
    HCD_ResetPort                            0x08002251   Thumb Code    10  usb_hcd.o(i.HCD_ResetPort)
    HCD_SubmitRequest                        0x0800225b   Thumb Code    20  usb_hcd.o(i.HCD_SubmitRequest)
    HardFault_Handler                        0x0800226f   Thumb Code     2  stm32f4xx_it.o(i.HardFault_Handler)
    I2C_AcknowledgeConfig                    0x08002271   Thumb Code    20  stm32f4xx_i2c.o(i.I2C_AcknowledgeConfig)
    I2C_CheckEvent                           0x08002285   Thumb Code    24  stm32f4xx_i2c.o(i.I2C_CheckEvent)
    I2C_ClearFlag                            0x0800229d   Thumb Code     6  stm32f4xx_i2c.o(i.I2C_ClearFlag)
    I2C_Cmd                                  0x080022a3   Thumb Code    20  stm32f4xx_i2c.o(i.I2C_Cmd)
    I2C_DeInit                               0x080022b9   Thumb Code    56  stm32f4xx_i2c.o(i.I2C_DeInit)
    I2C_GenerateSTART                        0x080022fd   Thumb Code    20  stm32f4xx_i2c.o(i.I2C_GenerateSTART)
    I2C_GenerateSTOP                         0x08002311   Thumb Code    20  stm32f4xx_i2c.o(i.I2C_GenerateSTOP)
    I2C_GetFlagStatus                        0x08002325   Thumb Code    30  stm32f4xx_i2c.o(i.I2C_GetFlagStatus)
    I2C_Init                                 0x08002345   Thumb Code   172  stm32f4xx_i2c.o(i.I2C_Init)
    I2C_ReceiveData                          0x080023f9   Thumb Code     6  stm32f4xx_i2c.o(i.I2C_ReceiveData)
    I2C_Send7bitAddress                      0x080023ff   Thumb Code    16  stm32f4xx_i2c.o(i.I2C_Send7bitAddress)
    I2C_SendData                             0x0800240f   Thumb Code     4  stm32f4xx_i2c.o(i.I2C_SendData)
    I2S_Cmd                                  0x08002413   Thumb Code    20  stm32f4xx_spi.o(i.I2S_Cmd)
    I2S_Init                                 0x08002429   Thumb Code   184  stm32f4xx_spi.o(i.I2S_Init)
    LIS302DL_Init                            0x080024e9   Thumb Code    48  stm32f4_discovery_lis302dl.o(i.LIS302DL_Init)
    LIS302DL_InterruptConfig                 0x08002519   Thumb Code    46  stm32f4_discovery_lis302dl.o(i.LIS302DL_InterruptConfig)
    LIS302DL_Read                            0x08002669   Thumb Code    70  stm32f4_discovery_lis302dl.o(i.LIS302DL_Read)
    LIS302DL_TIMEOUT_UserCallback            0x08002719   Thumb Code     2  waveplayer.o(i.LIS302DL_TIMEOUT_UserCallback)
    LIS302DL_Write                           0x0800271d   Thumb Code    64  stm32f4_discovery_lis302dl.o(i.LIS302DL_Write)
    MemManage_Handler                        0x08002761   Thumb Code     2  stm32f4xx_it.o(i.MemManage_Handler)
    NMI_Handler                              0x0800281f   Thumb Code     2  stm32f4xx_it.o(i.NMI_Handler)
    NVIC_Init                                0x08002821   Thumb Code    92  misc.o(i.NVIC_Init)
    NVIC_PriorityGroupConfig                 0x08002885   Thumb Code    10  misc.o(i.NVIC_PriorityGroupConfig)
    NVIC_SetVectorTable                      0x08002899   Thumb Code    12  misc.o(i.NVIC_SetVectorTable)
    OTG_FS_IRQHandler                        0x080028ad   Thumb Code     6  stm32f4xx_it.o(i.OTG_FS_IRQHandler)
    PendSV_Handler                           0x080028b9   Thumb Code     2  stm32f4xx_it.o(i.PendSV_Handler)
    RCC_AHB1PeriphClockCmd                   0x080028bd   Thumb Code    18  stm32f4xx_rcc.o(i.RCC_AHB1PeriphClockCmd)
    RCC_AHB2PeriphClockCmd                   0x080028d5   Thumb Code    18  stm32f4xx_rcc.o(i.RCC_AHB2PeriphClockCmd)
    RCC_APB1PeriphClockCmd                   0x080028ed   Thumb Code    18  stm32f4xx_rcc.o(i.RCC_APB1PeriphClockCmd)
    RCC_APB1PeriphResetCmd                   0x08002905   Thumb Code    18  stm32f4xx_rcc.o(i.RCC_APB1PeriphResetCmd)
    RCC_APB2PeriphClockCmd                   0x0800291d   Thumb Code    18  stm32f4xx_rcc.o(i.RCC_APB2PeriphClockCmd)
    RCC_APB2PeriphResetCmd                   0x08002935   Thumb Code    18  stm32f4xx_rcc.o(i.RCC_APB2PeriphResetCmd)
    RCC_GetClocksFreq                        0x0800294d   Thumb Code   134  stm32f4xx_rcc.o(i.RCC_GetClocksFreq)
    ReadUnit                                 0x080029e1   Thumb Code    34  waveplayer.o(i.ReadUnit)
    SPI2_IRQHandler                          0x08002a05   Thumb Code    64  waverecorder.o(i.SPI2_IRQHandler)
    SPI3_IRQHandler                          0x08002a55   Thumb Code    54  stm32f4_discovery_audio_codec.o(i.SPI3_IRQHandler)
    SPI_Cmd                                  0x08002a95   Thumb Code    20  stm32f4xx_spi.o(i.SPI_Cmd)
    SPI_I2S_DMACmd                           0x08002aa9   Thumb Code    16  stm32f4xx_spi.o(i.SPI_I2S_DMACmd)
    SPI_I2S_DeInit                           0x08002ab9   Thumb Code    72  stm32f4xx_spi.o(i.SPI_I2S_DeInit)
    SPI_I2S_GetFlagStatus                    0x08002b0d   Thumb Code    14  stm32f4xx_spi.o(i.SPI_I2S_GetFlagStatus)
    SPI_I2S_GetITStatus                      0x08002b1b   Thumb Code    40  stm32f4xx_spi.o(i.SPI_I2S_GetITStatus)
    SPI_I2S_ITConfig                         0x08002b43   Thumb Code    24  stm32f4xx_spi.o(i.SPI_I2S_ITConfig)
    SPI_I2S_ReceiveData                      0x08002b5b   Thumb Code     4  stm32f4xx_spi.o(i.SPI_I2S_ReceiveData)
    SPI_I2S_SendData                         0x08002b5f   Thumb Code     4  stm32f4xx_spi.o(i.SPI_I2S_SendData)
    SPI_Init                                 0x08002b63   Thumb Code    56  stm32f4xx_spi.o(i.SPI_Init)
    STM_EVAL_LEDInit                         0x08002b9d   Thumb Code    62  stm32f4_discovery.o(i.STM_EVAL_LEDInit)
    STM_EVAL_LEDOff                          0x08002be5   Thumb Code    16  stm32f4_discovery.o(i.STM_EVAL_LEDOff)
    STM_EVAL_LEDOn                           0x08002bfd   Thumb Code    16  stm32f4_discovery.o(i.STM_EVAL_LEDOn)
    STM_EVAL_LEDToggle                       0x08002c15   Thumb Code    20  stm32f4_discovery.o(i.STM_EVAL_LEDToggle)
    STM_EVAL_PBInit                          0x08002c31   Thumb Code   144  stm32f4_discovery.o(i.STM_EVAL_PBInit)
    SVC_Handler                              0x08002cc9   Thumb Code     2  stm32f4xx_it.o(i.SVC_Handler)
    SYSCFG_EXTILineConfig                    0x08002ccd   Thumb Code    34  stm32f4xx_syscfg.o(i.SYSCFG_EXTILineConfig)
    SysTick_Handler                          0x08002db5   Thumb Code    24  stm32f4xx_it.o(i.SysTick_Handler)
    SystemInit                               0x08002dd5   Thumb Code    62  system_stm32f4xx.o(i.SystemInit)
    TIM2_IRQHandler                          0x08002e25   Thumb Code     4  stm32f4xx_it.o(i.TIM2_IRQHandler)
    TIM4_IRQHandler                          0x08002e29   Thumb Code   196  stm32f4xx_it.o(i.TIM4_IRQHandler)
    TIM_ARRPreloadConfig                     0x08002f01   Thumb Code    20  stm32f4xx_tim.o(i.TIM_ARRPreloadConfig)
    TIM_ClearITPendingBit                    0x08002f15   Thumb Code     6  stm32f4xx_tim.o(i.TIM_ClearITPendingBit)
    TIM_Cmd                                  0x08002f1b   Thumb Code    20  stm32f4xx_tim.o(i.TIM_Cmd)
    TIM_GetCapture1                          0x08002f2f   Thumb Code     4  stm32f4xx_tim.o(i.TIM_GetCapture1)
    TIM_GetITStatus                          0x08002f33   Thumb Code    22  stm32f4xx_tim.o(i.TIM_GetITStatus)
    TIM_ITConfig                             0x08002f49   Thumb Code    16  stm32f4xx_tim.o(i.TIM_ITConfig)
    TIM_OC1Init                              0x08003015   Thumb Code    88  stm32f4xx_tim.o(i.TIM_OC1Init)
    TIM_OC1PreloadConfig                     0x08003075   Thumb Code    12  stm32f4xx_tim.o(i.TIM_OC1PreloadConfig)
    TIM_SetCompare1                          0x08003081   Thumb Code     4  stm32f4xx_tim.o(i.TIM_SetCompare1)
    TIM_TimeBaseInit                         0x08003085   Thumb Code    96  stm32f4xx_tim.o(i.TIM_TimeBaseInit)
    TimingDelay_Decrement                    0x08003101   Thumb Code    16  waveplayer.o(i.TimingDelay_Decrement)
    USBH_Alloc_Channel                       0x08003115   Thumb Code    52  usbh_hcs.o(i.USBH_Alloc_Channel)
    USBH_BulkReceiveData                     0x08003149   Thumb Code    40  usbh_ioreq.o(i.USBH_BulkReceiveData)
    USBH_BulkSendData                        0x08003171   Thumb Code    46  usbh_ioreq.o(i.USBH_BulkSendData)
    USBH_ClrFeature                          0x0800319f   Thumb Code    46  usbh_stdreq.o(i.USBH_ClrFeature)
    USBH_Connect                             0x080031cd   Thumb Code    18  usbh_core.o(i.USBH_Connect)
    USBH_CtlReceiveData                      0x080031df   Thumb Code    36  usbh_ioreq.o(i.USBH_CtlReceiveData)
    USBH_CtlReq                              0x08003203   Thumb Code    80  usbh_ioreq.o(i.USBH_CtlReq)
    USBH_CtlSendData                         0x08003255   Thumb Code    58  usbh_ioreq.o(i.USBH_CtlSendData)
    USBH_CtlSendSetup                        0x0800328f   Thumb Code    40  usbh_ioreq.o(i.USBH_CtlSendSetup)
    USBH_DeAllocate_AllChannel               0x080032b7   Thumb Code    24  usbh_hcs.o(i.USBH_DeAllocate_AllChannel)
    USBH_DeInit                              0x080032cf   Thumb Code    52  usbh_core.o(i.USBH_DeInit)
    USBH_Disconnect                          0x08003303   Thumb Code    18  usbh_core.o(i.USBH_Disconnect)
    USBH_ErrorHandle                         0x08003315   Thumb Code    44  usbh_core.o(i.USBH_ErrorHandle)
    USBH_Free_Channel                        0x08003341   Thumb Code    26  usbh_hcs.o(i.USBH_Free_Channel)
    USBH_GetDescriptor                       0x0800335b   Thumb Code    48  usbh_stdreq.o(i.USBH_GetDescriptor)
    USBH_Get_CfgDesc                         0x08003399   Thumb Code    56  usbh_stdreq.o(i.USBH_Get_CfgDesc)
    USBH_Get_DevDesc                         0x080033d1   Thumb Code   132  usbh_stdreq.o(i.USBH_Get_DevDesc)
    USBH_Get_StringDesc                      0x08003455   Thumb Code    74  usbh_stdreq.o(i.USBH_Get_StringDesc)
    USBH_HandleControl                       0x080034a1   Thumb Code   458  usbh_core.o(i.USBH_HandleControl)
    USBH_Init                                0x08003809   Thumb Code    84  usbh_core.o(i.USBH_Init)
    USBH_MSC_BOT_Abort                       0x08003861   Thumb Code    48  usbh_msc_bot.o(i.USBH_MSC_BOT_Abort)
    USBH_MSC_DecodeCSW                       0x080038a5   Thumb Code    78  usbh_msc_bot.o(i.USBH_MSC_DecodeCSW)
    USBH_MSC_ErrorHandle                     0x08003901   Thumb Code    42  usbh_msc_core.o(i.USBH_MSC_ErrorHandle)
    USBH_MSC_HandleBOTXfer                   0x08003a9d   Thumb Code   504  usbh_msc_bot.o(i.USBH_MSC_HandleBOTXfer)
    USBH_MSC_Init                            0x08003ca1   Thumb Code    40  usbh_msc_bot.o(i.USBH_MSC_Init)
    USBH_MSC_ModeSense6                      0x08003db5   Thumb Code   142  usbh_msc_scsi.o(i.USBH_MSC_ModeSense6)
    USBH_MSC_Read10                          0x08003e51   Thumb Code   208  usbh_msc_scsi.o(i.USBH_MSC_Read10)
    USBH_MSC_ReadCapacity10                  0x08003f2d   Thumb Code   148  usbh_msc_scsi.o(i.USBH_MSC_ReadCapacity10)
    USBH_MSC_RequestSense                    0x08003fcd   Thumb Code   146  usbh_msc_scsi.o(i.USBH_MSC_RequestSense)
    USBH_MSC_TestUnitReady                   0x0800406d   Thumb Code   116  usbh_msc_scsi.o(i.USBH_MSC_TestUnitReady)
    USBH_MSC_Write10                         0x080040ed   Thumb Code   158  usbh_msc_scsi.o(i.USBH_MSC_Write10)
    USBH_Modify_Channel                      0x08004195   Thumb Code    50  usbh_hcs.o(i.USBH_Modify_Channel)
    USBH_OTG_ISR_Handler                     0x080041c7   Thumb Code   168  usb_hcd_int.o(i.USBH_OTG_ISR_Handler)
    USBH_Open_Channel                        0x0800426f   Thumb Code    82  usbh_hcs.o(i.USBH_Open_Channel)
    USBH_Process                             0x080043ab   Thumb Code   404  usbh_core.o(i.USBH_Process)
    USBH_SetAddress                          0x0800453f   Thumb Code    24  usbh_stdreq.o(i.USBH_SetAddress)
    USBH_SetCfg                              0x08004557   Thumb Code    24  usbh_stdreq.o(i.USBH_SetCfg)
    USBH_USR_Configuration_DescAvailable     0x0800456f   Thumb Code     2  usbh_usr.o(i.USBH_USR_Configuration_DescAvailable)
    USBH_USR_DeInit                          0x08004571   Thumb Code     8  usbh_usr.o(i.USBH_USR_DeInit)
    USBH_USR_DeviceAddressAssigned           0x0800457d   Thumb Code     2  usbh_usr.o(i.USBH_USR_DeviceAddressAssigned)
    USBH_USR_DeviceAttached                  0x08004581   Thumb Code    40  usbh_usr.o(i.USBH_USR_DeviceAttached)
    USBH_USR_DeviceDisconnected              0x080045b5   Thumb Code    72  usbh_usr.o(i.USBH_USR_DeviceDisconnected)
    USBH_USR_DeviceNotSupported              0x08004611   Thumb Code     2  usbh_usr.o(i.USBH_USR_DeviceNotSupported)
    USBH_USR_DeviceSpeedDetected             0x08004613   Thumb Code     2  usbh_usr.o(i.USBH_USR_DeviceSpeedDetected)
    USBH_USR_Device_DescAvailable            0x08004615   Thumb Code     2  usbh_usr.o(i.USBH_USR_Device_DescAvailable)
    USBH_USR_EnumerationDone                 0x08004617   Thumb Code    18  usbh_usr.o(i.USBH_USR_EnumerationDone)
    USBH_USR_Init                            0x08004629   Thumb Code     2  usbh_usr.o(i.USBH_USR_Init)
    USBH_USR_MSC_Application                 0x0800462d   Thumb Code    62  usbh_usr.o(i.USBH_USR_MSC_Application)
    USBH_USR_Manufacturer_String             0x08004679   Thumb Code     2  usbh_usr.o(i.USBH_USR_Manufacturer_String)
    USBH_USR_OverCurrentDetected             0x0800467b   Thumb Code     2  usbh_usr.o(i.USBH_USR_OverCurrentDetected)
    USBH_USR_Product_String                  0x0800467d   Thumb Code     2  usbh_usr.o(i.USBH_USR_Product_String)
    USBH_USR_ResetDevice                     0x0800467f   Thumb Code     2  usbh_usr.o(i.USBH_USR_ResetDevice)
    USBH_USR_SerialNum_String                0x08004681   Thumb Code     2  usbh_usr.o(i.USBH_USR_SerialNum_String)
    USBH_USR_UnrecoveredError                0x08004683   Thumb Code     2  usbh_usr.o(i.USBH_USR_UnrecoveredError)
    USBH_USR_UserInput                       0x08004685   Thumb Code     4  usbh_usr.o(i.USBH_USR_UserInput)
    USB_OTG_BSP_ConfigVBUS                   0x08004689   Thumb Code    60  usb_bsp.o(i.USB_OTG_BSP_ConfigVBUS)
    USB_OTG_BSP_DriveVBUS                    0x080046c9   Thumb Code    18  usb_bsp.o(i.USB_OTG_BSP_DriveVBUS)
    USB_OTG_BSP_EnableInterrupt              0x080046e1   Thumb Code    64  usb_bsp.o(i.USB_OTG_BSP_EnableInterrupt)
    USB_OTG_BSP_Init                         0x08004721   Thumb Code   180  usb_bsp.o(i.USB_OTG_BSP_Init)
    USB_OTG_BSP_TimerIRQ                     0x080047d9   Thumb Code    50  usb_bsp.o(i.USB_OTG_BSP_TimerIRQ)
    USB_OTG_BSP_mDelay                       0x08004811   Thumb Code     6  usb_bsp.o(i.USB_OTG_BSP_mDelay)
    USB_OTG_BSP_uDelay                       0x08004817   Thumb Code     6  usb_bsp.o(i.USB_OTG_BSP_uDelay)
    USB_OTG_CoreInit                         0x0800481d   Thumb Code   218  usb_core.o(i.USB_OTG_CoreInit)
    USB_OTG_CoreInitHost                     0x080048f9   Thumb Code   150  usb_core.o(i.USB_OTG_CoreInitHost)
    USB_OTG_DisableGlobalInt                 0x080049e9   Thumb Code    16  usb_core.o(i.USB_OTG_DisableGlobalInt)
    USB_OTG_DriveVbus                        0x080049f9   Thumb Code    60  usb_core.o(i.USB_OTG_DriveVbus)
    USB_OTG_EnableGlobalInt                  0x08004a35   Thumb Code    16  usb_core.o(i.USB_OTG_EnableGlobalInt)
    USB_OTG_EnableHostInt                    0x08004a45   Thumb Code    62  usb_core.o(i.USB_OTG_EnableHostInt)
    USB_OTG_FlushRxFifo                      0x08004a89   Thumb Code    52  usb_core.o(i.USB_OTG_FlushRxFifo)
    USB_OTG_FlushTxFifo                      0x08004ac1   Thumb Code    60  usb_core.o(i.USB_OTG_FlushTxFifo)
    USB_OTG_HC_DoPing                        0x08004b01   Thumb Code    42  usb_core.o(i.USB_OTG_HC_DoPing)
    USB_OTG_HC_Halt                          0x08004b2b   Thumb Code    60  usb_core.o(i.USB_OTG_HC_Halt)
    USB_OTG_HC_Init                          0x08004b69   Thumb Code   230  usb_core.o(i.USB_OTG_HC_Init)
    USB_OTG_HC_StartXfer                     0x08004c4f   Thumb Code   258  usb_core.o(i.USB_OTG_HC_StartXfer)
    USB_OTG_InitFSLSPClkSel                  0x08004d51   Thumb Code    12  usb_core.o(i.USB_OTG_InitFSLSPClkSel)
    USB_OTG_IsEvenFrame                      0x08004d5d   Thumb Code    12  usb_core.o(i.USB_OTG_IsEvenFrame)
    USB_OTG_IsHostMode                       0x08004d69   Thumb Code    16  usb_core.o(i.USB_OTG_IsHostMode)
    USB_OTG_ReadCoreItr                      0x08004d79   Thumb Code    10  usb_core.o(i.USB_OTG_ReadCoreItr)
    USB_OTG_ReadHPRT0                        0x08004d83   Thumb Code    12  usb_core.o(i.USB_OTG_ReadHPRT0)
    USB_OTG_ReadHostAllChannels_intr         0x08004d8f   Thumb Code     6  usb_core.o(i.USB_OTG_ReadHostAllChannels_intr)
    USB_OTG_ReadPacket                       0x08004d95   Thumb Code    32  usb_core.o(i.USB_OTG_ReadPacket)
    USB_OTG_ResetPort                        0x08004db5   Thumb Code    42  usb_core.o(i.USB_OTG_ResetPort)
    USB_OTG_SelectCore                       0x08004de1   Thumb Code   188  usb_core.o(i.USB_OTG_SelectCore)
    USB_OTG_SetCurrentMode                   0x08004ea1   Thumb Code    42  usb_core.o(i.USB_OTG_SetCurrentMode)
    USB_OTG_WritePacket                      0x08005c09   Thumb Code    40  usb_core.o(i.USB_OTG_WritePacket)
    UsageFault_Handler                       0x08005c31   Thumb Code     2  stm32f4xx_it.o(i.UsageFault_Handler)
    WavaRecorderHeaderInit                   0x08005c33   Thumb Code   180  waverecorder.o(i.WavaRecorderHeaderInit)
    WavePlayBack                             0x08005ce9   Thumb Code   266  waveplayer.o(i.WavePlayBack)
    WavePlayerInit                           0x08005e21   Thumb Code    34  waveplayer.o(i.WavePlayerInit)
    WavePlayerStart                          0x08005e49   Thumb Code   136  waveplayer.o(i.WavePlayerStart)
    WavePlayer_CallBack                      0x08005f09   Thumb Code    76  waveplayer.o(i.WavePlayer_CallBack)
    WaveRecorderInit                         0x080060e1   Thumb Code   256  waverecorder.o(i.WaveRecorderInit)
    WaveRecorderStart                        0x08006201   Thumb Code    40  waverecorder.o(i.WaveRecorderStart)
    WaveRecorderStop                         0x08006231   Thumb Code    24  waverecorder.o(i.WaveRecorderStop)
    WaveRecorderUpdate                       0x08006251   Thumb Code   494  waverecorder.o(i.WaveRecorderUpdate)
    __scatterload_copy                       0x08006475   Thumb Code    14  handlers.o(i.__scatterload_copy)
    __scatterload_null                       0x08006483   Thumb Code     2  handlers.o(i.__scatterload_null)
    __scatterload_zeroinit                   0x08006485   Thumb Code    14  handlers.o(i.__scatterload_zeroinit)
    chk_mounted                              0x080064f1   Thumb Code   472  ff.o(i.chk_mounted)
    clust2sect                               0x080066d5   Thumb Code    24  ff.o(i.clust2sect)
    disk_initialize                          0x08006af5   Thumb Code    24  usbh_msc_fatfs.o(i.disk_initialize)
    disk_ioctl                               0x08006b15   Thumb Code    56  usbh_msc_fatfs.o(i.disk_ioctl)
    disk_read                                0x08006b55   Thumb Code    86  usbh_msc_fatfs.o(i.disk_read)
    disk_status                              0x08006bb9   Thumb Code    12  usbh_msc_fatfs.o(i.disk_status)
    disk_write                               0x08006bc9   Thumb Code    96  usbh_msc_fatfs.o(i.disk_write)
    f_close                                  0x08006c35   Thumb Code    18  ff.o(i.f_close)
    f_lseek                                  0x08006c47   Thumb Code   344  ff.o(i.f_lseek)
    f_mount                                  0x08006da1   Thumb Code    26  ff.o(i.f_mount)
    f_open                                   0x08006dc1   Thumb Code   330  ff.o(i.f_open)
    f_opendir                                0x08006f0b   Thumb Code    78  ff.o(i.f_opendir)
    f_read                                   0x08006f59   Thumb Code   372  ff.o(i.f_read)
    f_sync                                   0x080070cd   Thumb Code   164  ff.o(i.f_sync)
    f_unlink                                 0x08007171   Thumb Code   144  ff.o(i.f_unlink)
    f_write                                  0x08007201   Thumb Code   434  ff.o(i.f_write)
    get_fat                                  0x0800746f   Thumb Code   206  ff.o(i.get_fat)
    get_fattime                              0x0800753d   Thumb Code     4  fattime.o(i.get_fattime)
    main                                     0x08007541   Thumb Code   134  main.o(i.main)
    put_fat                                  0x0800766b   Thumb Code   308  ff.o(i.put_fat)
    BUTTON_PORT_SOURCE                       0x080078d8   Data           1  stm32f4_discovery.o(.constdata)
    BUTTON_PIN_SOURCE                        0x080078d9   Data           1  stm32f4_discovery.o(.constdata)
    BUTTON_IRQn                              0x080078da   Data           1  stm32f4_discovery.o(.constdata)
    BUTTON_PIN                               0x080078dc   Data           2  stm32f4_discovery.o(.constdata)
    BUTTON_EXTI_LINE                         0x080078de   Data           2  stm32f4_discovery.o(.constdata)
    BUTTON_CLK                               0x080078e0   Data           4  stm32f4_discovery.o(.constdata)
    GPIO_PIN                                 0x080078e4   Data           8  stm32f4_discovery.o(.constdata)
    GPIO_CLK                                 0x080078ec   Data          16  stm32f4_discovery.o(.constdata)
    Region$$Table$$Base                      0x080079c0   Number         0  anon$$obj.o(Region$$Table)
    Region$$Table$$Limit                     0x080079e0   Number         0  anon$$obj.o(Region$$Table)
    RepeatState                              0x20000000   Data           1  main.o(.data)
    CCR_Val                                  0x20000002   Data           2  main.o(.data)
    PauseResumeStatus                        0x20000004   Data           1  stm32f4xx_it.o(.data)
    Count                                    0x20000005   Data           1  stm32f4xx_it.o(.data)
    LED_Toggle                               0x20000006   Data           1  stm32f4xx_it.o(.data)
    capture                                  0x20000008   Data           2  stm32f4xx_it.o(.data)
    Time_Rec_Base                            0x2000000a   Data           2  stm32f4xx_it.o(.data)
    SystemCoreClock                          0x2000000c   Data           4  system_stm32f4xx.o(.data)
    AHBPrescTable                            0x20000010   Data          16  system_stm32f4xx.o(.data)
    BSP_delay                                0x20000020   Data           4  usb_bsp.o(.data)
    Command_index                            0x20000024   Data           1  usbh_usr.o(.data)
    USR_Callbacks                            0x20000028   Data          72  usbh_usr.o(.data)
    WaveFileStatus                           0x20000070   Data           1  waveplayer.o(.data)
    buffer_switch                            0x20000071   Data           1  waveplayer.o(.data)
    volume                                   0x20000072   Data           1  waveplayer.o(.data)
    AudioPlayStart                           0x20000073   Data           1  waveplayer.o(.data)
    XferCplt                                 0x2000007c   Data           4  waveplayer.o(.data)
    WaveDataLength                           0x20000080   Data           4  waveplayer.o(.data)
    BytesRead                                0x20000088   Data           4  waveplayer.o(.data)
    WaveCounter                              0x2000008c   Data           4  waveplayer.o(.data)
    Buffer                                   0x20000094   Data           6  waveplayer.o(.data)
    WaveRecStatus                            0x2000009c   Data           1  waverecorder.o(.data)
    Switch                                   0x2000009d   Data           1  waverecorder.o(.data)
    buf_idx                                  0x2000009e   Data           2  waverecorder.o(.data)
    buf_idx1                                 0x200000a0   Data           2  waverecorder.o(.data)
    counter                                  0x200000a2   Data           2  waverecorder.o(.data)
    bytesWritten                             0x200000a4   Data           2  waverecorder.o(.data)
    AudioRecBitRes                           0x200000ac   Data           4  waverecorder.o(.data)
    Data_Status                              0x200000b0   Data           4  waverecorder.o(.data)
    AudioRecChnlNbr                          0x200000b4   Data           4  waverecorder.o(.data)
    AudioRecCurrSize                         0x200000b8   Data           4  waverecorder.o(.data)
    writebuffer                              0x200000c0   Data           4  waverecorder.o(.data)
    pAudioRecBuf                             0x200000c4   Data           4  waverecorder.o(.data)
    BUTTON_PORT                              0x200000c8   Data           4  stm32f4_discovery.o(.data)
    GPIO_PORT                                0x200000cc   Data          16  stm32f4_discovery.o(.data)
    LIS302DLTimeout                          0x200000dc   Data           4  stm32f4_discovery_lis302dl.o(.data)
    OutputDev                                0x200000e0   Data           1  stm32f4_discovery_audio_codec.o(.data)
    AudioTotalSize                           0x200000e4   Data           4  stm32f4_discovery_audio_codec.o(.data)
    AudioRemSize                             0x200000e8   Data           4  stm32f4_discovery_audio_codec.o(.data)
    CODECTimeout                             0x200000ec   Data           4  stm32f4_discovery_audio_codec.o(.data)
    CurrAudioInterface                       0x200000f0   Data           4  stm32f4_discovery_audio_codec.o(.data)
    AUDIO_MAL_DMA_CLOCK                      0x200000f4   Data           4  stm32f4_discovery_audio_codec.o(.data)
    AUDIO_MAL_DMA_STREAM                     0x200000f8   Data           4  stm32f4_discovery_audio_codec.o(.data)
    AUDIO_MAL_DMA_DREG                       0x200000fc   Data           4  stm32f4_discovery_audio_codec.o(.data)
    AUDIO_MAL_DMA_CHANNEL                    0x20000100   Data           4  stm32f4_discovery_audio_codec.o(.data)
    AUDIO_MAL_DMA_IRQ                        0x20000104   Data           4  stm32f4_discovery_audio_codec.o(.data)
    AUDIO_MAL_DMA_FLAG_TC                    0x20000108   Data           4  stm32f4_discovery_audio_codec.o(.data)
    AUDIO_MAL_DMA_FLAG_HT                    0x2000010c   Data           4  stm32f4_discovery_audio_codec.o(.data)
    AUDIO_MAL_DMA_FLAG_FE                    0x20000110   Data           4  stm32f4_discovery_audio_codec.o(.data)
    AUDIO_MAL_DMA_FLAG_TE                    0x20000114   Data           4  stm32f4_discovery_audio_codec.o(.data)
    AUDIO_MAL_DMA_FLAG_DME                   0x20000118   Data           4  stm32f4_discovery_audio_codec.o(.data)
    CurrentPos                               0x2000011c   Data           4  stm32f4_discovery_audio_codec.o(.data)
    MSCErrorCount                            0x20000144   Data           1  usbh_msc_core.o(.data)
    USBH_MSC_cb                              0x20000148   Data          16  usbh_msc_core.o(.data)
    USBH_DeviceConnStatus_cb                 0x20000160   Data          12  usbh_core.o(.data)
    stm32_crc                                0x20000174   Data           4  pdm_filter.o(.data)
    T0                                       0x20000178   Data         256  pdm_filter.o(.data)
    T1                                       0x20000278   Data         256  pdm_filter.o(.data)
    T2                                       0x20000378   Data         256  pdm_filter.o(.data)
    USB_OTG_Core                             0x20000478   Data        1200  main.o(.bss)
    USB_Host                                 0x20000928   Data         132  main.o(.bss)
    RCC_Clocks                               0x200009ac   Data          16  main.o(.bss)
    fatfs                                    0x200009bc   Data        1072  usbh_usr.o(.bss)
    file                                     0x20000dec   Data        1060  usbh_usr.o(.bss)
    fileR                                    0x20001210   Data        1060  usbh_usr.o(.bss)
    dir                                      0x20001634   Data          28  usbh_usr.o(.bss)
    buffer1                                  0x20001650   Data        2048  waveplayer.o(.bss)
    buffer2                                  0x20001e50   Data        2048  waveplayer.o(.bss)
    WAVE_Format                              0x20002650   Data          24  waveplayer.o(.bss)
    RAM_Buf                                  0x20002668   Data        3000  waverecorder.o(.bss)
    RAM_Buf1                                 0x20003220   Data        3000  waverecorder.o(.bss)
    Filter                                   0x20003dd8   Data          52  waverecorder.o(.bss)
    RecBuf                                   0x20003e0c   Data          32  waverecorder.o(.bss)
    RecBuf1                                  0x20003e2c   Data          32  waverecorder.o(.bss)
    RecBufHeader                             0x20003e4c   Data         512  waverecorder.o(.bss)
    DMA_InitStructure                        0x200040cc   Data          60  stm32f4_discovery_audio_codec.o(.bss)
    USBH_MSC_Param                           0x20004108   Data          16  usbh_msc_scsi.o(.bss)
    USBH_DataInBuffer                        0x20004118   Data         512  usbh_msc_scsi.o(.bss)
    USBH_MSC_CBWData                         0x20004318   Data          32  usbh_msc_bot.o(.bss)
    USBH_MSC_CSWData                         0x20004338   Data          16  usbh_msc_bot.o(.bss)
    USBH_MSC_BOTXferParam                    0x20004348   Data          16  usbh_msc_bot.o(.bss)
    MSC_Machine                              0x20004358   Data          74  usbh_msc_core.o(.bss)
    __initial_sp                             0x200047a8   Data           0  startup_stm32f4xx.o(STACK)



==============================================================================

Memory Map of the image

  Image Entry point : 0x08000189

  Load Region LR_IROM1 (Base: 0x08000000, Size: 0x00007e58, Max: 0x00100000, ABSOLUTE, COMPRESSED[0x00007c98])

    Execution Region ER_IROM1 (Base: 0x08000000, Size: 0x000079e0, Max: 0x00100000, ABSOLUTE)

    Base Addr    Size         Type   Attr      Idx    E Section Name        Object

    0x08000000   0x00000188   Data   RO         3141    RESET               startup_stm32f4xx.o
    0x08000188   0x00000000   Code   RO         4144  * .ARM.Collect$$$$00000000  mc_w.l(entry.o)
    0x08000188   0x00000004   Code   RO         4161    .ARM.Collect$$$$00000001  mc_w.l(entry2.o)
    0x0800018c   0x00000004   Code   RO         4164    .ARM.Collect$$$$00000004  mc_w.l(entry5.o)
    0x08000190   0x00000000   Code   RO         4166    .ARM.Collect$$$$00000008  mc_w.l(entry7b.o)
    0x08000190   0x00000008   Code   RO         4167    .ARM.Collect$$$$00000009  mc_w.l(entry8.o)
    0x08000198   0x00000004   Code   RO         4162    .ARM.Collect$$$$00002712  mc_w.l(entry2.o)
    0x0800019c   0x00000024   Code   RO         3142    .text               startup_stm32f4xx.o
    0x080001c0   0x00000bfc   Code   RO         4141    .text               libPDMFilter_Keil.lib(pdm_filter.o)
    0x08000dbc   0x00000018   Code   RO         4147    .text               mf_w.l(fscalb.o)
    0x08000dd4   0x0000014c   Code   RO         4149    .text               mf_w.l(dadd.o)
    0x08000f20   0x000000e0   Code   RO         4151    .text               mf_w.l(dmul.o)
    0x08001000   0x000000de   Code   RO         4153    .text               mf_w.l(ddiv.o)
    0x080010de   0x0000001a   Code   RO         4155    .text               mf_w.l(dfltui.o)
    0x080010f8   0x0000002e   Code   RO         4157    .text               mf_w.l(dfixui.o)
    0x08001126   0x0000002c   Code   RO         4159    .text               mf_w.l(f2d.o)
    0x08001152   0x0000001e   Code   RO         4168    .text               mc_w.l(llshl.o)
    0x08001170   0x00000020   Code   RO         4170    .text               mc_w.l(llushr.o)
    0x08001190   0x00000024   Code   RO         4172    .text               mc_w.l(llsshr.o)
    0x080011b4   0x00000000   Code   RO         4174    .text               mc_w.l(iusefp.o)
    0x080011b4   0x000000be   Code   RO         4175    .text               mf_w.l(depilogue.o)
    0x08001272   0x00000002   PAD
    0x08001274   0x00000024   Code   RO         4177    .text               mc_w.l(init.o)
    0x08001298   0x0000005c   Code   RO         4187    .text               mc_w.l(__dczerorl2.o)
    0x080012f4   0x0000009c   Code   RO          903    i.Audio_MAL_IRQHandler  stm32f4_discovery_audio_codec.o
    0x08001390   0x000000c8   Code   RO          904    i.Audio_MAL_Init    stm32f4_discovery_audio_codec.o
    0x08001458   0x00000050   Code   RO          905    i.Audio_MAL_Play    stm32f4_discovery_audio_codec.o
    0x080014a8   0x00000024   Code   RO          378    i.BSP_Delay         usb_bsp.o
    0x080014cc   0x0000006a   Code   RO          380    i.BSP_SetTime       usb_bsp.o
    0x08001536   0x00000002   Code   RO          247    i.BusFault_Handler  stm32f4xx_it.o
    0x08001538   0x00000028   Code   RO          450    i.COMMAND_AudioExecuteApplication  usbh_usr.o
    0x08001560   0x0000006c   Code   RO          906    i.Codec_AudioInterface_Init  stm32f4_discovery_audio_codec.o
    0x080015cc   0x0000011c   Code   RO          908    i.Codec_GPIO_Init   stm32f4_discovery_audio_codec.o
    0x080016e8   0x00000128   Code   RO          909    i.Codec_Init        stm32f4_discovery_audio_codec.o
    0x08001810   0x00000018   Code   RO          910    i.Codec_Mute        stm32f4_discovery_audio_codec.o
    0x08001828   0x00000170   Code   RO          911    i.Codec_ReadRegister  stm32f4_discovery_audio_codec.o
    0x08001998   0x00000028   Code   RO          912    i.Codec_Reset       stm32f4_discovery_audio_codec.o
    0x080019c0   0x00000004   Code   RO          592    i.Codec_TIMEOUT_UserCallback  waveplayer.o
    0x080019c4   0x00000024   Code   RO          913    i.Codec_VolumeCtrl  stm32f4_discovery_audio_codec.o
    0x080019e8   0x00000100   Code   RO          914    i.Codec_WriteRegister  stm32f4_discovery_audio_codec.o
    0x08001ae8   0x00000018   Code   RO         1377    i.DAC_Cmd           stm32f4xx_dac.o
    0x08001b00   0x00000050   Code   RO          915    i.DAC_Config        stm32f4_discovery_audio_codec.o
    0x08001b50   0x00000028   Code   RO         1385    i.DAC_Init          stm32f4xx_dac.o
    0x08001b78   0x0000000c   Code   RO         1386    i.DAC_SetChannel1Data  stm32f4xx_dac.o
    0x08001b84   0x00000004   Code   RO          916    i.DMA1_Stream0_IRQHandler  stm32f4_discovery_audio_codec.o
    0x08001b88   0x00000004   Code   RO          917    i.DMA1_Stream7_IRQHandler  stm32f4_discovery_audio_codec.o
    0x08001b8c   0x0000002c   Code   RO         1487    i.DMA_ClearFlag     stm32f4xx_dma.o
    0x08001bb8   0x00000014   Code   RO         1489    i.DMA_Cmd           stm32f4xx_dma.o
    0x08001bcc   0x00000124   Code   RO         1490    i.DMA_DeInit        stm32f4xx_dma.o
    0x08001cf0   0x0000000e   Code   RO         1494    i.DMA_GetCmdStatus  stm32f4xx_dma.o
    0x08001cfe   0x00000002   PAD
    0x08001d00   0x00000034   Code   RO         1498    i.DMA_GetFlagStatus  stm32f4xx_dma.o
    0x08001d34   0x0000002c   Code   RO         1500    i.DMA_ITConfig      stm32f4xx_dma.o
    0x08001d60   0x00000054   Code   RO         1501    i.DMA_Init          stm32f4xx_dma.o
    0x08001db4   0x00000002   Code   RO          248    i.DebugMon_Handler  stm32f4xx_it.o
    0x08001db6   0x00000002   PAD
    0x08001db8   0x00000010   Code   RO          593    i.Delay             waveplayer.o
    0x08001dc8   0x00000004   Code   RO          595    i.EVAL_AUDIO_GetSampleCallBack  waveplayer.o
    0x08001dcc   0x00000028   Code   RO          919    i.EVAL_AUDIO_Init   stm32f4_discovery_audio_codec.o
    0x08001df4   0x0000007c   Code   RO          921    i.EVAL_AUDIO_PauseResume  stm32f4_discovery_audio_codec.o
    0x08001e70   0x0000008c   Code   RO          923    i.EVAL_AUDIO_SetAudioInterface  stm32f4_discovery_audio_codec.o
    0x08001efc   0x00000078   Code   RO          924    i.EVAL_AUDIO_Stop   stm32f4_discovery_audio_codec.o
    0x08001f74   0x00000024   Code   RO          597    i.EVAL_AUDIO_TransferComplete_CallBack  waveplayer.o
    0x08001f98   0x00000044   Code   RO          249    i.EXTI0_IRQHandler  stm32f4xx_it.o
    0x08001fdc   0x00000034   Code   RO          250    i.EXTI1_IRQHandler  stm32f4xx_it.o
    0x08002010   0x00000074   Code   RO          598    i.EXTILine_Config   waveplayer.o
    0x08002084   0x0000000c   Code   RO         1612    i.EXTI_ClearITPendingBit  stm32f4xx_exti.o
    0x08002090   0x00000020   Code   RO         1616    i.EXTI_GetITStatus  stm32f4xx_exti.o
    0x080020b0   0x00000070   Code   RO         1617    i.EXTI_Init         stm32f4xx_exti.o
    0x08002120   0x0000007c   Code   RO         1860    i.GPIO_Init         stm32f4xx_gpio.o
    0x0800219c   0x00000020   Code   RO         1861    i.GPIO_PinAFConfig  stm32f4xx_gpio.o
    0x080021bc   0x00000004   Code   RO         1867    i.GPIO_ResetBits    stm32f4xx_gpio.o
    0x080021c0   0x00000004   Code   RO         1868    i.GPIO_SetBits      stm32f4xx_gpio.o
    0x080021c4   0x0000000a   Code   RO         1872    i.GPIO_WriteBit     stm32f4xx_gpio.o
    0x080021ce   0x00000008   Code   RO         3386    i.HCD_GetCurrentFrame  usb_hcd.o
    0x080021d6   0x0000000c   Code   RO         3387    i.HCD_GetCurrentSpeed  usb_hcd.o
    0x080021e2   0x00000008   Code   RO         3389    i.HCD_GetURB_State  usb_hcd.o
    0x080021ea   0x0000000a   Code   RO         3390    i.HCD_GetXferCnt    usb_hcd.o
    0x080021f4   0x00000056   Code   RO         3392    i.HCD_Init          usb_hcd.o
    0x0800224a   0x00000006   Code   RO         3393    i.HCD_IsDeviceConnected  usb_hcd.o
    0x08002250   0x0000000a   Code   RO         3394    i.HCD_ResetPort     usb_hcd.o
    0x0800225a   0x00000014   Code   RO         3395    i.HCD_SubmitRequest  usb_hcd.o
    0x0800226e   0x00000002   Code   RO          251    i.HardFault_Handler  stm32f4xx_it.o
    0x08002270   0x00000014   Code   RO         1954    i.I2C_AcknowledgeConfig  stm32f4xx_i2c.o
    0x08002284   0x00000018   Code   RO         1956    i.I2C_CheckEvent    stm32f4xx_i2c.o
    0x0800229c   0x00000006   Code   RO         1957    i.I2C_ClearFlag     stm32f4xx_i2c.o
    0x080022a2   0x00000014   Code   RO         1959    i.I2C_Cmd           stm32f4xx_i2c.o
    0x080022b6   0x00000002   PAD
    0x080022b8   0x00000044   Code   RO         1962    i.I2C_DeInit        stm32f4xx_i2c.o
    0x080022fc   0x00000014   Code   RO         1966    i.I2C_GenerateSTART  stm32f4xx_i2c.o
    0x08002310   0x00000014   Code   RO         1967    i.I2C_GenerateSTOP  stm32f4xx_i2c.o
    0x08002324   0x0000001e   Code   RO         1968    i.I2C_GetFlagStatus  stm32f4xx_i2c.o
    0x08002342   0x00000002   PAD
    0x08002344   0x000000b4   Code   RO         1973    i.I2C_Init          stm32f4xx_i2c.o
    0x080023f8   0x00000006   Code   RO         1978    i.I2C_ReceiveData   stm32f4xx_i2c.o
    0x080023fe   0x00000010   Code   RO         1980    i.I2C_Send7bitAddress  stm32f4xx_i2c.o
    0x0800240e   0x00000004   Code   RO         1981    i.I2C_SendData      stm32f4xx_i2c.o
    0x08002412   0x00000014   Code   RO         2437    i.I2S_Cmd           stm32f4xx_spi.o
    0x08002426   0x00000002   PAD
    0x08002428   0x000000c0   Code   RO         2439    i.I2S_Init          stm32f4xx_spi.o
    0x080024e8   0x00000030   Code   RO          823    i.LIS302DL_Init     stm32f4_discovery_lis302dl.o
    0x08002518   0x0000002e   Code   RO          824    i.LIS302DL_InterruptConfig  stm32f4_discovery_lis302dl.o
    0x08002546   0x00000002   PAD
    0x08002548   0x00000120   Code   RO          825    i.LIS302DL_LowLevel_Init  stm32f4_discovery_lis302dl.o
    0x08002668   0x0000004c   Code   RO          827    i.LIS302DL_Read     stm32f4_discovery_lis302dl.o
    0x080026b4   0x00000064   Code   RO          830    i.LIS302DL_SendByte  stm32f4_discovery_lis302dl.o
    0x08002718   0x00000002   Code   RO          599    i.LIS302DL_TIMEOUT_UserCallback  waveplayer.o
    0x0800271a   0x00000002   PAD
    0x0800271c   0x00000044   Code   RO          831    i.LIS302DL_Write    stm32f4_discovery_lis302dl.o
    0x08002760   0x00000002   Code   RO          252    i.MemManage_Handler  stm32f4xx_it.o
    0x08002762   0x000000bc   Code   RO          600    i.Mems_Config       waveplayer.o
    0x0800281e   0x00000002   Code   RO          253    i.NMI_Handler       stm32f4xx_it.o
    0x08002820   0x00000064   Code   RO         1097    i.NVIC_Init         misc.o
    0x08002884   0x00000014   Code   RO         1098    i.NVIC_PriorityGroupConfig  misc.o
    0x08002898   0x00000014   Code   RO         1099    i.NVIC_SetVectorTable  misc.o
    0x080028ac   0x0000000c   Code   RO          254    i.OTG_FS_IRQHandler  stm32f4xx_it.o
    0x080028b8   0x00000002   Code   RO          255    i.PendSV_Handler    stm32f4xx_it.o
    0x080028ba   0x00000002   PAD
    0x080028bc   0x00000018   Code   RO         2161    i.RCC_AHB1PeriphClockCmd  stm32f4xx_rcc.o
    0x080028d4   0x00000018   Code   RO         2164    i.RCC_AHB2PeriphClockCmd  stm32f4xx_rcc.o
    0x080028ec   0x00000018   Code   RO         2170    i.RCC_APB1PeriphClockCmd  stm32f4xx_rcc.o
    0x08002904   0x00000018   Code   RO         2172    i.RCC_APB1PeriphResetCmd  stm32f4xx_rcc.o
    0x0800291c   0x00000018   Code   RO         2173    i.RCC_APB2PeriphClockCmd  stm32f4xx_rcc.o
    0x08002934   0x00000018   Code   RO         2175    i.RCC_APB2PeriphResetCmd  stm32f4xx_rcc.o
    0x0800294c   0x00000094   Code   RO         2182    i.RCC_GetClocksFreq  stm32f4xx_rcc.o
    0x080029e0   0x00000022   Code   RO          601    i.ReadUnit          waveplayer.o
    0x08002a02   0x00000002   PAD
    0x08002a04   0x00000050   Code   RO          719    i.SPI2_IRQHandler   waverecorder.o
    0x08002a54   0x00000040   Code   RO          926    i.SPI3_IRQHandler   stm32f4_discovery_audio_codec.o
    0x08002a94   0x00000014   Code   RO         2443    i.SPI_Cmd           stm32f4xx_spi.o
    0x08002aa8   0x00000010   Code   RO         2449    i.SPI_I2S_DMACmd    stm32f4xx_spi.o
    0x08002ab8   0x00000054   Code   RO         2450    i.SPI_I2S_DeInit    stm32f4xx_spi.o
    0x08002b0c   0x0000000e   Code   RO         2451    i.SPI_I2S_GetFlagStatus  stm32f4xx_spi.o
    0x08002b1a   0x00000028   Code   RO         2452    i.SPI_I2S_GetITStatus  stm32f4xx_spi.o
    0x08002b42   0x00000018   Code   RO         2453    i.SPI_I2S_ITConfig  stm32f4xx_spi.o
    0x08002b5a   0x00000004   Code   RO         2454    i.SPI_I2S_ReceiveData  stm32f4xx_spi.o
    0x08002b5e   0x00000004   Code   RO         2455    i.SPI_I2S_SendData  stm32f4xx_spi.o
    0x08002b62   0x00000038   Code   RO         2456    i.SPI_Init          stm32f4xx_spi.o
    0x08002b9a   0x00000002   PAD
    0x08002b9c   0x00000048   Code   RO          769    i.STM_EVAL_LEDInit  stm32f4_discovery.o
    0x08002be4   0x00000018   Code   RO          770    i.STM_EVAL_LEDOff   stm32f4_discovery.o
    0x08002bfc   0x00000018   Code   RO          771    i.STM_EVAL_LEDOn    stm32f4_discovery.o
    0x08002c14   0x0000001c   Code   RO          772    i.STM_EVAL_LEDToggle  stm32f4_discovery.o
    0x08002c30   0x00000098   Code   RO          774    i.STM_EVAL_PBInit   stm32f4_discovery.o
    0x08002cc8   0x00000002   Code   RO          256    i.SVC_Handler       stm32f4xx_it.o
    0x08002cca   0x00000002   PAD
    0x08002ccc   0x00000028   Code   RO         1054    i.SYSCFG_EXTILineConfig  stm32f4xx_syscfg.o
    0x08002cf4   0x000000c0   Code   RO          345    i.SetSysClock       system_stm32f4xx.o
    0x08002db4   0x00000020   Code   RO          257    i.SysTick_Handler   stm32f4xx_it.o
    0x08002dd4   0x00000050   Code   RO          347    i.SystemInit        system_stm32f4xx.o
    0x08002e24   0x00000004   Code   RO          258    i.TIM2_IRQHandler   stm32f4xx_it.o
    0x08002e28   0x000000d8   Code   RO          259    i.TIM4_IRQHandler   stm32f4xx_it.o
    0x08002f00   0x00000014   Code   RO         2599    i.TIM_ARRPreloadConfig  stm32f4xx_tim.o
    0x08002f14   0x00000006   Code   RO         2606    i.TIM_ClearITPendingBit  stm32f4xx_tim.o
    0x08002f1a   0x00000014   Code   RO         2611    i.TIM_Cmd           stm32f4xx_tim.o
    0x08002f2e   0x00000004   Code   RO         2626    i.TIM_GetCapture1   stm32f4xx_tim.o
    0x08002f32   0x00000016   Code   RO         2632    i.TIM_GetITStatus   stm32f4xx_tim.o
    0x08002f48   0x00000010   Code   RO         2636    i.TIM_ITConfig      stm32f4xx_tim.o
    0x08002f58   0x000000bc   Code   RO          122    i.TIM_LED_Config    main.o
    0x08003014   0x00000060   Code   RO         2640    i.TIM_OC1Init       stm32f4xx_tim.o
    0x08003074   0x0000000c   Code   RO         2643    i.TIM_OC1PreloadConfig  stm32f4xx_tim.o
    0x08003080   0x00000004   Code   RO         2673    i.TIM_SetCompare1   stm32f4xx_tim.o
    0x08003084   0x0000007c   Code   RO         2683    i.TIM_TimeBaseInit  stm32f4xx_tim.o
    0x08003100   0x00000014   Code   RO          602    i.TimingDelay_Decrement  waveplayer.o
    0x08003114   0x00000034   Code   RO         3774    i.USBH_Alloc_Channel  usbh_hcs.o
    0x08003148   0x00000028   Code   RO         3814    i.USBH_BulkReceiveData  usbh_ioreq.o
    0x08003170   0x0000002e   Code   RO         3815    i.USBH_BulkSendData  usbh_ioreq.o
    0x0800319e   0x0000002e   Code   RO         3652    i.USBH_ClrFeature   usbh_stdreq.o
    0x080031cc   0x00000012   Code   RO         3714    i.USBH_Connect      usbh_core.o
    0x080031de   0x00000024   Code   RO         3816    i.USBH_CtlReceiveData  usbh_ioreq.o
    0x08003202   0x00000050   Code   RO         3817    i.USBH_CtlReq       usbh_ioreq.o
    0x08003252   0x00000002   PAD
    0x08003254   0x0000003a   Code   RO         3818    i.USBH_CtlSendData  usbh_ioreq.o
    0x0800328e   0x00000028   Code   RO         3819    i.USBH_CtlSendSetup  usbh_ioreq.o
    0x080032b6   0x00000018   Code   RO         3775    i.USBH_DeAllocate_AllChannel  usbh_hcs.o
    0x080032ce   0x00000034   Code   RO         3715    i.USBH_DeInit       usbh_core.o
    0x08003302   0x00000012   Code   RO         3716    i.USBH_Disconnect   usbh_core.o
    0x08003314   0x0000002c   Code   RO         3717    i.USBH_ErrorHandle  usbh_core.o
    0x08003340   0x0000001a   Code   RO         3776    i.USBH_Free_Channel  usbh_hcs.o
    0x0800335a   0x00000030   Code   RO         3653    i.USBH_GetDescriptor  usbh_stdreq.o
    0x0800338a   0x0000000e   Code   RO         3654    i.USBH_GetNextDesc  usbh_stdreq.o
    0x08003398   0x00000038   Code   RO         3655    i.USBH_Get_CfgDesc  usbh_stdreq.o
    0x080033d0   0x00000084   Code   RO         3656    i.USBH_Get_DevDesc  usbh_stdreq.o
    0x08003454   0x0000004a   Code   RO         3657    i.USBH_Get_StringDesc  usbh_stdreq.o
    0x0800349e   0x00000002   PAD
    0x080034a0   0x000001d0   Code   RO         3718    i.USBH_HandleControl  usbh_core.o
    0x08003670   0x00000198   Code   RO         3719    i.USBH_HandleEnum   usbh_core.o
    0x08003808   0x00000058   Code   RO         3720    i.USBH_Init         usbh_core.o
    0x08003860   0x00000038   Code   RO         3520    i.USBH_MSC_BOT_Abort  usbh_msc_bot.o
    0x08003898   0x0000000c   Code   RO         3561    i.USBH_MSC_ClassRequest  usbh_msc_core.o
    0x080038a4   0x0000005c   Code   RO         3521    i.USBH_MSC_DecodeCSW  usbh_msc_bot.o
    0x08003900   0x00000034   Code   RO         3562    i.USBH_MSC_ErrorHandle  usbh_msc_core.o
    0x08003934   0x00000168   Code   RO         3563    i.USBH_MSC_Handle   usbh_msc_core.o
    0x08003a9c   0x00000204   Code   RO         3522    i.USBH_MSC_HandleBOTXfer  usbh_msc_bot.o
    0x08003ca0   0x0000003c   Code   RO         3523    i.USBH_MSC_Init     usbh_msc_bot.o
    0x08003cdc   0x00000038   Code   RO         3564    i.USBH_MSC_InterfaceDeInit  usbh_msc_core.o
    0x08003d14   0x000000a0   Code   RO         3565    i.USBH_MSC_InterfaceInit  usbh_msc_core.o
    0x08003db4   0x0000009c   Code   RO         3456    i.USBH_MSC_ModeSense6  usbh_msc_scsi.o
    0x08003e50   0x000000dc   Code   RO         3457    i.USBH_MSC_Read10   usbh_msc_scsi.o
    0x08003f2c   0x000000a0   Code   RO         3458    i.USBH_MSC_ReadCapacity10  usbh_msc_scsi.o
    0x08003fcc   0x000000a0   Code   RO         3459    i.USBH_MSC_RequestSense  usbh_msc_scsi.o
    0x0800406c   0x00000080   Code   RO         3460    i.USBH_MSC_TestUnitReady  usbh_msc_scsi.o
    0x080040ec   0x000000a8   Code   RO         3461    i.USBH_MSC_Write10  usbh_msc_scsi.o
    0x08004194   0x00000032   Code   RO         3777    i.USBH_Modify_Channel  usbh_hcs.o
    0x080041c6   0x000000a8   Code   RO         3320    i.USBH_OTG_ISR_Handler  usb_hcd_int.o
    0x0800426e   0x00000052   Code   RO         3778    i.USBH_Open_Channel  usbh_hcs.o
    0x080042c0   0x000000ea   Code   RO         3658    i.USBH_ParseCfgDesc  usbh_stdreq.o
    0x080043aa   0x00000194   Code   RO         3721    i.USBH_Process      usbh_core.o
    0x0800453e   0x00000018   Code   RO         3659    i.USBH_SetAddress   usbh_stdreq.o
    0x08004556   0x00000018   Code   RO         3660    i.USBH_SetCfg       usbh_stdreq.o
    0x0800456e   0x00000002   Code   RO          451    i.USBH_USR_Configuration_DescAvailable  usbh_usr.o
    0x08004570   0x0000000c   Code   RO          452    i.USBH_USR_DeInit   usbh_usr.o
    0x0800457c   0x00000002   Code   RO          453    i.USBH_USR_DeviceAddressAssigned  usbh_usr.o
    0x0800457e   0x00000002   PAD
    0x08004580   0x00000034   Code   RO          454    i.USBH_USR_DeviceAttached  usbh_usr.o
    0x080045b4   0x0000005c   Code   RO          455    i.USBH_USR_DeviceDisconnected  usbh_usr.o
    0x08004610   0x00000002   Code   RO          456    i.USBH_USR_DeviceNotSupported  usbh_usr.o
    0x08004612   0x00000002   Code   RO          457    i.USBH_USR_DeviceSpeedDetected  usbh_usr.o
    0x08004614   0x00000002   Code   RO          458    i.USBH_USR_Device_DescAvailable  usbh_usr.o
    0x08004616   0x00000012   Code   RO          459    i.USBH_USR_EnumerationDone  usbh_usr.o
    0x08004628   0x00000002   Code   RO          460    i.USBH_USR_Init     usbh_usr.o
    0x0800462a   0x00000002   PAD
    0x0800462c   0x0000004c   Code   RO          461    i.USBH_USR_MSC_Application  usbh_usr.o
    0x08004678   0x00000002   Code   RO          462    i.USBH_USR_Manufacturer_String  usbh_usr.o
    0x0800467a   0x00000002   Code   RO          463    i.USBH_USR_OverCurrentDetected  usbh_usr.o
    0x0800467c   0x00000002   Code   RO          464    i.USBH_USR_Product_String  usbh_usr.o
    0x0800467e   0x00000002   Code   RO          465    i.USBH_USR_ResetDevice  usbh_usr.o
    0x08004680   0x00000002   Code   RO          466    i.USBH_USR_SerialNum_String  usbh_usr.o
    0x08004682   0x00000002   Code   RO          467    i.USBH_USR_UnrecoveredError  usbh_usr.o
    0x08004684   0x00000004   Code   RO          468    i.USBH_USR_UserInput  usbh_usr.o
    0x08004688   0x00000040   Code   RO          381    i.USB_OTG_BSP_ConfigVBUS  usb_bsp.o
    0x080046c8   0x00000018   Code   RO          382    i.USB_OTG_BSP_DriveVBUS  usb_bsp.o
    0x080046e0   0x00000040   Code   RO          383    i.USB_OTG_BSP_EnableInterrupt  usb_bsp.o
    0x08004720   0x000000b8   Code   RO          384    i.USB_OTG_BSP_Init  usb_bsp.o
    0x080047d8   0x00000038   Code   RO          385    i.USB_OTG_BSP_TimerIRQ  usb_bsp.o
    0x08004810   0x00000006   Code   RO          386    i.USB_OTG_BSP_mDelay  usb_bsp.o
    0x08004816   0x00000006   Code   RO          387    i.USB_OTG_BSP_uDelay  usb_bsp.o
    0x0800481c   0x000000da   Code   RO         3147    i.USB_OTG_CoreInit  usb_core.o
    0x080048f6   0x00000002   PAD
    0x080048f8   0x00000096   Code   RO         3148    i.USB_OTG_CoreInitHost  usb_core.o
    0x0800498e   0x00000002   PAD
    0x08004990   0x00000058   Code   RO         3149    i.USB_OTG_CoreReset  usb_core.o
    0x080049e8   0x00000010   Code   RO         3150    i.USB_OTG_DisableGlobalInt  usb_core.o
    0x080049f8   0x0000003c   Code   RO         3151    i.USB_OTG_DriveVbus  usb_core.o
    0x08004a34   0x00000010   Code   RO         3152    i.USB_OTG_EnableGlobalInt  usb_core.o
    0x08004a44   0x00000044   Code   RO         3153    i.USB_OTG_EnableHostInt  usb_core.o
    0x08004a88   0x00000038   Code   RO         3154    i.USB_OTG_FlushRxFifo  usb_core.o
    0x08004ac0   0x00000040   Code   RO         3155    i.USB_OTG_FlushTxFifo  usb_core.o
    0x08004b00   0x0000002a   Code   RO         3157    i.USB_OTG_HC_DoPing  usb_core.o
    0x08004b2a   0x0000003c   Code   RO         3158    i.USB_OTG_HC_Halt   usb_core.o
    0x08004b66   0x00000002   PAD
    0x08004b68   0x000000e6   Code   RO         3159    i.USB_OTG_HC_Init   usb_core.o
    0x08004c4e   0x00000102   Code   RO         3160    i.USB_OTG_HC_StartXfer  usb_core.o
    0x08004d50   0x0000000c   Code   RO         3161    i.USB_OTG_InitFSLSPClkSel  usb_core.o
    0x08004d5c   0x0000000c   Code   RO         3163    i.USB_OTG_IsEvenFrame  usb_core.o
    0x08004d68   0x00000010   Code   RO         3164    i.USB_OTG_IsHostMode  usb_core.o
    0x08004d78   0x0000000a   Code   RO         3165    i.USB_OTG_ReadCoreItr  usb_core.o
    0x08004d82   0x0000000c   Code   RO         3166    i.USB_OTG_ReadHPRT0  usb_core.o
    0x08004d8e   0x00000006   Code   RO         3167    i.USB_OTG_ReadHostAllChannels_intr  usb_core.o
    0x08004d94   0x00000020   Code   RO         3169    i.USB_OTG_ReadPacket  usb_core.o
    0x08004db4   0x0000002a   Code   RO         3170    i.USB_OTG_ResetPort  usb_core.o
    0x08004dde   0x00000002   PAD
    0x08004de0   0x000000c0   Code   RO         3171    i.USB_OTG_SelectCore  usb_core.o
    0x08004ea0   0x0000002a   Code   RO         3172    i.USB_OTG_SetCurrentMode  usb_core.o
    0x08004eca   0x0000002e   Code   RO         3321    i.USB_OTG_USBH_handle_Disconnect_ISR  usb_hcd_int.o
    0x08004ef8   0x00000046   Code   RO         3322    i.USB_OTG_USBH_handle_IncompletePeriodicXfer_ISR  usb_hcd_int.o
    0x08004f3e   0x00000056   Code   RO         3323    i.USB_OTG_USBH_handle_hc_ISR  usb_hcd_int.o
    0x08004f94   0x00000428   Code   RO         3324    i.USB_OTG_USBH_handle_hc_n_In_ISR  usb_hcd_int.o
    0x080053bc   0x00000388   Code   RO         3325    i.USB_OTG_USBH_handle_hc_n_Out_ISR  usb_hcd_int.o
    0x08005744   0x00000128   Code   RO         3326    i.USB_OTG_USBH_handle_nptxfempty_ISR  usb_hcd_int.o
    0x0800586c   0x00000118   Code   RO         3327    i.USB_OTG_USBH_handle_port_ISR  usb_hcd_int.o
    0x08005984   0x0000012a   Code   RO         3328    i.USB_OTG_USBH_handle_ptxfempty_ISR  usb_hcd_int.o
    0x08005aae   0x0000013e   Code   RO         3329    i.USB_OTG_USBH_handle_rx_qlvl_ISR  usb_hcd_int.o
    0x08005bec   0x0000001c   Code   RO         3330    i.USB_OTG_USBH_handle_sof_ISR  usb_hcd_int.o
    0x08005c08   0x00000028   Code   RO         3174    i.USB_OTG_WritePacket  usb_core.o
    0x08005c30   0x00000002   Code   RO          260    i.UsageFault_Handler  stm32f4xx_it.o
    0x08005c32   0x000000b4   Code   RO          720    i.WavaRecorderHeaderInit  waverecorder.o
    0x08005ce6   0x00000002   PAD
    0x08005ce8   0x00000138   Code   RO          603    i.WavePlayBack      waveplayer.o
    0x08005e20   0x00000028   Code   RO          604    i.WavePlayerInit    waveplayer.o
    0x08005e48   0x000000c0   Code   RO          606    i.WavePlayerStart   waveplayer.o
    0x08005f08   0x00000064   Code   RO          608    i.WavePlayer_CallBack  waveplayer.o
    0x08005f6c   0x00000174   Code   RO          609    i.WavePlayer_WaveParsing  waveplayer.o
    0x080060e0   0x00000120   Code   RO          721    i.WaveRecorderInit  waverecorder.o
    0x08006200   0x00000030   Code   RO          722    i.WaveRecorderStart  waverecorder.o
    0x08006230   0x00000020   Code   RO          723    i.WaveRecorderStop  waverecorder.o
    0x08006250   0x00000224   Code   RO          724    i.WaveRecorderUpdate  waverecorder.o
    0x08006474   0x0000000e   Code   RO         4181    i.__scatterload_copy  mc_w.l(handlers.o)
    0x08006482   0x00000002   Code   RO         4182    i.__scatterload_null  mc_w.l(handlers.o)
    0x08006484   0x0000000e   Code   RO         4183    i.__scatterload_zeroinit  mc_w.l(handlers.o)
    0x08006492   0x00000002   PAD
    0x08006494   0x0000005c   Code   RO         3872    i.check_fs          ff.o
    0x080064f0   0x000001e4   Code   RO         3873    i.chk_mounted       ff.o
    0x080066d4   0x00000018   Code   RO         3874    i.clust2sect        ff.o
    0x080066ec   0x00000096   Code   RO         3875    i.create_chain      ff.o
    0x08006782   0x00000002   PAD
    0x08006784   0x000000f8   Code   RO         3876    i.create_name       ff.o
    0x0800687c   0x00000106   Code   RO         3877    i.dir_next          ff.o
    0x08006982   0x00000044   Code   RO         3878    i.dir_read          ff.o
    0x080069c6   0x00000066   Code   RO         3879    i.dir_register      ff.o
    0x08006a2c   0x00000028   Code   RO         3880    i.dir_remove        ff.o
    0x08006a54   0x000000a0   Code   RO         3881    i.dir_seek          ff.o
    0x08006af4   0x00000020   Code   RO         3606    i.disk_initialize   usbh_msc_fatfs.o
    0x08006b14   0x00000040   Code   RO         3607    i.disk_ioctl        usbh_msc_fatfs.o
    0x08006b54   0x00000064   Code   RO         3608    i.disk_read         usbh_msc_fatfs.o
    0x08006bb8   0x00000010   Code   RO         3609    i.disk_status       usbh_msc_fatfs.o
    0x08006bc8   0x0000006c   Code   RO         3610    i.disk_write        usbh_msc_fatfs.o
    0x08006c34   0x00000012   Code   RO         3883    i.f_close           ff.o
    0x08006c46   0x00000158   Code   RO         3886    i.f_lseek           ff.o
    0x08006d9e   0x00000002   PAD
    0x08006da0   0x00000020   Code   RO         3889    i.f_mount           ff.o
    0x08006dc0   0x0000014a   Code   RO         3890    i.f_open            ff.o
    0x08006f0a   0x0000004e   Code   RO         3891    i.f_opendir         ff.o
    0x08006f58   0x00000174   Code   RO         3895    i.f_read            ff.o
    0x080070cc   0x000000a4   Code   RO         3899    i.f_sync            ff.o
    0x08007170   0x00000090   Code   RO         3901    i.f_unlink          ff.o
    0x08007200   0x000001b2   Code   RO         3903    i.f_write           ff.o
    0x080073b2   0x000000bc   Code   RO         3904    i.follow_path       ff.o
    0x0800746e   0x000000ce   Code   RO         3905    i.get_fat           ff.o
    0x0800753c   0x00000004   Code   RO         4123    i.get_fattime       fattime.o
    0x08007540   0x000000a0   Code   RO          123    i.main              main.o
    0x080075e0   0x00000012   Code   RO         3907    i.mem_cpy           ff.o
    0x080075f2   0x0000000e   Code   RO         3908    i.mem_set           ff.o
    0x08007600   0x0000006a   Code   RO         3909    i.move_window       ff.o
    0x0800766a   0x00000134   Code   RO         3910    i.put_fat           ff.o
    0x0800779e   0x00000062   Code   RO         3911    i.remove_chain      ff.o
    0x08007800   0x000000b8   Code   RO         3912    i.sync              ff.o
    0x080078b8   0x00000020   Code   RO         3913    i.validate          ff.o
    0x080078d8   0x00000024   Data   RO          775    .constdata          stm32f4_discovery.o
    0x080078fc   0x000000c2   Data   RO         3914    .constdata          ff.o
    0x080079be   0x00000002   PAD
    0x080079c0   0x00000020   Data   RO         4179    Region$$Table       anon$$obj.o


    Execution Region RW_IRAM1 (Base: 0x20000000, Size: 0x000047a8, Max: 0x00020000, ABSOLUTE, COMPRESSED[0x000002b8])

    Base Addr    Size         Type   Attr      Idx    E Section Name        Object

    0x20000000   0x00000004   Data   RW          125    .data               main.o
    0x20000004   0x00000008   Data   RW          261    .data               stm32f4xx_it.o
    0x2000000c   0x00000014   Data   RW          348    .data               system_stm32f4xx.o
    0x20000020   0x00000004   Data   RW          388    .data               usb_bsp.o
    0x20000024   0x00000002   Data   RW          474    .data               usbh_usr.o
    0x20000026   0x00000002   PAD
    0x20000028   0x00000048   Data   RW          475    .data               usbh_usr.o
    0x20000070   0x00000024   Data   RW          612    .data               waveplayer.o
    0x20000094   0x00000006   Data   RW          613    .data               waveplayer.o
    0x2000009a   0x00000002   PAD
    0x2000009c   0x0000002c   Data   RW          726    .data               waverecorder.o
    0x200000c8   0x00000014   Data   RW          776    .data               stm32f4_discovery.o
    0x200000dc   0x00000004   Data   RW          832    .data               stm32f4_discovery_lis302dl.o
    0x200000e0   0x00000040   Data   RW          929    .data               stm32f4_discovery_audio_codec.o
    0x20000120   0x00000010   Data   RW         2205    .data               stm32f4xx_rcc.o
    0x20000130   0x00000001   Data   RW         3464    .data               usbh_msc_scsi.o
    0x20000131   0x00000003   PAD
    0x20000134   0x00000010   Data   RW         3525    .data               usbh_msc_bot.o
    0x20000144   0x00000002   Data   RW         3567    .data               usbh_msc_core.o
    0x20000146   0x00000002   PAD
    0x20000148   0x00000010   Data   RW         3568    .data               usbh_msc_core.o
    0x20000158   0x00000001   Data   RW         3611    .data               usbh_msc_fatfs.o
    0x20000159   0x00000003   PAD
    0x2000015c   0x00000010   Data   RW         3722    .data               usbh_core.o
    0x2000016c   0x00000008   Data   RW         3915    .data               ff.o
    0x20000174   0x00000304   Data   RW         4142    .data               libPDMFilter_Keil.lib(pdm_filter.o)
    0x20000478   0x00000544   Zero   RW          124    .bss                main.o
    0x200009bc   0x00000430   Zero   RW          469    .bss                usbh_usr.o
    0x20000dec   0x00000424   Zero   RW          470    .bss                usbh_usr.o
    0x20001210   0x00000424   Zero   RW          471    .bss                usbh_usr.o
    0x20001634   0x0000001c   Zero   RW          472    .bss                usbh_usr.o
    0x20001650   0x00001018   Zero   RW          611    .bss                waveplayer.o
    0x20002668   0x00001a64   Zero   RW          725    .bss                waverecorder.o
    0x200040cc   0x0000003c   Zero   RW          927    .bss                stm32f4_discovery_audio_codec.o
    0x20004108   0x00000210   Zero   RW         3462    .bss                usbh_msc_scsi.o
    0x20004318   0x00000040   Zero   RW         3524    .bss                usbh_msc_bot.o
    0x20004358   0x0000004a   Zero   RW         3566    .bss                usbh_msc_core.o
    0x200043a2   0x00000006   PAD
    0x200043a8   0x00000400   Zero   RW         3139    STACK               startup_stm32f4xx.o


==============================================================================

Image component sizes


      Code (inc. data)   RO Data    RW Data    ZI Data      Debug   Object Name

         0          0          0          0          0     288480   audio_sample.o
         4          0          0          0          0        474   fattime.o
      4700         40        194          8          0      27505   ff.o
       348         44          0          4       1348      58038   main.o
       140         26          0          0          0       2153   misc.o
        36          8        392          0       1024        856   startup_stm32f4xx.o
       300         42         36         20          0       4066   stm32f4_discovery.o
      2424        206          0         64         60      15456   stm32f4_discovery_audio_codec.o
       626         32          0          4          0       4842   stm32f4_discovery_lis302dl.o
        76         12          0          0          0       2483   stm32f4xx_dac.o
       550         50          0          0          0       6056   stm32f4xx_dma.o
       156         14          0          0          0       2284   stm32f4xx_exti.o
       174          0          0          0          0       3583   stm32f4xx_gpio.o
       414         20          0          0          0       7949   stm32f4xx_i2c.o
       400         52          0          8          0       6925   stm32f4xx_it.o
       292         50          0         16          0       6386   stm32f4xx_rcc.o
       474         20          0          0          0       7890   stm32f4xx_spi.o
        40          6          0          0          0        676   stm32f4xx_syscfg.o
       324         36          0          0          0       7785   stm32f4xx_tim.o
       272         42          0         20          0       1729   system_stm32f4xx.o
       546         24          0          4          0       5540   usb_bsp.o
      1742         22          0          0          0      17319   usb_core.o
       160          0          0          0          0       4931   usb_hcd.o
      3558          0          0          0          0      10199   usb_hcd_int.o
      1496         52          0         16          0       7333   usbh_core.o
       234          0          0          0          0       4048   usbh_hcs.o
       300          0          0          0          0       5190   usbh_ioreq.o
       724         64          0         16         64       6845   usbh_msc_bot.o
       640         48          0         18         74       5965   usbh_msc_core.o
       320         46          0          1          0       5386   usbh_msc_fatfs.o
       992         74          0          1        528      15308   usbh_msc_scsi.o
       652          0          0          0          0       7751   usbh_stdreq.o
       318         58          0         74       3220      13493   usbh_usr.o
      1436        184          0         42       4120       9382   waveplayer.o
      1176        118          0         44       6756       6153   waverecorder.o

    ----------------------------------------------------------------------
     26088       1390        656        372      17200     580459   Object Totals
         0          0         32          0          0          0   (incl. Generated)
        44          0          2         12          6          0   (incl. Padding)

    ----------------------------------------------------------------------

      Code (inc. data)   RO Data    RW Data    ZI Data      Debug   Library Member Name

      3068         54          0        772          0        268   pdm_filter.o
        92          0          0          0          0          0   __dczerorl2.o
         0          0          0          0          0          0   entry.o
         8          4          0          0          0          0   entry2.o
         4          0          0          0          0          0   entry5.o
         0          0          0          0          0          0   entry7b.o
         8          4          0          0          0          0   entry8.o
        30          0          0          0          0          0   handlers.o
        36          8          0          0          0         68   init.o
         0          0          0          0          0          0   iusefp.o
        30          0          0          0          0         68   llshl.o
        36          0          0          0          0         68   llsshr.o
        32          0          0          0          0         68   llushr.o
       332          0          0          0          0        148   dadd.o
       222          0          0          0          0        100   ddiv.o
       190          0          0          0          0        176   depilogue.o
        46          0          0          0          0         68   dfixui.o
        26          0          0          0          0         76   dfltui.o
       224          0          0          0          0         96   dmul.o
        44          0          0          0          0         68   f2d.o
        24          0          0          0          0         68   fscalb.o

    ----------------------------------------------------------------------
      4456         70          0        772          0       1340   Library Totals
         4          0          0          0          0          0   (incl. Padding)

    ----------------------------------------------------------------------

      Code (inc. data)   RO Data    RW Data    ZI Data      Debug   Library Name

      3068         54          0        772          0        268   libPDMFilter_Keil.lib
       276         16          0          0          0        272   mc_w.l
      1108          0          0          0          0        800   mf_w.l

    ----------------------------------------------------------------------
      4456         70          0        772          0       1340   Library Totals

    ----------------------------------------------------------------------

==============================================================================


      Code (inc. data)   RO Data    RW Data    ZI Data      Debug   

     30544       1460        656       1144      17200     566927   Grand Totals
     30544       1460        656        696      17200     566927   ELF Image Totals (compressed)
     30544       1460        656        696          0          0   ROM Totals

==============================================================================

    Total RO  Size (Code + RO Data)                31200 (  30.47kB)
    Total RW  Size (RW Data + ZI Data)             18344 (  17.91kB)
    Total ROM Size (Code + RO Data + RW Data)      31896 (  31.15kB)

==============================================================================

