ARM Linker, 4.1 [Build 894] [Lite256]

==============================================================================

Section Cross References

    main.o(i.TIM_LED_Config) refers to stm32f4xx_rcc.o(i.RCC_APB1PeriphClockCmd) for RCC_APB1PeriphClockCmd
    main.o(i.TIM_LED_Config) refers to misc.o(i.NVIC_PriorityGroupConfig) for NVIC_PriorityGroupConfig
    main.o(i.TIM_LED_Config) refers to misc.o(i.NVIC_Init) for NVIC_Init
    main.o(i.TIM_LED_Config) refers to stm32f4_discovery.o(i.STM_EVAL_LEDInit) for STM_EVAL_LEDInit
    main.o(i.TIM_LED_Config) refers to stm32f4xx_tim.o(i.TIM_TimeBaseInit) for TIM_TimeBaseInit
    main.o(i.TIM_LED_Config) refers to stm32f4xx_tim.o(i.TIM_ARRPreloadConfig) for TIM_ARRPreloadConfig
    main.o(i.TIM_LED_Config) refers to stm32f4xx_tim.o(i.TIM_OC1Init) for TIM_OC1Init
    main.o(i.TIM_LED_Config) refers to stm32f4xx_tim.o(i.TIM_OC1PreloadConfig) for TIM_OC1PreloadConfig
    main.o(i.TIM_LED_Config) refers to stm32f4xx_tim.o(i.TIM_ITConfig) for TIM_ITConfig
    main.o(i.TIM_LED_Config) refers to stm32f4xx_tim.o(i.TIM_Cmd) for TIM_Cmd
    main.o(i.TIM_LED_Config) refers to system_stm32f4xx.o(.data) for SystemCoreClock
    main.o(i.TIM_LED_Config) refers to main.o(.data) for .data
    main.o(i.main) refers to stm32f4_discovery.o(i.STM_EVAL_LEDInit) for STM_EVAL_LEDInit
    main.o(i.main) refers to stm32f4_discovery.o(i.STM_EVAL_LEDOn) for STM_EVAL_LEDOn
    main.o(i.main) refers to stm32f4xx_rcc.o(i.RCC_GetClocksFreq) for RCC_GetClocksFreq
    main.o(i.main) refers to main.o(i.TIM_LED_Config) for TIM_LED_Config
    main.o(i.main) refers to stm32f4_discovery.o(i.STM_EVAL_PBInit) for STM_EVAL_PBInit
    main.o(i.main) refers to usbh_core.o(i.USBH_Init) for USBH_Init
    main.o(i.main) refers to usbh_core.o(i.USBH_Process) for USBH_Process
    main.o(i.main) refers to main.o(.bss) for .bss
    main.o(i.main) refers to main.o(.data) for .data
    main.o(i.main) refers to stm32f4xx_it.o(.data) for LED_Toggle
    main.o(i.main) refers to usbh_usr.o(.data) for USR_Callbacks
    main.o(i.main) refers to usbh_msc_core.o(.data) for USBH_MSC_cb
    stm32f4xx_it.o(i.EXTI0_IRQHandler) refers to stm32f4xx_exti.o(i.EXTI_GetITStatus) for EXTI_GetITStatus
    stm32f4xx_it.o(i.EXTI0_IRQHandler) refers to stm32f4xx_exti.o(i.EXTI_ClearITPendingBit) for EXTI_ClearITPendingBit
    stm32f4xx_it.o(i.EXTI0_IRQHandler) refers to stm32f4xx_it.o(.data) for .data
    stm32f4xx_it.o(i.EXTI0_IRQHandler) refers to waveplayer.o(.data) for WaveDataLength
    stm32f4xx_it.o(i.EXTI1_IRQHandler) refers to stm32f4xx_exti.o(i.EXTI_GetITStatus) for EXTI_GetITStatus
    stm32f4xx_it.o(i.EXTI1_IRQHandler) refers to stm32f4xx_exti.o(i.EXTI_ClearITPendingBit) for EXTI_ClearITPendingBit
    stm32f4xx_it.o(i.EXTI1_IRQHandler) refers to stm32f4xx_it.o(.data) for .data
    stm32f4xx_it.o(i.OTG_FS_IRQHandler) refers to usb_hcd_int.o(i.USBH_OTG_ISR_Handler) for USBH_OTG_ISR_Handler
    stm32f4xx_it.o(i.OTG_FS_IRQHandler) refers to main.o(.bss) for USB_OTG_Core
    stm32f4xx_it.o(i.SysTick_Handler) refers to waveplayer.o(i.TimingDelay_Decrement) for TimingDelay_Decrement
    stm32f4xx_it.o(i.SysTick_Handler) refers to usbh_usr.o(.data) for Command_index
    stm32f4xx_it.o(i.SysTick_Handler) refers to stm32f4xx_it.o(.data) for .data
    stm32f4xx_it.o(i.TIM2_IRQHandler) refers to usb_bsp.o(i.USB_OTG_BSP_TimerIRQ) for USB_OTG_BSP_TimerIRQ
    stm32f4xx_it.o(i.TIM4_IRQHandler) refers to stm32f4_discovery_lis302dl.o(i.LIS302DL_Read) for LIS302DL_Read
    stm32f4xx_it.o(i.TIM4_IRQHandler) refers to stm32f4xx_tim.o(i.TIM_GetITStatus) for TIM_GetITStatus
    stm32f4xx_it.o(i.TIM4_IRQHandler) refers to stm32f4xx_tim.o(i.TIM_ClearITPendingBit) for TIM_ClearITPendingBit
    stm32f4xx_it.o(i.TIM4_IRQHandler) refers to stm32f4_discovery.o(i.STM_EVAL_LEDToggle) for STM_EVAL_LEDToggle
    stm32f4xx_it.o(i.TIM4_IRQHandler) refers to stm32f4_discovery.o(i.STM_EVAL_LEDOff) for STM_EVAL_LEDOff
    stm32f4xx_it.o(i.TIM4_IRQHandler) refers to stm32f4_discovery.o(i.STM_EVAL_LEDOn) for STM_EVAL_LEDOn
    stm32f4xx_it.o(i.TIM4_IRQHandler) refers to stm32f4xx_tim.o(i.TIM_GetCapture1) for TIM_GetCapture1
    stm32f4xx_it.o(i.TIM4_IRQHandler) refers to stm32f4xx_tim.o(i.TIM_SetCompare1) for TIM_SetCompare1
    stm32f4xx_it.o(i.TIM4_IRQHandler) refers to waveplayer.o(.data) for AudioPlayStart
    stm32f4xx_it.o(i.TIM4_IRQHandler) refers to waveplayer.o(.data) for Buffer
    stm32f4xx_it.o(i.TIM4_IRQHandler) refers to stm32f4xx_it.o(.data) for .data
    stm32f4xx_it.o(i.TIM4_IRQHandler) refers to main.o(.data) for CCR_Val
    system_stm32f4xx.o(i.SystemCoreClockUpdate) refers to system_stm32f4xx.o(.data) for .data
    system_stm32f4xx.o(i.SystemInit) refers to system_stm32f4xx.o(i.SetSysClock) for SetSysClock
    usb_bsp.o(i.BSP_Delay) refers to usb_bsp.o(i.BSP_SetTime) for BSP_SetTime
    usb_bsp.o(i.BSP_Delay) refers to stm32f4xx_tim.o(i.TIM_Cmd) for TIM_Cmd
    usb_bsp.o(i.BSP_Delay) refers to usb_bsp.o(.data) for .data
[...]
    WWDG_IRQHandler                          0x080001b7   Thumb Code     0  startup_stm32f4xx.o(.text)
    xmp3_MULSHIFT32                          0x080001c1   Thumb Code     6  asmmisc.o(.text)
    xmp3_FASTABS                             0x080001c7   Thumb Code    16  asmmisc.o(.text)
    xmp3_PolyphaseStereo                     0x080001d9   Thumb Code  1308  asmpoly_thumb2.o(.text)
    xmp3_PolyphaseMono                       0x080006f5   Thumb Code   754  asmpoly_thumb2.o(.text)
    PDM_Filter_Init                          0x080009e9   Thumb Code   222  pdm_filter.o(.text)
    PDM_Filter_64_LSB                        0x08000ac7   Thumb Code   660  pdm_filter.o(.text)
    PDM_Filter_80_LSB                        0x08000d5b   Thumb Code   692  pdm_filter.o(.text)
    PDM_Filter_64_MSB                        0x0800100f   Thumb Code   658  pdm_filter.o(.text)
    PDM_Filter_80_MSB                        0x080012a1   Thumb Code   830  pdm_filter.o(.text)
    ___aeabi_memcpy4$move                    0x080015e5   Thumb Code     0  memmovea.o(.text)
    ___aeabi_memcpy8$move                    0x080015e5   Thumb Code     0  memmovea.o(.text)
    __aeabi_memcpy                           0x080015e5   Thumb Code    64  memmovea.o(.text)
    __aeabi_memmove                          0x080015e5   Thumb Code     0  memmovea.o(.text)
    __aeabi_memmove4                         0x080015e5   Thumb Code     0  memmovea.o(.text)
    __aeabi_memmove8                         0x080015e5   Thumb Code     0  memmovea.o(.text)
    __aeabi_memset                           0x08001625   Thumb Code    14  memseta.o(.text)
    __aeabi_memset4                          0x08001625   Thumb Code     0  memseta.o(.text)
    __aeabi_memset8                          0x08001625   Thumb Code     0  memseta.o(.text)
    __aeabi_memclr                           0x08001633   Thumb Code     4  memseta.o(.text)
    __aeabi_memclr4                          0x08001633   Thumb Code     0  memseta.o(.text)
    __aeabi_memclr8                          0x08001633   Thumb Code     0  memseta.o(.text)
    _memset$wrapper                          0x08001637   Thumb Code    20  memseta.o(.text)
    strstr                                   0x0800164b   Thumb Code    44  strstr.o(.text)
    strncpy                                  0x08001677   Thumb Code    24  strncpy.o(.text)
    strlen                                   0x0800168f   Thumb Code    16  strlen.o(.text)
    strncmp                                  0x0800169f   Thumb Code    30  strncmp.o(.text)
    __ARM_scalbnf                            0x080016bd   Thumb Code    24  fscalb.o(.text)
    scalbnf                                  0x080016bd   Thumb Code     0  fscalb.o(.text)
    __aeabi_dadd                             0x080016d5   Thumb Code   320  dadd.o(.text)
    __aeabi_dsub                             0x08001815   Thumb Code     6  dadd.o(.text)
    __aeabi_drsub                            0x0800181b   Thumb Code     6  dadd.o(.text)
    __aeabi_dmul                             0x08001821   Thumb Code   224  dmul.o(.text)
    __aeabi_ddiv                             0x08001901   Thumb Code   222  ddiv.o(.text)
    __aeabi_ui2d                             0x080019df   Thumb Code    26  dfltui.o(.text)
    __aeabi_d2uiz                            0x080019f9   Thumb Code    46  dfixui.o(.text)
    __aeabi_f2d                              0x08001a27   Thumb Code    44  f2d.o(.text)
    __aeabi_llsl                             0x08001a53   Thumb Code    30  llshl.o(.text)
    _ll_shift_l                              0x08001a53   Thumb Code     0  llshl.o(.text)
    __aeabi_llsr                             0x08001a71   Thumb Code    32  llushr.o(.text)
    _ll_ushift_r                             0x08001a71   Thumb Code     0  llushr.o(.text)
    __aeabi_lasr                             0x08001a91   Thumb Code    36  llsshr.o(.text)
    _ll_sshift_r                             0x08001a91   Thumb Code     0  llsshr.o(.text)
    __I$use$fp                               0x08001ab5   Thumb Code     0  iusefp.o(.text)
    _double_round                            0x08001ab5   Thumb Code    26  depilogue.o(.text)
    _double_epilogue                         0x08001acf   Thumb Code   164  depilogue.o(.text)
    __scatterload                            0x08001b75   Thumb Code    28  init.o(.text)
    __scatterload_rt2                        0x08001b75   Thumb Code     0  init.o(.text)
    __decompress                             0x08001b99   Thumb Code     0  __dczerorl2.o(.text)
    __decompress1                            0x08001b99   Thumb Code    92  __dczerorl2.o(.text)
    AUDIO_Init_audio_mode                    0x08001bf5   Thumb Code    84  audio.o(i.AUDIO_Init_audio_mode)
    AUDIO_PlaybackBuffer_GetStatus           0x08001c69   Thumb Code    14  audio.o(i.AUDIO_PlaybackBuffer_GetStatus)
    AUDIO_Playback_Stop                      0x08001c7d   Thumb Code    20  audio.o(i.AUDIO_Playback_Stop)
    AudioStart                               0x08001eb5   Thumb Code    24  audio.o(i.AudioStart)
    Audio_MAL_Play                           0x08001ff1   Thumb Code    66  stm32f4_discovery_audio_codec.o(i.Audio_MAL_Play)
    BusFault_Handler                         0x080020cf   Thumb Code     2  stm32f4xx_it.o(i.BusFault_Handler)
    COMMAND_AudioExecuteApplication          0x080020fd   Thumb Code    32  usbh_usr.o(i.COMMAND_AudioExecuteApplication)
    ClearBuffer                              0x08002125   Thumb Code    16  buffers.o(i.ClearBuffer)
    Codec_TIMEOUT_UserCallback               0x08002595   Thumb Code     4  waveplayer.o(i.Codec_TIMEOUT_UserCallback)
    DAC_Cmd                                  0x080026bd   Thumb Code    20  stm32f4xx_dac.o(i.DAC_Cmd)
    DAC_Config                               0x080026d5   Thumb Code    70  stm32f4_discovery_audio_codec.o(i.DAC_Config)
    DAC_Init                                 0x08002725   Thumb Code    36  stm32f4xx_dac.o(i.DAC_Init)
    DAC_SetChannel1Data                      0x0800274d   Thumb Code     8  stm32f4xx_dac.o(i.DAC_SetChannel1Data)
    DMA1_Stream0_IRQHandler                  0x08002759   Thumb Code     4  stm32f4_discovery_audio_codec.o(i.DMA1_Stream0_IRQHandler)
    DMA1_Stream7_IRQHandler                  0x0800275d   Thumb Code     4  stm32f4_discovery_audio_codec.o(i.DMA1_Stream7_IRQHandler)
    DMA_ClearFlag                            0x08002761   Thumb Code    32  stm32f4xx_dma.o(i.DMA_ClearFlag)
    DMA_Cmd                                  0x0800278d   Thumb Code    20  stm32f4xx_dma.o(i.DMA_Cmd)
    DMA_DeInit                               0x080027a1   Thumb Code   270  stm32f4xx_dma.o(i.DMA_DeInit)
    DMA_GetFlagStatus                        0x080028c5   Thumb Code    40  stm32f4xx_dma.o(i.DMA_GetFlagStatus)
    DMA_ITConfig                             0x080028f9   Thumb Code    44  stm32f4xx_dma.o(i.DMA_ITConfig)
    DMA_Init                                 0x08002925   Thumb Code    80  stm32f4xx_dma.o(i.DMA_Init)
    DebugMon_Handler                         0x08002979   Thumb Code     2  stm32f4xx_it.o(i.DebugMon_Handler)
    EVAL_AUDIO_GetSampleCallBack             0x08002f35   Thumb Code     4  waveplayer.o(i.EVAL_AUDIO_GetSampleCallBack)
    EVAL_AUDIO_HalfTransfer_CallBack         0x08002f39   Thumb Code    22  waveplayer.o(i.EVAL_AUDIO_HalfTransfer_CallBack)
    EVAL_AUDIO_Init                          0x08002f59   Thumb Code    40  stm32f4_discovery_audio_codec.o(i.EVAL_AUDIO_Init)
    EVAL_AUDIO_SetAudioInterface             0x08002f81   Thumb Code   114  stm32f4_discovery_audio_codec.o(i.EVAL_AUDIO_SetAudioInterface)
    EVAL_AUDIO_Stop                          0x0800300d   Thumb Code   106  stm32f4_discovery_audio_codec.o(i.EVAL_AUDIO_Stop)
    EVAL_AUDIO_TransferComplete_CallBack     0x08003085   Thumb Code    44  waveplayer.o(i.EVAL_AUDIO_TransferComplete_CallBack)
    EXTI0_IRQHandler                         0x080030bd   Thumb Code    40  stm32f4xx_it.o(i.EXTI0_IRQHandler)
    EXTI1_IRQHandler                         0x080030ed   Thumb Code    46  stm32f4xx_it.o(i.EXTI1_IRQHandler)
    EXTI_ClearITPendingBit                   0x08003121   Thumb Code     6  stm32f4xx_exti.o(i.EXTI_ClearITPendingBit)
    EXTI_GetITStatus                         0x0800312d   Thumb Code    28  stm32f4xx_exti.o(i.EXTI_GetITStatus)
    EXTI_Init                                0x0800314d   Thumb Code   108  stm32f4xx_exti.o(i.EXTI_Init)
    FillBuffer                               0x080031bd   Thumb Code   278  audio.o(i.FillBuffer)
    GPIO_Init                                0x08003435   Thumb Code   124  stm32f4xx_gpio.o(i.GPIO_Init)
    GPIO_PinAFConfig                         0x080034b1   Thumb Code    32  stm32f4xx_gpio.o(i.GPIO_PinAFConfig)
    GPIO_ResetBits                           0x080034d1   Thumb Code     4  stm32f4xx_gpio.o(i.GPIO_ResetBits)
    GPIO_SetBits                             0x080034d5   Thumb Code     4  stm32f4xx_gpio.o(i.GPIO_SetBits)
    GPIO_WriteBit                            0x080034d9   Thumb Code    10  stm32f4xx_gpio.o(i.GPIO_WriteBit)
    HCD_GetCurrentFrame                      0x080034e3   Thumb Code     8  usb_hcd.o(i.HCD_GetCurrentFrame)
    HCD_GetCurrentSpeed                      0x080034eb   Thumb Code    12  usb_hcd.o(i.HCD_GetCurrentSpeed)
    HCD_GetURB_State                         0x080034f7   Thumb Code     8  usb_hcd.o(i.HCD_GetURB_State)
    HCD_GetXferCnt                           0x080034ff   Thumb Code    10  usb_hcd.o(i.HCD_GetXferCnt)
    HCD_Init                                 0x08003509   Thumb Code    86  usb_hcd.o(i.HCD_Init)
    HCD_IsDeviceConnected                    0x0800355f   Thumb Code     6  usb_hcd.o(i.HCD_IsDeviceConnected)
    HCD_ResetPort                            0x08003565   Thumb Code    10  usb_hcd.o(i.HCD_ResetPort)
    HCD_SubmitRequest                        0x0800356f   Thumb Code    20  usb_hcd.o(i.HCD_SubmitRequest)
    HardFault_Handler                        0x08003583   Thumb Code     2  stm32f4xx_it.o(i.HardFault_Handler)
    I2C_AcknowledgeConfig                    0x080036d1   Thumb Code    20  stm32f4xx_i2c.o(i.I2C_AcknowledgeConfig)
    I2C_CheckEvent                           0x080036e5   Thumb Code    24  stm32f4xx_i2c.o(i.I2C_CheckEvent)
    I2C_ClearFlag                            0x080036fd   Thumb Code     6  stm32f4xx_i2c.o(i.I2C_ClearFlag)
    I2C_Cmd                                  0x08003703   Thumb Code    20  stm32f4xx_i2c.o(i.I2C_Cmd)
    I2C_DeInit                               0x08003719   Thumb Code    56  stm32f4xx_i2c.o(i.I2C_DeInit)
    I2C_GenerateSTART                        0x0800375d   Thumb Code    20  stm32f4xx_i2c.o(i.I2C_GenerateSTART)
    I2C_GenerateSTOP                         0x08003771   Thumb Code    20  stm32f4xx_i2c.o(i.I2C_GenerateSTOP)
    I2C_GetFlagStatus                        0x08003785   Thumb Code    30  stm32f4xx_i2c.o(i.I2C_GetFlagStatus)
    I2C_Init                                 0x080037a5   Thumb Code   172  stm32f4xx_i2c.o(i.I2C_Init)
    I2C_ReceiveData                          0x08003859   Thumb Code     6  stm32f4xx_i2c.o(i.I2C_ReceiveData)
    I2C_Send7bitAddress                      0x0800385f   Thumb Code    16  stm32f4xx_i2c.o(i.I2C_Send7bitAddress)
    I2C_SendData                             0x0800386f   Thumb Code     4  stm32f4xx_i2c.o(i.I2C_SendData)
    I2S_Cmd                                  0x08003873   Thumb Code    20  stm32f4xx_spi.o(i.I2S_Cmd)
    I2S_Init                                 0x08003889   Thumb Code   184  stm32f4xx_spi.o(i.I2S_Init)
    LIS302DL_Read                            0x08003cf5   Thumb Code    70  stm32f4_discovery_lis302dl.o(i.LIS302DL_Read)
    LIS302DL_TIMEOUT_UserCallback            0x08003da5   Thumb Code     2  waveplayer.o(i.LIS302DL_TIMEOUT_UserCallback)
    MP3Decode                                0x08003dcd   Thumb Code   788  mp3dec.o(i.MP3Decode)
    MP3FindSyncWord                          0x080040e1   Thumb Code    44  mp3dec.o(i.MP3FindSyncWord)
    MP3FreeDecoder                           0x0800410d   Thumb Code    10  mp3dec.o(i.MP3FreeDecoder)
    MP3GetLastFrameInfo                      0x08004119   Thumb Code   104  mp3dec.o(i.MP3GetLastFrameInfo)
    MP3InitDecoder                           0x08004185   Thumb Code     4  mp3dec.o(i.MP3InitDecoder)
    MemManage_Handler                        0x08004189   Thumb Code     2  stm32f4xx_it.o(i.MemManage_Handler)
    NMI_Handler                              0x0800418b   Thumb Code     2  stm32f4xx_it.o(i.NMI_Handler)
    NVIC_Init                                0x0800418d   Thumb Code    92  misc.o(i.NVIC_Init)
    NVIC_PriorityGroupConfig                 0x080041f1   Thumb Code    10  misc.o(i.NVIC_PriorityGroupConfig)
    NVIC_SetVectorTable                      0x08004205   Thumb Code    12  misc.o(i.NVIC_SetVectorTable)
    OTG_FS_IRQHandler                        0x08004219   Thumb Code     6  stm32f4xx_it.o(i.OTG_FS_IRQHandler)
    PendSV_Handler                           0x08004225   Thumb Code     2  stm32f4xx_it.o(i.PendSV_Handler)
    PlayAudioFile                            0x08004229   Thumb Code   464  audio.o(i.PlayAudioFile)
    RCC_AHB1PeriphClockCmd                   0x08004421   Thumb Code    18  stm32f4xx_rcc.o(i.RCC_AHB1PeriphClockCmd)
    RCC_AHB2PeriphClockCmd                   0x08004439   Thumb Code    18  stm32f4xx_rcc.o(i.RCC_AHB2PeriphClockCmd)
    RCC_APB1PeriphClockCmd                   0x08004451   Thumb Code    18  stm32f4xx_rcc.o(i.RCC_APB1PeriphClockCmd)
    RCC_APB1PeriphResetCmd                   0x08004469   Thumb Code    18  stm32f4xx_rcc.o(i.RCC_APB1PeriphResetCmd)
    RCC_APB2PeriphClockCmd                   0x08004481   Thumb Code    18  stm32f4xx_rcc.o(i.RCC_APB2PeriphClockCmd)
    RCC_APB2PeriphResetCmd                   0x08004499   Thumb Code    18  stm32f4xx_rcc.o(i.RCC_APB2PeriphResetCmd)
    RCC_GetClocksFreq                        0x080044b1   Thumb Code   134  stm32f4xx_rcc.o(i.RCC_GetClocksFreq)
    Read_ID3V1                               0x08004545   Thumb Code    78  mp3header.o(i.Read_ID3V1)
    Read_ID3V2                               0x080045a5   Thumb Code   462  mp3header.o(i.Read_ID3V2)
    SPI2_IRQHandler                          0x0800480d   Thumb Code    64  waverecorder.o(i.SPI2_IRQHandler)
    SPI3_IRQHandler                          0x0800485d   Thumb Code    54  stm32f4_discovery_audio_codec.o(i.SPI3_IRQHandler)
    SPI_I2S_DMACmd                           0x0800489d   Thumb Code    16  stm32f4xx_spi.o(i.SPI_I2S_DMACmd)
    SPI_I2S_DeInit                           0x080048ad   Thumb Code    72  stm32f4xx_spi.o(i.SPI_I2S_DeInit)
    SPI_I2S_GetFlagStatus                    0x08004901   Thumb Code    14  stm32f4xx_spi.o(i.SPI_I2S_GetFlagStatus)
    SPI_I2S_GetITStatus                      0x0800490f   Thumb Code    40  stm32f4xx_spi.o(i.SPI_I2S_GetITStatus)
    SPI_I2S_ITConfig                         0x08004937   Thumb Code    24  stm32f4xx_spi.o(i.SPI_I2S_ITConfig)
    SPI_I2S_ReceiveData                      0x0800494f   Thumb Code     4  stm32f4xx_spi.o(i.SPI_I2S_ReceiveData)
    SPI_I2S_SendData                         0x08004953   Thumb Code     4  stm32f4xx_spi.o(i.SPI_I2S_SendData)
    STM_EVAL_LEDInit                         0x08004959   Thumb Code    62  stm32f4_discovery.o(i.STM_EVAL_LEDInit)
    STM_EVAL_LEDOff                          0x080049a1   Thumb Code    16  stm32f4_discovery.o(i.STM_EVAL_LEDOff)
    STM_EVAL_LEDOn                           0x080049b9   Thumb Code    16  stm32f4_discovery.o(i.STM_EVAL_LEDOn)
    STM_EVAL_LEDToggle                       0x080049d1   Thumb Code    20  stm32f4_discovery.o(i.STM_EVAL_LEDToggle)
    STM_EVAL_PBInit                          0x080049ed   Thumb Code   144  stm32f4_discovery.o(i.STM_EVAL_PBInit)
    SVC_Handler                              0x08004a85   Thumb Code     2  stm32f4xx_it.o(i.SVC_Handler)
    SYSCFG_EXTILineConfig                    0x08004a89   Thumb Code    34  stm32f4xx_syscfg.o(i.SYSCFG_EXTILineConfig)
    SysTick_Handler                          0x08004b71   Thumb Code    24  stm32f4xx_it.o(i.SysTick_Handler)
    SystemInit                               0x08004b91   Thumb Code    62  system_stm32f4xx.o(i.SystemInit)
    TIM2_IRQHandler                          0x08004be1   Thumb Code     4  stm32f4xx_it.o(i.TIM2_IRQHandler)
    TIM4_IRQHandler                          0x08004be5   Thumb Code   196  stm32f4xx_it.o(i.TIM4_IRQHandler)
    TIM_ARRPreloadConfig                     0x08004cbd   Thumb Code    20  stm32f4xx_tim.o(i.TIM_ARRPreloadConfig)
    TIM_ClearITPendingBit                    0x08004cd1   Thumb Code     6  stm32f4xx_tim.o(i.TIM_ClearITPendingBit)
    TIM_Cmd                                  0x08004cd7   Thumb Code    20  stm32f4xx_tim.o(i.TIM_Cmd)
    TIM_GetCapture1                          0x08004ceb   Thumb Code     4  stm32f4xx_tim.o(i.TIM_GetCapture1)
    TIM_GetITStatus                          0x08004cef   Thumb Code    22  stm32f4xx_tim.o(i.TIM_GetITStatus)
    TIM_ITConfig                             0x08004d05   Thumb Code    16  stm32f4xx_tim.o(i.TIM_ITConfig)
    TIM_OC1Init                              0x08004dd1   Thumb Code    88  stm32f4xx_tim.o(i.TIM_OC1Init)
    TIM_OC1PreloadConfig                     0x08004e31   Thumb Code    12  stm32f4xx_tim.o(i.TIM_OC1PreloadConfig)
    TIM_SetCompare1                          0x08004e3d   Thumb Code     4  stm32f4xx_tim.o(i.TIM_SetCompare1)
    TIM_TimeBaseInit                         0x08004e41   Thumb Code    96  stm32f4xx_tim.o(i.TIM_TimeBaseInit)
    TimingDelay_Decrement                    0x08004ebd   Thumb Code    16  waveplayer.o(i.TimingDelay_Decrement)
    USBH_Alloc_Channel                       0x08004ed1   Thumb Code    52  usbh_hcs.o(i.USBH_Alloc_Channel)
    USBH_BulkReceiveData                     0x08004f05   Thumb Code    40  usbh_ioreq.o(i.USBH_BulkReceiveData)
    USBH_BulkSendData                        0x08004f2d   Thumb Code    46  usbh_ioreq.o(i.USBH_BulkSendData)
    USBH_ClrFeature                          0x08004f5b   Thumb Code    46  usbh_stdreq.o(i.USBH_ClrFeature)
    USBH_Connect                             0x08004f89   Thumb Code    18  usbh_core.o(i.USBH_Connect)
    USBH_CtlReceiveData                      0x08004f9b   Thumb Code    36  usbh_ioreq.o(i.USBH_CtlReceiveData)
    USBH_CtlReq                              0x08004fbf   Thumb Code    80  usbh_ioreq.o(i.USBH_CtlReq)
    USBH_CtlSendData                         0x08005011   Thumb Code    58  usbh_ioreq.o(i.USBH_CtlSendData)
    USBH_CtlSendSetup                        0x0800504b   Thumb Code    40  usbh_ioreq.o(i.USBH_CtlSendSetup)
    USBH_DeAllocate_AllChannel               0x08005073   Thumb Code    24  usbh_hcs.o(i.USBH_DeAllocate_AllChannel)
    USBH_DeInit                              0x0800508b   Thumb Code    52  usbh_core.o(i.USBH_DeInit)
    USBH_Disconnect                          0x080050bf   Thumb Code    18  usbh_core.o(i.USBH_Disconnect)
    USBH_ErrorHandle                         0x080050d1   Thumb Code    44  usbh_core.o(i.USBH_ErrorHandle)
    USBH_Free_Channel                        0x080050fd   Thumb Code    26  usbh_hcs.o(i.USBH_Free_Channel)
    USBH_GetDescriptor                       0x08005117   Thumb Code    48  usbh_stdreq.o(i.USBH_GetDescriptor)
    USBH_Get_CfgDesc                         0x08005155   Thumb Code    56  usbh_stdreq.o(i.USBH_Get_CfgDesc)
    USBH_Get_DevDesc                         0x0800518d   Thumb Code   132  usbh_stdreq.o(i.USBH_Get_DevDesc)
    USBH_Get_StringDesc                      0x08005211   Thumb Code    74  usbh_stdreq.o(i.USBH_Get_StringDesc)
    USBH_HandleControl                       0x0800525d   Thumb Code   458  usbh_core.o(i.USBH_HandleControl)
    USBH_Init                                0x080055c5   Thumb Code    84  usbh_core.o(i.USBH_Init)
    USBH_MSC_BOT_Abort                       0x0800561d   Thumb Code    48  usbh_msc_bot.o(i.USBH_MSC_BOT_Abort)
    USBH_MSC_DecodeCSW                       0x08005661   Thumb Code    78  usbh_msc_bot.o(i.USBH_MSC_DecodeCSW)
    USBH_MSC_ErrorHandle                     0x080056bd   Thumb Code    42  usbh_msc_core.o(i.USBH_MSC_ErrorHandle)
    USBH_MSC_HandleBOTXfer                   0x08005859   Thumb Code   504  usbh_msc_bot.o(i.USBH_MSC_HandleBOTXfer)
    USBH_MSC_Init                            0x08005a5d   Thumb Code    40  usbh_msc_bot.o(i.USBH_MSC_Init)
    USBH_MSC_ModeSense6                      0x08005b71   Thumb Code   142  usbh_msc_scsi.o(i.USBH_MSC_ModeSense6)
    USBH_MSC_Read10                          0x08005c0d   Thumb Code   208  usbh_msc_scsi.o(i.USBH_MSC_Read10)
    USBH_MSC_ReadCapacity10                  0x08005ce9   Thumb Code   148  usbh_msc_scsi.o(i.USBH_MSC_ReadCapacity10)
    USBH_MSC_RequestSense                    0x08005d89   Thumb Code   146  usbh_msc_scsi.o(i.USBH_MSC_RequestSense)
    USBH_MSC_TestUnitReady                   0x08005e29   Thumb Code   116  usbh_msc_scsi.o(i.USBH_MSC_TestUnitReady)
    USBH_MSC_Write10                         0x08005ea9   Thumb Code   158  usbh_msc_scsi.o(i.USBH_MSC_Write10)
    USBH_Modify_Channel                      0x08005f51   Thumb Code    50  usbh_hcs.o(i.USBH_Modify_Channel)
    USBH_OTG_ISR_Handler                     0x08005f83   Thumb Code   168  usb_hcd_int.o(i.USBH_OTG_ISR_Handler)
    USBH_Open_Channel                        0x0800602b   Thumb Code    82  usbh_hcs.o(i.USBH_Open_Channel)
    USBH_Process                             0x08006167   Thumb Code   404  usbh_core.o(i.USBH_Process)
    USBH_SetAddress                          0x080062fb   Thumb Code    24  usbh_stdreq.o(i.USBH_SetAddress)
    USBH_SetCfg                              0x08006313   Thumb Code    24  usbh_stdreq.o(i.USBH_SetCfg)
    USBH_USR_Configuration_DescAvailable     0x0800632b   Thumb Code     2  usbh_usr.o(i.USBH_USR_Configuration_DescAvailable)
    USBH_USR_DeInit                          0x0800632d   Thumb Code     8  usbh_usr.o(i.USBH_USR_DeInit)
    USBH_USR_DeviceAddressAssigned           0x08006339   Thumb Code     2  usbh_usr.o(i.USBH_USR_DeviceAddressAssigned)
    USBH_USR_DeviceAttached                  0x0800633d   Thumb Code    40  usbh_usr.o(i.USBH_USR_DeviceAttached)
    USBH_USR_DeviceDisconnected              0x08006371   Thumb Code    72  usbh_usr.o(i.USBH_USR_DeviceDisconnected)
    USBH_USR_DeviceNotSupported              0x080063cd   Thumb Code     2  usbh_usr.o(i.USBH_USR_DeviceNotSupported)
    USBH_USR_DeviceSpeedDetected             0x080063cf   Thumb Code     2  usbh_usr.o(i.USBH_USR_DeviceSpeedDetected)
    USBH_USR_Device_DescAvailable            0x080063d1   Thumb Code     2  usbh_usr.o(i.USBH_USR_Device_DescAvailable)
    USBH_USR_EnumerationDone                 0x080063d3   Thumb Code    18  usbh_usr.o(i.USBH_USR_EnumerationDone)
    USBH_USR_Init                            0x080063e5   Thumb Code     2  usbh_usr.o(i.USBH_USR_Init)
    USBH_USR_MSC_Application                 0x080063e9   Thumb Code    62  usbh_usr.o(i.USBH_USR_MSC_Application)
    USBH_USR_Manufacturer_String             0x08006435   Thumb Code     2  usbh_usr.o(i.USBH_USR_Manufacturer_String)
    USBH_USR_OverCurrentDetected             0x08006437   Thumb Code     2  usbh_usr.o(i.USBH_USR_OverCurrentDetected)
    USBH_USR_Product_String                  0x08006439   Thumb Code     2  usbh_usr.o(i.USBH_USR_Product_String)
    USBH_USR_ResetDevice                     0x0800643b   Thumb Code     2  usbh_usr.o(i.USBH_USR_ResetDevice)
    USBH_USR_SerialNum_String                0x0800643d   Thumb Code     2  usbh_usr.o(i.USBH_USR_SerialNum_String)
    USBH_USR_UnrecoveredError                0x0800643f   Thumb Code     2  usbh_usr.o(i.USBH_USR_UnrecoveredError)
    USBH_USR_UserInput                       0x08006441   Thumb Code     4  usbh_usr.o(i.USBH_USR_UserInput)
    USB_OTG_BSP_ConfigVBUS                   0x08006445   Thumb Code    60  usb_bsp.o(i.USB_OTG_BSP_ConfigVBUS)
    USB_OTG_BSP_DriveVBUS                    0x08006485   Thumb Code    18  usb_bsp.o(i.USB_OTG_BSP_DriveVBUS)
    USB_OTG_BSP_EnableInterrupt              0x0800649d   Thumb Code    64  usb_bsp.o(i.USB_OTG_BSP_EnableInterrupt)
    USB_OTG_BSP_Init                         0x080064dd   Thumb Code   180  usb_bsp.o(i.USB_OTG_BSP_Init)
    USB_OTG_BSP_TimerIRQ                     0x08006595   Thumb Code    50  usb_bsp.o(i.USB_OTG_BSP_TimerIRQ)
    USB_OTG_BSP_mDelay                       0x080065cd   Thumb Code     6  usb_bsp.o(i.USB_OTG_BSP_mDelay)
    USB_OTG_BSP_uDelay                       0x080065d3   Thumb Code     6  usb_bsp.o(i.USB_OTG_BSP_uDelay)
    USB_OTG_CoreInit                         0x080065d9   Thumb Code   218  usb_core.o(i.USB_OTG_CoreInit)
    USB_OTG_CoreInitHost                     0x080066b5   Thumb Code   150  usb_core.o(i.USB_OTG_CoreInitHost)
    USB_OTG_DisableGlobalInt                 0x080067a5   Thumb Code    16  usb_core.o(i.USB_OTG_DisableGlobalInt)
    USB_OTG_DriveVbus                        0x080067b5   Thumb Code    60  usb_core.o(i.USB_OTG_DriveVbus)
    USB_OTG_EnableGlobalInt                  0x080067f1   Thumb Code    16  usb_core.o(i.USB_OTG_EnableGlobalInt)
    USB_OTG_EnableHostInt                    0x08006801   Thumb Code    62  usb_core.o(i.USB_OTG_EnableHostInt)
    USB_OTG_FlushRxFifo                      0x08006845   Thumb Code    52  usb_core.o(i.USB_OTG_FlushRxFifo)
    USB_OTG_FlushTxFifo                      0x0800687d   Thumb Code    60  usb_core.o(i.USB_OTG_FlushTxFifo)
    USB_OTG_HC_DoPing                        0x080068bd   Thumb Code    42  usb_core.o(i.USB_OTG_HC_DoPing)
    USB_OTG_HC_Halt                          0x080068e7   Thumb Code    60  usb_core.o(i.USB_OTG_HC_Halt)
    USB_OTG_HC_Init                          0x08006925   Thumb Code   230  usb_core.o(i.USB_OTG_HC_Init)
    USB_OTG_HC_StartXfer                     0x08006a0b   Thumb Code   258  usb_core.o(i.USB_OTG_HC_StartXfer)
    USB_OTG_InitFSLSPClkSel                  0x08006b0d   Thumb Code    12  usb_core.o(i.USB_OTG_InitFSLSPClkSel)
    USB_OTG_IsEvenFrame                      0x08006b19   Thumb Code    12  usb_core.o(i.USB_OTG_IsEvenFrame)
    USB_OTG_IsHostMode                       0x08006b25   Thumb Code    16  usb_core.o(i.USB_OTG_IsHostMode)
    USB_OTG_ReadCoreItr                      0x08006b35   Thumb Code    10  usb_core.o(i.USB_OTG_ReadCoreItr)
    USB_OTG_ReadHPRT0                        0x08006b3f   Thumb Code    12  usb_core.o(i.USB_OTG_ReadHPRT0)
    USB_OTG_ReadHostAllChannels_intr         0x08006b4b   Thumb Code     6  usb_core.o(i.USB_OTG_ReadHostAllChannels_intr)
    USB_OTG_ReadPacket                       0x08006b51   Thumb Code    32  usb_core.o(i.USB_OTG_ReadPacket)
    USB_OTG_ResetPort                        0x08006b71   Thumb Code    42  usb_core.o(i.USB_OTG_ResetPort)
    USB_OTG_SelectCore                       0x08006b9d   Thumb Code   188  usb_core.o(i.USB_OTG_SelectCore)
    USB_OTG_SetCurrentMode                   0x08006c5d   Thumb Code    42  usb_core.o(i.USB_OTG_SetCurrentMode)
    USB_OTG_WritePacket                      0x080079c5   Thumb Code    40  usb_core.o(i.USB_OTG_WritePacket)
    UsageFault_Handler                       0x08007d75   Thumb Code     2  stm32f4xx_it.o(i.UsageFault_Handler)
    WavaRecorderHeaderInit                   0x08007d77   Thumb Code   180  waverecorder.o(i.WavaRecorderHeaderInit)
    WavePlayerInit                           0x08007e2d   Thumb Code    26  waveplayer.o(i.WavePlayerInit)
    WavePlayerStart                          0x08007e4d   Thumb Code     4  waveplayer.o(i.WavePlayerStart)
    WavePlayerStop                           0x08007e51   Thumb Code     6  waveplayer.o(i.WavePlayerStop)
    WavePlayer_CallBack                      0x08007e59   Thumb Code    76  waveplayer.o(i.WavePlayer_CallBack)
    WaveRecorderInit                         0x08007ebd   Thumb Code   256  waverecorder.o(i.WaveRecorderInit)
    WaveRecorderStart                        0x08007fdd   Thumb Code    40  waverecorder.o(i.WaveRecorderStart)
    WaveRecorderStop                         0x0800800d   Thumb Code    24  waverecorder.o(i.WaveRecorderStop)
    WaveRecorderUpdate                       0x0800802d   Thumb Code   472  waverecorder.o(i.WaveRecorderUpdate)
    __0sprintf$2                             0x08008369   Thumb Code    34  printf2.o(i.__0sprintf$2)
    __1sprintf$2                             0x08008369   Thumb Code     0  printf2.o(i.__0sprintf$2)
    __2sprintf                               0x08008369   Thumb Code     0  printf2.o(i.__0sprintf$2)
    __scatterload_copy                       0x08008391   Thumb Code    14  handlers.o(i.__scatterload_copy)
    __scatterload_null                       0x0800839f   Thumb Code     2  handlers.o(i.__scatterload_null)
    __scatterload_zeroinit                   0x080083a1   Thumb Code    14  handlers.o(i.__scatterload_zeroinit)
    chk_mounted                              0x080084e5   Thumb Code   472  ff.o(i.chk_mounted)
    clust2sect                               0x080086c9   Thumb Code    24  ff.o(i.clust2sect)
    disk_initialize                          0x08008b19   Thumb Code    24  usbh_msc_fatfs.o(i.disk_initialize)
    disk_ioctl                               0x08008b39   Thumb Code    56  usbh_msc_fatfs.o(i.disk_ioctl)
    disk_read                                0x08008b79   Thumb Code    86  usbh_msc_fatfs.o(i.disk_read)
    disk_status                              0x08008bdd   Thumb Code    12  usbh_msc_fatfs.o(i.disk_status)
    disk_write                               0x08008bed   Thumb Code    96  usbh_msc_fatfs.o(i.disk_write)
    f_close                                  0x08008c59   Thumb Code    18  ff.o(i.f_close)
    f_lseek                                  0x08008c6b   Thumb Code   344  ff.o(i.f_lseek)
    f_mount                                  0x08008dc5   Thumb Code    26  ff.o(i.f_mount)
    f_open                                   0x08008de5   Thumb Code   330  ff.o(i.f_open)
    f_opendir                                0x08008f2f   Thumb Code    78  ff.o(i.f_opendir)
    f_read                                   0x08008f7d   Thumb Code   372  ff.o(i.f_read)
    f_readdir                                0x080090f1   Thumb Code    80  ff.o(i.f_readdir)
    f_sync                                   0x08009141   Thumb Code   164  ff.o(i.f_sync)
    f_unlink                                 0x080091e5   Thumb Code   144  ff.o(i.f_unlink)
    f_write                                  0x08009275   Thumb Code   434  ff.o(i.f_write)
    get_fat                                  0x080094e3   Thumb Code   206  ff.o(i.get_fat)
    get_fattime                              0x080095b1   Thumb Code     4  fattime.o(i.get_fattime)
    load_file                                0x08009819   Thumb Code   114  audio.o(i.load_file)
    main                                     0x08009895   Thumb Code   134  main.o(i.main)
    put_fat                                  0x080099bf   Thumb Code   308  ff.o(i.put_fat)
    set_isp_pll                              0x08009be1   Thumb Code    66  audio.o(i.set_isp_pll)
    xmp3_AllocateBuffers                     0x08009d01   Thumb Code   122  buffers.o(i.xmp3_AllocateBuffers)
    xmp3_CalcBitsUsed                        0x08009d99   Thumb Code    14  bitstream.o(i.xmp3_CalcBitsUsed)
    xmp3_CheckPadBit                         0x08009da7   Thumb Code    22  bitstream.o(i.xmp3_CheckPadBit)
    xmp3_DecodeHuffman                       0x08009dbd   Thumb Code   392  huffman.o(i.xmp3_DecodeHuffman)
    xmp3_DequantChannel                      0x08009f45   Thumb Code   482  dqchan.o(i.xmp3_DequantChannel)
    xmp3_Dequantize                          0x0800a12d   Thumb Code   488  dequant.o(i.xmp3_Dequantize)
    xmp3_FDCT32                              0x0800a315   Thumb Code  1688  dct32.o(i.xmp3_FDCT32)
    xmp3_FreeBuffers                         0x0800a9ad   Thumb Code     2  buffers.o(i.xmp3_FreeBuffers)
    xmp3_GetBits                             0x0800a9af   Thumb Code    74  bitstream.o(i.xmp3_GetBits)
    xmp3_IMDCT                               0x0800a9f9   Thumb Code   296  imdct.o(i.xmp3_IMDCT)
    xmp3_IntensityProcMPEG1                  0x0800ab21   Thumb Code   556  stproc.o(i.xmp3_IntensityProcMPEG1)
    xmp3_IntensityProcMPEG2                  0x0800ad55   Thumb Code   578  stproc.o(i.xmp3_IntensityProcMPEG2)
    xmp3_MidSideProc                         0x0800afa1   Thumb Code    88  stproc.o(i.xmp3_MidSideProc)
    xmp3_SetBitstreamPointer                 0x0800aff9   Thumb Code    12  bitstream.o(i.xmp3_SetBitstreamPointer)
    xmp3_Subband                             0x0800b005   Thumb Code   260  subband.o(i.xmp3_Subband)
    xmp3_UnpackFrameHeader                   0x0800b10d   Thumb Code   458  bitstream.o(i.xmp3_UnpackFrameHeader)
    xmp3_UnpackScaleFactors                  0x0800b2f1   Thumb Code   246  scalfact.o(i.xmp3_UnpackScaleFactors)
    xmp3_UnpackSideInfo                      0x0800b3e9   Thumb Code   540  bitstream.o(i.xmp3_UnpackSideInfo)
    BUTTON_PORT_SOURCE                       0x0800b604   Data           1  stm32f4_discovery.o(.constdata)
    BUTTON_PIN_SOURCE                        0x0800b605   Data           1  stm32f4_discovery.o(.constdata)
    BUTTON_IRQn                              0x0800b606   Data           1  stm32f4_discovery.o(.constdata)
    BUTTON_PIN                               0x0800b608   Data           2  stm32f4_discovery.o(.constdata)
    BUTTON_EXTI_LINE                         0x0800b60a   Data           2  stm32f4_discovery.o(.constdata)
    BUTTON_CLK                               0x0800b60c   Data           4  stm32f4_discovery.o(.constdata)
    GPIO_PIN                                 0x0800b610   Data           8  stm32f4_discovery.o(.constdata)
    GPIO_CLK                                 0x0800b618   Data          16  stm32f4_discovery.o(.constdata)
    xmp3_samplerateTab                       0x0800b628   Data          36  mp3tabs.o(.constdata)
    xmp3_bitrateTab                          0x0800b64c   Data         270  mp3tabs.o(.constdata)
    xmp3_samplesPerFrameTab                  0x0800b75a   Data          18  mp3tabs.o(.constdata)
    xmp3_sideBytesTab                        0x0800b76c   Data          12  mp3tabs.o(.constdata)
    xmp3_slotTab                             0x0800b778   Data         270  mp3tabs.o(.constdata)
    xmp3_sfBandTable                         0x0800b886   Data         666  mp3tabs.o(.constdata)
    xmp3_imdctWin                            0x0800bb20   Data         576  trigtabs.o(.constdata)
    xmp3_ISFMpeg1                            0x0800bd60   Data          56  trigtabs.o(.constdata)
    xmp3_ISFMpeg2                            0x0800bd98   Data         256  trigtabs.o(.constdata)
    xmp3_ISFIIP                              0x0800be98   Data          16  trigtabs.o(.constdata)
    xmp3_csa                                 0x0800bea8   Data          64  trigtabs.o(.constdata)
    xmp3_polyCoef                            0x0800bee8   Data        1056  trigtabs.o(.constdata)
    xmp3_huffTable                           0x0800c618   Data        8484  hufftabs.o(.constdata)
    xmp3_huffTabOffset                       0x0800e73c   Data         128  hufftabs.o(.constdata)
    xmp3_huffTabLookup                       0x0800e7bc   Data         256  hufftabs.o(.constdata)
    xmp3_quadTable                           0x0800e8bc   Data          80  hufftabs.o(.constdata)
    xmp3_quadTabOffset                       0x0800e90c   Data           8  hufftabs.o(.constdata)
    xmp3_quadTabMaxBits                      0x0800e914   Data           8  hufftabs.o(.constdata)
    Region$$Table$$Base                      0x0800e9f0   Number         0  anon$$obj.o(Region$$Table)
    Region$$Table$$Limit                     0x0800ea10   Number         0  anon$$obj.o(Region$$Table)
    RepeatState                              0x20000000   Data           1  main.o(.data)
    CCR_Val                                  0x20000002   Data           2  main.o(.data)
    PauseResumeStatus                        0x20000004   Data           1  stm32f4xx_it.o(.data)
    Count                                    0x20000005   Data           1  stm32f4xx_it.o(.data)
    LED_Toggle                               0x20000006   Data           1  stm32f4xx_it.o(.data)
    capture                                  0x20000008   Data           2  stm32f4xx_it.o(.data)
    Time_Rec_Base                            0x2000000a   Data           2  stm32f4xx_it.o(.data)
    SWCNT                                    0x2000000c   Data           4  stm32f4xx_it.o(.data)
    SystemCoreClock                          0x20000010   Data           4  system_stm32f4xx.o(.data)
    AHBPrescTable                            0x20000014   Data          16  system_stm32f4xx.o(.data)
    BSP_delay                                0x20000024   Data           4  usb_bsp.o(.data)
    Command_index                            0x20000028   Data           1  usbh_usr.o(.data)
    USR_Callbacks                            0x2000002c   Data          72  usbh_usr.o(.data)
    buffer_switch                            0x20000074   Data           1  waveplayer.o(.data)
    volume                                   0x20000075   Data           1  waveplayer.o(.data)
    AudioPlayStart                           0x20000076   Data           1  waveplayer.o(.data)
    XferCplt                                 0x20000078   Data           4  waveplayer.o(.data)
    WaveDataLength                           0x2000007c   Data           4  waveplayer.o(.data)
    BytesRead                                0x20000080   Data           4  waveplayer.o(.data)
    WaveCounter                              0x20000084   Data           4  waveplayer.o(.data)
    Buffer                                   0x2000008c   Data           6  waveplayer.o(.data)
    WaveRecStatus                            0x20000094   Data           1  waverecorder.o(.data)
    Switch                                   0x20000095   Data           1  waverecorder.o(.data)
    buf_idx                                  0x20000096   Data           2  waverecorder.o(.data)
    buf_idx1                                 0x20000098   Data           2  waverecorder.o(.data)
    counter                                  0x2000009a   Data           2  waverecorder.o(.data)
    bytesWritten                             0x2000009c   Data           2  waverecorder.o(.data)
    AudioRecBitRes                           0x200000a4   Data           4  waverecorder.o(.data)
    Data_Status                              0x200000a8   Data           4  waverecorder.o(.data)
    AudioRecChnlNbr                          0x200000ac   Data           4  waverecorder.o(.data)
    AudioRecCurrSize                         0x200000b0   Data           4  waverecorder.o(.data)
    writebuffer                              0x200000b8   Data           4  waverecorder.o(.data)
    pAudioRecBuf                             0x200000bc   Data           4  waverecorder.o(.data)
    BUTTON_PORT                              0x200000c0   Data           4  stm32f4_discovery.o(.data)
    GPIO_PORT                                0x200000c4   Data          16  stm32f4_discovery.o(.data)
    LIS302DLTimeout                          0x200000d4   Data           4  stm32f4_discovery_lis302dl.o(.data)
    OutputDev                                0x200000d8   Data           1  stm32f4_discovery_audio_codec.o(.data)
    AudioTotalSize                           0x200000dc   Data           4  stm32f4_discovery_audio_codec.o(.data)
    AudioRemSize                             0x200000e0   Data           4  stm32f4_discovery_audio_codec.o(.data)
    CODECTimeout                             0x200000e4   Data           4  stm32f4_discovery_audio_codec.o(.data)
    CurrAudioInterface                       0x200000e8   Data           4  stm32f4_discovery_audio_codec.o(.data)
    AUDIO_MAL_DMA_CLOCK                      0x200000ec   Data           4  stm32f4_discovery_audio_codec.o(.data)
    AUDIO_MAL_DMA_STREAM                     0x200000f0   Data           4  stm32f4_discovery_audio_codec.o(.data)
    AUDIO_MAL_DMA_DREG                       0x200000f4   Data           4  stm32f4_discovery_audio_codec.o(.data)
    AUDIO_MAL_DMA_CHANNEL                    0x200000f8   Data           4  stm32f4_discovery_audio_codec.o(.data)
    AUDIO_MAL_DMA_IRQ                        0x200000fc   Data           4  stm32f4_discovery_audio_codec.o(.data)
    AUDIO_MAL_DMA_FLAG_TC                    0x20000100   Data           4  stm32f4_discovery_audio_codec.o(.data)
    AUDIO_MAL_DMA_FLAG_HT                    0x20000104   Data           4  stm32f4_discovery_audio_codec.o(.data)
    AUDIO_MAL_DMA_FLAG_FE                    0x20000108   Data           4  stm32f4_discovery_audio_codec.o(.data)
    AUDIO_MAL_DMA_FLAG_TE                    0x2000010c   Data           4  stm32f4_discovery_audio_codec.o(.data)
    AUDIO_MAL_DMA_FLAG_DME                   0x20000110   Data           4  stm32f4_discovery_audio_codec.o(.data)
    CurrentPos                               0x20000114   Data           4  stm32f4_discovery_audio_codec.o(.data)
    MSCErrorCount                            0x2000013c   Data           1  usbh_msc_core.o(.data)
    USBH_MSC_cb                              0x20000140   Data          16  usbh_msc_core.o(.data)
    USBH_DeviceConnStatus_cb                 0x20000158   Data          12  usbh_core.o(.data)
    BufferStatus                             0x2000016c   Data           1  audio.o(.data)
    audio_buffer_fill                        0x2000016d   Data           1  audio.o(.data)
    AUDIO_Playback_status                    0x2000016e   Data           1  audio.o(.data)
    AUDIO_Format                             0x2000016f   Data           1  audio.o(.data)
    res                                      0x20000170   Data           1  audio.o(.data)
    bytesLeft                                0x20000178   Data           4  audio.o(.data)
    outOfData                                0x2000017c   Data           4  audio.o(.data)
    readPtr                                  0x20000180   Data           4  audio.o(.data)
    n_Read                                   0x20000184   Data           4  audio.o(.data)
    MP3_Data_Index                           0x20000188   Data           4  audio.o(.data)
    bufferstatus_local                       0x2000018c   Data           1  audio.o(.data)
    stm32_crc                                0x20000190   Data           4  pdm_filter.o(.data)
    T0                                       0x20000194   Data         256  pdm_filter.o(.data)
    T1                                       0x20000294   Data         256  pdm_filter.o(.data)
    T2                                       0x20000394   Data         256  pdm_filter.o(.data)
    USB_OTG_Core                             0x20000494   Data        1200  main.o(.bss)
    USB_Host                                 0x20000944   Data         132  main.o(.bss)
    RCC_Clocks                               0x200009c8   Data          16  main.o(.bss)
    fatfs                                    0x200009d8   Data        1072  usbh_usr.o(.bss)
    file                                     0x20000e08   Data        1060  usbh_usr.o(.bss)
    RAM_Buf                                  0x2000122c   Data         750  waverecorder.o(.bss)
    RAM_Buf1                                 0x2000151a   Data         750  waverecorder.o(.bss)
    Filter                                   0x20001808   Data          52  waverecorder.o(.bss)
    RecBuf                                   0x2000183c   Data          32  waverecorder.o(.bss)
    RecBuf1                                  0x2000185c   Data          32  waverecorder.o(.bss)
    RecBufHeader                             0x2000187c   Data         512  waverecorder.o(.bss)
    DMA_InitStructure                        0x20001afc   Data          60  stm32f4_discovery_audio_codec.o(.bss)
    USBH_MSC_Param                           0x20001b38   Data          16  usbh_msc_scsi.o(.bss)
    USBH_DataInBuffer                        0x20001b48   Data         512  usbh_msc_scsi.o(.bss)
    USBH_MSC_CBWData                         0x20001d48   Data          32  usbh_msc_bot.o(.bss)
    USBH_MSC_CSWData                         0x20001d68   Data          16  usbh_msc_bot.o(.bss)
    USBH_MSC_BOTXferParam                    0x20001d78   Data          16  usbh_msc_bot.o(.bss)
    MSC_Machine                              0x20001d88   Data          74  usbh_msc_core.o(.bss)
    Buff                                     0x20001dd4   Data        4096  audio.o(.bss)
    AudioBuffer                              0x20002dd4   Data        9216  audio.o(.bss)
    mp3FrameInfo                             0x200051d4   Data          28  audio.o(.bss)
    readBuf                                  0x200051f0   Data        5120  audio.o(.bss)
    fs                                       0x200065f0   Data        1072  audio.o(.bss)
    Finfo                                    0x20006a20   Data          24  audio.o(.bss)
    mp3DecInfo                               0x20006a38   Data        2032  buffers.o(.bss)
    sbi                                      0x20007228   Data        8708  buffers.o(.bss)
    mi                                       0x2000942c   Data        6944  buffers.o(.bss)
    hi                                       0x2000af4c   Data        4624  buffers.o(.bss)
    di                                       0x2000c15c   Data         840  buffers.o(.bss)
    sfi                                      0x2000c4a4   Data         284  buffers.o(.bss)
    si                                       0x2000c5c0   Data         328  buffers.o(.bss)
    fh                                       0x2000c708   Data          56  buffers.o(.bss)
    mp3_info                                 0x2000c740   Data         104  mp3header.o(.bss)
    __initial_sp                             0x2000d7a8   Data           0  startup_stm32f4xx.o(STACK)



==============================================================================

Memory Map of the image

  Image Entry point : 0x08000189

  Load Region LR_IROM1 (Base: 0x08000000, Size: 0x0000eea4, Max: 0x00100000, ABSOLUTE, COMPRESSED[0x0000ecc8])

    Execution Region ER_IROM1 (Base: 0x08000000, Size: 0x0000ea10, Max: 0x00100000, ABSOLUTE)

    Base Addr    Size         Type   Attr      Idx    E Section Name        Object

    0x08000000   0x00000188   Data   RO         3138    RESET               startup_stm32f4xx.o
    0x08000188   0x00000000   Code   RO         4683  * .ARM.Collect$$$$00000000  mc_w.l(entry.o)
    0x08000188   0x00000004   Code   RO         5011    .ARM.Collect$$$$00000001  mc_w.l(entry2.o)
    0x0800018c   0x00000004   Code   RO         5014    .ARM.Collect$$$$00000004  mc_w.l(entry5.o)
    0x08000190   0x00000000   Code   RO         5016    .ARM.Collect$$$$00000008  mc_w.l(entry7b.o)
    0x08000190   0x00000008   Code   RO         5017    .ARM.Collect$$$$00000009  mc_w.l(entry8.o)
    0x08000198   0x00000004   Code   RO         5012    .ARM.Collect$$$$00002712  mc_w.l(entry2.o)
    0x0800019c   0x00000024   Code   RO         3139    .text               startup_stm32f4xx.o
    0x080001c0   0x00000016   Code   RO         4618    .text               asmmisc.o
    0x080001d6   0x00000002   PAD
    0x080001d8   0x0000080e   Code   RO         4622    .text               asmpoly_thumb2.o
    0x080009e6   0x00000002   PAD
    0x080009e8   0x00000bfc   Code   RO         4680    .text               libPDMFilter_Keil.lib(pdm_filter.o)
    0x080015e4   0x00000040   Code   RO         4688    .text               mc_w.l(memmovea.o)
    0x08001624   0x00000026   Code   RO         4690    .text               mc_w.l(memseta.o)
    0x0800164a   0x0000002c   Code   RO         4694    .text               mc_w.l(strstr.o)
    0x08001676   0x00000018   Code   RO         4696    .text               mc_w.l(strncpy.o)
    0x0800168e   0x00000010   Code   RO         4698    .text               mc_w.l(strlen.o)
    0x0800169e   0x0000001e   Code   RO         4702    .text               mc_w.l(strncmp.o)
    0x080016bc   0x00000018   Code   RO         4997    .text               mf_w.l(fscalb.o)
    0x080016d4   0x0000014c   Code   RO         4999    .text               mf_w.l(dadd.o)
    0x08001820   0x000000e0   Code   RO         5001    .text               mf_w.l(dmul.o)
    0x08001900   0x000000de   Code   RO         5003    .text               mf_w.l(ddiv.o)
    0x080019de   0x0000001a   Code   RO         5005    .text               mf_w.l(dfltui.o)
    0x080019f8   0x0000002e   Code   RO         5007    .text               mf_w.l(dfixui.o)
    0x08001a26   0x0000002c   Code   RO         5009    .text               mf_w.l(f2d.o)
    0x08001a52   0x0000001e   Code   RO         5025    .text               mc_w.l(llshl.o)
    0x08001a70   0x00000020   Code   RO         5027    .text               mc_w.l(llushr.o)
    0x08001a90   0x00000024   Code   RO         5029    .text               mc_w.l(llsshr.o)
    0x08001ab4   0x00000000   Code   RO         5033    .text               mc_w.l(iusefp.o)
    0x08001ab4   0x000000be   Code   RO         5034    .text               mf_w.l(depilogue.o)
    0x08001b72   0x00000002   PAD
    0x08001b74   0x00000024   Code   RO         5040    .text               mc_w.l(init.o)
    0x08001b98   0x0000005c   Code   RO         5052    .text               mc_w.l(__dczerorl2.o)
    0x08001bf4   0x00000074   Code   RO         4139    i.AUDIO_Init_audio_mode  audio.o
    0x08001c68   0x00000014   Code   RO         4140    i.AUDIO_PlaybackBuffer_GetStatus  audio.o
    0x08001c7c   0x0000001c   Code   RO         4141    i.AUDIO_Playback_Stop  audio.o
    0x08001c98   0x0000021c   Code   RO         4503    i.AntiAlias         imdct.o
    0x08001eb4   0x00000020   Code   RO         4142    i.AudioStart        audio.o
    0x08001ed4   0x00000048   Code   RO          900    i.Audio_MAL_IRQHandler  stm32f4_discovery_audio_codec.o
    0x08001f1c   0x000000d4   Code   RO          901    i.Audio_MAL_Init    stm32f4_discovery_audio_codec.o
    0x08001ff0   0x00000050   Code   RO          902    i.Audio_MAL_Play    stm32f4_discovery_audio_codec.o
    0x08002040   0x00000024   Code   RO          365    i.BSP_Delay         usb_bsp.o
    0x08002064   0x0000006a   Code   RO          367    i.BSP_SetTime       usb_bsp.o
    0x080020ce   0x00000002   Code   RO          230    i.BusFault_Handler  stm32f4xx_it.o
    0x080020d0   0x00000016   Code   RO         4419    i.CLZ               dequant.o
    0x080020e6   0x00000016   Code   RO         4439    i.CLZ               dqchan.o
    0x080020fc   0x00000028   Code   RO          437    i.COMMAND_AudioExecuteApplication  usbh_usr.o
    0x08002124   0x00000010   Code   RO         4375    i.ClearBuffer       buffers.o
    0x08002134   0x0000006c   Code   RO          903    i.Codec_AudioInterface_Init  stm32f4_discovery_audio_codec.o
    0x080021a0   0x0000011c   Code   RO          905    i.Codec_GPIO_Init   stm32f4_discovery_audio_codec.o
    0x080022bc   0x00000128   Code   RO          906    i.Codec_Init        stm32f4_discovery_audio_codec.o
    0x080023e4   0x00000018   Code   RO          907    i.Codec_Mute        stm32f4_discovery_audio_codec.o
    0x080023fc   0x00000170   Code   RO          908    i.Codec_ReadRegister  stm32f4_discovery_audio_codec.o
    0x0800256c   0x00000028   Code   RO          909    i.Codec_Reset       stm32f4_discovery_audio_codec.o
    0x08002594   0x00000004   Code   RO          579    i.Codec_TIMEOUT_UserCallback  waveplayer.o
    0x08002598   0x00000024   Code   RO          910    i.Codec_VolumeCtrl  stm32f4_discovery_audio_codec.o
    0x080025bc   0x00000100   Code   RO          911    i.Codec_WriteRegister  stm32f4_discovery_audio_codec.o
    0x080026bc   0x00000018   Code   RO         1374    i.DAC_Cmd           stm32f4xx_dac.o
    0x080026d4   0x00000050   Code   RO          912    i.DAC_Config        stm32f4_discovery_audio_codec.o
    0x08002724   0x00000028   Code   RO         1382    i.DAC_Init          stm32f4xx_dac.o
    0x0800274c   0x0000000c   Code   RO         1383    i.DAC_SetChannel1Data  stm32f4xx_dac.o
    0x08002758   0x00000004   Code   RO          913    i.DMA1_Stream0_IRQHandler  stm32f4_discovery_audio_codec.o
    0x0800275c   0x00000004   Code   RO          914    i.DMA1_Stream7_IRQHandler  stm32f4_discovery_audio_codec.o
    0x08002760   0x0000002c   Code   RO         1484    i.DMA_ClearFlag     stm32f4xx_dma.o
    0x0800278c   0x00000014   Code   RO         1486    i.DMA_Cmd           stm32f4xx_dma.o
    0x080027a0   0x00000124   Code   RO         1487    i.DMA_DeInit        stm32f4xx_dma.o
    0x080028c4   0x00000034   Code   RO         1495    i.DMA_GetFlagStatus  stm32f4xx_dma.o
    0x080028f8   0x0000002c   Code   RO         1497    i.DMA_ITConfig      stm32f4xx_dma.o
    0x08002924   0x00000054   Code   RO         1498    i.DMA_Init          stm32f4xx_dma.o
    0x08002978   0x00000002   Code   RO          231    i.DebugMon_Handler  stm32f4xx_it.o
    0x0800297a   0x00000002   PAD
    0x0800297c   0x000002f0   Code   RO         4463    i.DecodeHuffmanPairs  huffman.o
    0x08002c6c   0x0000013c   Code   RO         4464    i.DecodeHuffmanQuads  huffman.o
    0x08002da8   0x0000018c   Code   RO         4440    i.DequantBlock      dqchan.o
    0x08002f34   0x00000004   Code   RO          582    i.EVAL_AUDIO_GetSampleCallBack  waveplayer.o
    0x08002f38   0x00000020   Code   RO          583    i.EVAL_AUDIO_HalfTransfer_CallBack  waveplayer.o
    0x08002f58   0x00000028   Code   RO          916    i.EVAL_AUDIO_Init   stm32f4_discovery_audio_codec.o
    0x08002f80   0x0000008c   Code   RO          920    i.EVAL_AUDIO_SetAudioInterface  stm32f4_discovery_audio_codec.o
    0x0800300c   0x00000078   Code   RO          921    i.EVAL_AUDIO_Stop   stm32f4_discovery_audio_codec.o
    0x08003084   0x00000038   Code   RO          584    i.EVAL_AUDIO_TransferComplete_CallBack  waveplayer.o
    0x080030bc   0x00000030   Code   RO          232    i.EXTI0_IRQHandler  stm32f4xx_it.o
    0x080030ec   0x00000034   Code   RO          233    i.EXTI1_IRQHandler  stm32f4xx_it.o
    0x08003120   0x0000000c   Code   RO         1609    i.EXTI_ClearITPendingBit  stm32f4xx_exti.o
    0x0800312c   0x00000020   Code   RO         1613    i.EXTI_GetITStatus  stm32f4xx_exti.o
    0x0800314c   0x00000070   Code   RO         1614    i.EXTI_Init         stm32f4xx_exti.o
    0x080031bc   0x00000124   Code   RO         4143    i.FillBuffer        audio.o
    0x080032e0   0x00000152   Code   RO         4504    i.FreqInvertRescale  imdct.o
    0x08003432   0x00000002   PAD
    0x08003434   0x0000007c   Code   RO         1857    i.GPIO_Init         stm32f4xx_gpio.o
    0x080034b0   0x00000020   Code   RO         1858    i.GPIO_PinAFConfig  stm32f4xx_gpio.o
    0x080034d0   0x00000004   Code   RO         1864    i.GPIO_ResetBits    stm32f4xx_gpio.o
    0x080034d4   0x00000004   Code   RO         1865    i.GPIO_SetBits      stm32f4xx_gpio.o
    0x080034d8   0x0000000a   Code   RO         1869    i.GPIO_WriteBit     stm32f4xx_gpio.o
    0x080034e2   0x00000008   Code   RO         3383    i.HCD_GetCurrentFrame  usb_hcd.o
    0x080034ea   0x0000000c   Code   RO         3384    i.HCD_GetCurrentSpeed  usb_hcd.o
    0x080034f6   0x00000008   Code   RO         3386    i.HCD_GetURB_State  usb_hcd.o
    0x080034fe   0x0000000a   Code   RO         3387    i.HCD_GetXferCnt    usb_hcd.o
    0x08003508   0x00000056   Code   RO         3389    i.HCD_Init          usb_hcd.o
    0x0800355e   0x00000006   Code   RO         3390    i.HCD_IsDeviceConnected  usb_hcd.o
    0x08003564   0x0000000a   Code   RO         3391    i.HCD_ResetPort     usb_hcd.o
    0x0800356e   0x00000014   Code   RO         3392    i.HCD_SubmitRequest  usb_hcd.o
    0x08003582   0x00000002   Code   RO          234    i.HardFault_Handler  stm32f4xx_it.o
    0x08003584   0x0000014c   Code   RO         4505    i.HybridTransform   imdct.o
    0x080036d0   0x00000014   Code   RO         1951    i.I2C_AcknowledgeConfig  stm32f4xx_i2c.o
    0x080036e4   0x00000018   Code   RO         1953    i.I2C_CheckEvent    stm32f4xx_i2c.o
    0x080036fc   0x00000006   Code   RO         1954    i.I2C_ClearFlag     stm32f4xx_i2c.o
    0x08003702   0x00000014   Code   RO         1956    i.I2C_Cmd           stm32f4xx_i2c.o
    0x08003716   0x00000002   PAD
    0x08003718   0x00000044   Code   RO         1959    i.I2C_DeInit        stm32f4xx_i2c.o
    0x0800375c   0x00000014   Code   RO         1963    i.I2C_GenerateSTART  stm32f4xx_i2c.o
    0x08003770   0x00000014   Code   RO         1964    i.I2C_GenerateSTOP  stm32f4xx_i2c.o
    0x08003784   0x0000001e   Code   RO         1965    i.I2C_GetFlagStatus  stm32f4xx_i2c.o
    0x080037a2   0x00000002   PAD
    0x080037a4   0x000000b4   Code   RO         1970    i.I2C_Init          stm32f4xx_i2c.o
    0x08003858   0x00000006   Code   RO         1975    i.I2C_ReceiveData   stm32f4xx_i2c.o
    0x0800385e   0x00000010   Code   RO         1977    i.I2C_Send7bitAddress  stm32f4xx_i2c.o
    0x0800386e   0x00000004   Code   RO         1978    i.I2C_SendData      stm32f4xx_i2c.o
    0x08003872   0x00000014   Code   RO         2434    i.I2S_Cmd           stm32f4xx_spi.o
    0x08003886   0x00000002   PAD
    0x08003888   0x000000c0   Code   RO         2436    i.I2S_Init          stm32f4xx_spi.o
    0x08003948   0x000001bc   Code   RO         4506    i.IMDCT12x3         imdct.o
    0x08003b04   0x000001f0   Code   RO         4507    i.IMDCT36           imdct.o
    0x08003cf4   0x0000004c   Code   RO          824    i.LIS302DL_Read     stm32f4_discovery_lis302dl.o
    0x08003d40   0x00000064   Code   RO          827    i.LIS302DL_SendByte  stm32f4_discovery_lis302dl.o
    0x08003da4   0x00000002   Code   RO          585    i.LIS302DL_TIMEOUT_UserCallback  waveplayer.o
    0x08003da6   0x00000026   Code   RO         4243    i.MP3ClearBadFrame  mp3dec.o
    0x08003dcc   0x00000314   Code   RO         4244    i.MP3Decode         mp3dec.o
    0x080040e0   0x0000002c   Code   RO         4245    i.MP3FindSyncWord   mp3dec.o
    0x0800410c   0x0000000a   Code   RO         4246    i.MP3FreeDecoder    mp3dec.o
    0x08004116   0x00000002   PAD
    0x08004118   0x0000006c   Code   RO         4247    i.MP3GetLastFrameInfo  mp3dec.o
    0x08004184   0x00000004   Code   RO         4249    i.MP3InitDecoder    mp3dec.o
    0x08004188   0x00000002   Code   RO          235    i.MemManage_Handler  stm32f4xx_it.o
    0x0800418a   0x00000002   Code   RO          236    i.NMI_Handler       stm32f4xx_it.o
    0x0800418c   0x00000064   Code   RO         1094    i.NVIC_Init         misc.o
    0x080041f0   0x00000014   Code   RO         1095    i.NVIC_PriorityGroupConfig  misc.o
    0x08004204   0x00000014   Code   RO         1096    i.NVIC_SetVectorTable  misc.o
    0x08004218   0x0000000c   Code   RO          237    i.OTG_FS_IRQHandler  stm32f4xx_it.o
    0x08004224   0x00000002   Code   RO          238    i.PendSV_Handler    stm32f4xx_it.o
    0x08004226   0x00000002   PAD
    0x08004228   0x000001f8   Code   RO         4145    i.PlayAudioFile     audio.o
    0x08004420   0x00000018   Code   RO         2158    i.RCC_AHB1PeriphClockCmd  stm32f4xx_rcc.o
    0x08004438   0x00000018   Code   RO         2161    i.RCC_AHB2PeriphClockCmd  stm32f4xx_rcc.o
    0x08004450   0x00000018   Code   RO         2167    i.RCC_APB1PeriphClockCmd  stm32f4xx_rcc.o
    0x08004468   0x00000018   Code   RO         2169    i.RCC_APB1PeriphResetCmd  stm32f4xx_rcc.o
    0x08004480   0x00000018   Code   RO         2170    i.RCC_APB2PeriphClockCmd  stm32f4xx_rcc.o
    0x08004498   0x00000018   Code   RO         2172    i.RCC_APB2PeriphResetCmd  stm32f4xx_rcc.o
    0x080044b0   0x00000094   Code   RO         2179    i.RCC_GetClocksFreq  stm32f4xx_rcc.o
    0x08004544   0x00000060   Code   RO         4629    i.Read_ID3V1        mp3header.o
    0x080045a4   0x000001f8   Code   RO         4630    i.Read_ID3V2        mp3header.o
    0x0800479c   0x00000070   Code   RO         4320    i.RefillBitstreamCache  bitstream.o
    0x0800480c   0x00000050   Code   RO          716    i.SPI2_IRQHandler   waverecorder.o
    0x0800485c   0x00000040   Code   RO          923    i.SPI3_IRQHandler   stm32f4_discovery_audio_codec.o
    0x0800489c   0x00000010   Code   RO         2446    i.SPI_I2S_DMACmd    stm32f4xx_spi.o
    0x080048ac   0x00000054   Code   RO         2447    i.SPI_I2S_DeInit    stm32f4xx_spi.o
    0x08004900   0x0000000e   Code   RO         2448    i.SPI_I2S_GetFlagStatus  stm32f4xx_spi.o
    0x0800490e   0x00000028   Code   RO         2449    i.SPI_I2S_GetITStatus  stm32f4xx_spi.o
    0x08004936   0x00000018   Code   RO         2450    i.SPI_I2S_ITConfig  stm32f4xx_spi.o
    0x0800494e   0x00000004   Code   RO         2451    i.SPI_I2S_ReceiveData  stm32f4xx_spi.o
    0x08004952   0x00000004   Code   RO         2452    i.SPI_I2S_SendData  stm32f4xx_spi.o
    0x08004956   0x00000002   PAD
    0x08004958   0x00000048   Code   RO          766    i.STM_EVAL_LEDInit  stm32f4_discovery.o
    0x080049a0   0x00000018   Code   RO          767    i.STM_EVAL_LEDOff   stm32f4_discovery.o
    0x080049b8   0x00000018   Code   RO          768    i.STM_EVAL_LEDOn    stm32f4_discovery.o
    0x080049d0   0x0000001c   Code   RO          769    i.STM_EVAL_LEDToggle  stm32f4_discovery.o
    0x080049ec   0x00000098   Code   RO          771    i.STM_EVAL_PBInit   stm32f4_discovery.o
    0x08004a84   0x00000002   Code   RO          239    i.SVC_Handler       stm32f4xx_it.o
    0x08004a86   0x00000002   PAD
    0x08004a88   0x00000028   Code   RO         1051    i.SYSCFG_EXTILineConfig  stm32f4xx_syscfg.o
    0x08004ab0   0x000000c0   Code   RO          332    i.SetSysClock       system_stm32f4xx.o
    0x08004b70   0x00000020   Code   RO          240    i.SysTick_Handler   stm32f4xx_it.o
    0x08004b90   0x00000050   Code   RO          334    i.SystemInit        system_stm32f4xx.o
    0x08004be0   0x00000004   Code   RO          241    i.TIM2_IRQHandler   stm32f4xx_it.o
    0x08004be4   0x000000d8   Code   RO          242    i.TIM4_IRQHandler   stm32f4xx_it.o
    0x08004cbc   0x00000014   Code   RO         2596    i.TIM_ARRPreloadConfig  stm32f4xx_tim.o
    0x08004cd0   0x00000006   Code   RO         2603    i.TIM_ClearITPendingBit  stm32f4xx_tim.o
    0x08004cd6   0x00000014   Code   RO         2608    i.TIM_Cmd           stm32f4xx_tim.o
    0x08004cea   0x00000004   Code   RO         2623    i.TIM_GetCapture1   stm32f4xx_tim.o
    0x08004cee   0x00000016   Code   RO         2629    i.TIM_GetITStatus   stm32f4xx_tim.o
    0x08004d04   0x00000010   Code   RO         2633    i.TIM_ITConfig      stm32f4xx_tim.o
    0x08004d14   0x000000bc   Code   RO            2    i.TIM_LED_Config    main.o
    0x08004dd0   0x00000060   Code   RO         2637    i.TIM_OC1Init       stm32f4xx_tim.o
    0x08004e30   0x0000000c   Code   RO         2640    i.TIM_OC1PreloadConfig  stm32f4xx_tim.o
    0x08004e3c   0x00000004   Code   RO         2670    i.TIM_SetCompare1   stm32f4xx_tim.o
    0x08004e40   0x0000007c   Code   RO         2680    i.TIM_TimeBaseInit  stm32f4xx_tim.o
    0x08004ebc   0x00000014   Code   RO          587    i.TimingDelay_Decrement  waveplayer.o
    0x08004ed0   0x00000034   Code   RO         3771    i.USBH_Alloc_Channel  usbh_hcs.o
    0x08004f04   0x00000028   Code   RO         3811    i.USBH_BulkReceiveData  usbh_ioreq.o
    0x08004f2c   0x0000002e   Code   RO         3812    i.USBH_BulkSendData  usbh_ioreq.o
    0x08004f5a   0x0000002e   Code   RO         3649    i.USBH_ClrFeature   usbh_stdreq.o
    0x08004f88   0x00000012   Code   RO         3711    i.USBH_Connect      usbh_core.o
    0x08004f9a   0x00000024   Code   RO         3813    i.USBH_CtlReceiveData  usbh_ioreq.o
    0x08004fbe   0x00000050   Code   RO         3814    i.USBH_CtlReq       usbh_ioreq.o
    0x0800500e   0x00000002   PAD
    0x08005010   0x0000003a   Code   RO         3815    i.USBH_CtlSendData  usbh_ioreq.o
    0x0800504a   0x00000028   Code   RO         3816    i.USBH_CtlSendSetup  usbh_ioreq.o
    0x08005072   0x00000018   Code   RO         3772    i.USBH_DeAllocate_AllChannel  usbh_hcs.o
    0x0800508a   0x00000034   Code   RO         3712    i.USBH_DeInit       usbh_core.o
    0x080050be   0x00000012   Code   RO         3713    i.USBH_Disconnect   usbh_core.o
    0x080050d0   0x0000002c   Code   RO         3714    i.USBH_ErrorHandle  usbh_core.o
    0x080050fc   0x0000001a   Code   RO         3773    i.USBH_Free_Channel  usbh_hcs.o
    0x08005116   0x00000030   Code   RO         3650    i.USBH_GetDescriptor  usbh_stdreq.o
    0x08005146   0x0000000e   Code   RO         3651    i.USBH_GetNextDesc  usbh_stdreq.o
    0x08005154   0x00000038   Code   RO         3652    i.USBH_Get_CfgDesc  usbh_stdreq.o
    0x0800518c   0x00000084   Code   RO         3653    i.USBH_Get_DevDesc  usbh_stdreq.o
    0x08005210   0x0000004a   Code   RO         3654    i.USBH_Get_StringDesc  usbh_stdreq.o
    0x0800525a   0x00000002   PAD
    0x0800525c   0x000001d0   Code   RO         3715    i.USBH_HandleControl  usbh_core.o
    0x0800542c   0x00000198   Code   RO         3716    i.USBH_HandleEnum   usbh_core.o
    0x080055c4   0x00000058   Code   RO         3717    i.USBH_Init         usbh_core.o
    0x0800561c   0x00000038   Code   RO         3517    i.USBH_MSC_BOT_Abort  usbh_msc_bot.o
    0x08005654   0x0000000c   Code   RO         3558    i.USBH_MSC_ClassRequest  usbh_msc_core.o
    0x08005660   0x0000005c   Code   RO         3518    i.USBH_MSC_DecodeCSW  usbh_msc_bot.o
    0x080056bc   0x00000034   Code   RO         3559    i.USBH_MSC_ErrorHandle  usbh_msc_core.o
    0x080056f0   0x00000168   Code   RO         3560    i.USBH_MSC_Handle   usbh_msc_core.o
    0x08005858   0x00000204   Code   RO         3519    i.USBH_MSC_HandleBOTXfer  usbh_msc_bot.o
    0x08005a5c   0x0000003c   Code   RO         3520    i.USBH_MSC_Init     usbh_msc_bot.o
    0x08005a98   0x00000038   Code   RO         3561    i.USBH_MSC_InterfaceDeInit  usbh_msc_core.o
    0x08005ad0   0x000000a0   Code   RO         3562    i.USBH_MSC_InterfaceInit  usbh_msc_core.o
    0x08005b70   0x0000009c   Code   RO         3453    i.USBH_MSC_ModeSense6  usbh_msc_scsi.o
    0x08005c0c   0x000000dc   Code   RO         3454    i.USBH_MSC_Read10   usbh_msc_scsi.o
    0x08005ce8   0x000000a0   Code   RO         3455    i.USBH_MSC_ReadCapacity10  usbh_msc_scsi.o
    0x08005d88   0x000000a0   Code   RO         3456    i.USBH_MSC_RequestSense  usbh_msc_scsi.o
    0x08005e28   0x00000080   Code   RO         3457    i.USBH_MSC_TestUnitReady  usbh_msc_scsi.o
    0x08005ea8   0x000000a8   Code   RO         3458    i.USBH_MSC_Write10  usbh_msc_scsi.o
    0x08005f50   0x00000032   Code   RO         3774    i.USBH_Modify_Channel  usbh_hcs.o
    0x08005f82   0x000000a8   Code   RO         3317    i.USBH_OTG_ISR_Handler  usb_hcd_int.o
    0x0800602a   0x00000052   Code   RO         3775    i.USBH_Open_Channel  usbh_hcs.o
    0x0800607c   0x000000ea   Code   RO         3655    i.USBH_ParseCfgDesc  usbh_stdreq.o
    0x08006166   0x00000194   Code   RO         3718    i.USBH_Process      usbh_core.o
    0x080062fa   0x00000018   Code   RO         3656    i.USBH_SetAddress   usbh_stdreq.o
    0x08006312   0x00000018   Code   RO         3657    i.USBH_SetCfg       usbh_stdreq.o
    0x0800632a   0x00000002   Code   RO          438    i.USBH_USR_Configuration_DescAvailable  usbh_usr.o
    0x0800632c   0x0000000c   Code   RO          439    i.USBH_USR_DeInit   usbh_usr.o
    0x08006338   0x00000002   Code   RO          440    i.USBH_USR_DeviceAddressAssigned  usbh_usr.o
    0x0800633a   0x00000002   PAD
    0x0800633c   0x00000034   Code   RO          441    i.USBH_USR_DeviceAttached  usbh_usr.o
    0x08006370   0x0000005c   Code   RO          442    i.USBH_USR_DeviceDisconnected  usbh_usr.o
    0x080063cc   0x00000002   Code   RO          443    i.USBH_USR_DeviceNotSupported  usbh_usr.o
    0x080063ce   0x00000002   Code   RO          444    i.USBH_USR_DeviceSpeedDetected  usbh_usr.o
    0x080063d0   0x00000002   Code   RO          445    i.USBH_USR_Device_DescAvailable  usbh_usr.o
    0x080063d2   0x00000012   Code   RO          446    i.USBH_USR_EnumerationDone  usbh_usr.o
    0x080063e4   0x00000002   Code   RO          447    i.USBH_USR_Init     usbh_usr.o
    0x080063e6   0x00000002   PAD
    0x080063e8   0x0000004c   Code   RO          448    i.USBH_USR_MSC_Application  usbh_usr.o
    0x08006434   0x00000002   Code   RO          449    i.USBH_USR_Manufacturer_String  usbh_usr.o
    0x08006436   0x00000002   Code   RO          450    i.USBH_USR_OverCurrentDetected  usbh_usr.o
    0x08006438   0x00000002   Code   RO          451    i.USBH_USR_Product_String  usbh_usr.o
    0x0800643a   0x00000002   Code   RO          452    i.USBH_USR_ResetDevice  usbh_usr.o
    0x0800643c   0x00000002   Code   RO          453    i.USBH_USR_SerialNum_String  usbh_usr.o
    0x0800643e   0x00000002   Code   RO          454    i.USBH_USR_UnrecoveredError  usbh_usr.o
    0x08006440   0x00000004   Code   RO          455    i.USBH_USR_UserInput  usbh_usr.o
    0x08006444   0x00000040   Code   RO          368    i.USB_OTG_BSP_ConfigVBUS  usb_bsp.o
    0x08006484   0x00000018   Code   RO          369    i.USB_OTG_BSP_DriveVBUS  usb_bsp.o
    0x0800649c   0x00000040   Code   RO          370    i.USB_OTG_BSP_EnableInterrupt  usb_bsp.o
    0x080064dc   0x000000b8   Code   RO          371    i.USB_OTG_BSP_Init  usb_bsp.o
    0x08006594   0x00000038   Code   RO          372    i.USB_OTG_BSP_TimerIRQ  usb_bsp.o
    0x080065cc   0x00000006   Code   RO          373    i.USB_OTG_BSP_mDelay  usb_bsp.o
    0x080065d2   0x00000006   Code   RO          374    i.USB_OTG_BSP_uDelay  usb_bsp.o
    0x080065d8   0x000000da   Code   RO         3144    i.USB_OTG_CoreInit  usb_core.o
    0x080066b2   0x00000002   PAD
    0x080066b4   0x00000096   Code   RO         3145    i.USB_OTG_CoreInitHost  usb_core.o
    0x0800674a   0x00000002   PAD
    0x0800674c   0x00000058   Code   RO         3146    i.USB_OTG_CoreReset  usb_core.o
    0x080067a4   0x00000010   Code   RO         3147    i.USB_OTG_DisableGlobalInt  usb_core.o
    0x080067b4   0x0000003c   Code   RO         3148    i.USB_OTG_DriveVbus  usb_core.o
    0x080067f0   0x00000010   Code   RO         3149    i.USB_OTG_EnableGlobalInt  usb_core.o
    0x08006800   0x00000044   Code   RO         3150    i.USB_OTG_EnableHostInt  usb_core.o
    0x08006844   0x00000038   Code   RO         3151    i.USB_OTG_FlushRxFifo  usb_core.o
    0x0800687c   0x00000040   Code   RO         3152    i.USB_OTG_FlushTxFifo  usb_core.o
    0x080068bc   0x0000002a   Code   RO         3154    i.USB_OTG_HC_DoPing  usb_core.o
    0x080068e6   0x0000003c   Code   RO         3155    i.USB_OTG_HC_Halt   usb_core.o
    0x08006922   0x00000002   PAD
    0x08006924   0x000000e6   Code   RO         3156    i.USB_OTG_HC_Init   usb_core.o
    0x08006a0a   0x00000102   Code   RO         3157    i.USB_OTG_HC_StartXfer  usb_core.o
    0x08006b0c   0x0000000c   Code   RO         3158    i.USB_OTG_InitFSLSPClkSel  usb_core.o
    0x08006b18   0x0000000c   Code   RO         3160    i.USB_OTG_IsEvenFrame  usb_core.o
    0x08006b24   0x00000010   Code   RO         3161    i.USB_OTG_IsHostMode  usb_core.o
    0x08006b34   0x0000000a   Code   RO         3162    i.USB_OTG_ReadCoreItr  usb_core.o
    0x08006b3e   0x0000000c   Code   RO         3163    i.USB_OTG_ReadHPRT0  usb_core.o
    0x08006b4a   0x00000006   Code   RO         3164    i.USB_OTG_ReadHostAllChannels_intr  usb_core.o
    0x08006b50   0x00000020   Code   RO         3166    i.USB_OTG_ReadPacket  usb_core.o
    0x08006b70   0x0000002a   Code   RO         3167    i.USB_OTG_ResetPort  usb_core.o
    0x08006b9a   0x00000002   PAD
    0x08006b9c   0x000000c0   Code   RO         3168    i.USB_OTG_SelectCore  usb_core.o
    0x08006c5c   0x0000002a   Code   RO         3169    i.USB_OTG_SetCurrentMode  usb_core.o
    0x08006c86   0x0000002e   Code   RO         3318    i.USB_OTG_USBH_handle_Disconnect_ISR  usb_hcd_int.o
    0x08006cb4   0x00000046   Code   RO         3319    i.USB_OTG_USBH_handle_IncompletePeriodicXfer_ISR  usb_hcd_int.o
    0x08006cfa   0x00000056   Code   RO         3320    i.USB_OTG_USBH_handle_hc_ISR  usb_hcd_int.o
    0x08006d50   0x00000428   Code   RO         3321    i.USB_OTG_USBH_handle_hc_n_In_ISR  usb_hcd_int.o
    0x08007178   0x00000388   Code   RO         3322    i.USB_OTG_USBH_handle_hc_n_Out_ISR  usb_hcd_int.o
    0x08007500   0x00000128   Code   RO         3323    i.USB_OTG_USBH_handle_nptxfempty_ISR  usb_hcd_int.o
    0x08007628   0x00000118   Code   RO         3324    i.USB_OTG_USBH_handle_port_ISR  usb_hcd_int.o
    0x08007740   0x0000012a   Code   RO         3325    i.USB_OTG_USBH_handle_ptxfempty_ISR  usb_hcd_int.o
    0x0800786a   0x0000013e   Code   RO         3326    i.USB_OTG_USBH_handle_rx_qlvl_ISR  usb_hcd_int.o
    0x080079a8   0x0000001c   Code   RO         3327    i.USB_OTG_USBH_handle_sof_ISR  usb_hcd_int.o
    0x080079c4   0x00000028   Code   RO         3171    i.USB_OTG_WritePacket  usb_core.o
    0x080079ec   0x00000170   Code   RO         4558    i.UnpackSFMPEG1     scalfact.o
    0x08007b5c   0x00000218   Code   RO         4559    i.UnpackSFMPEG2     scalfact.o
    0x08007d74   0x00000002   Code   RO          243    i.UsageFault_Handler  stm32f4xx_it.o
    0x08007d76   0x000000b4   Code   RO          717    i.WavaRecorderHeaderInit  waverecorder.o
    0x08007e2a   0x00000002   PAD
    0x08007e2c   0x00000020   Code   RO          589    i.WavePlayerInit    waveplayer.o
    0x08007e4c   0x00000004   Code   RO          591    i.WavePlayerStart   waveplayer.o
    0x08007e50   0x00000006   Code   RO          592    i.WavePlayerStop    waveplayer.o
    0x08007e56   0x00000002   PAD
    0x08007e58   0x00000064   Code   RO          593    i.WavePlayer_CallBack  waveplayer.o
    0x08007ebc   0x00000120   Code   RO          718    i.WaveRecorderInit  waverecorder.o
    0x08007fdc   0x00000030   Code   RO          719    i.WaveRecorderStart  waverecorder.o
    0x0800800c   0x00000020   Code   RO          720    i.WaveRecorderStop  waverecorder.o
    0x0800802c   0x0000020c   Code   RO          721    i.WaveRecorderUpdate  waverecorder.o
    0x08008238   0x00000130   Code   RO         4508    i.WinPrevious       imdct.o
    0x08008368   0x00000028   Code   RO         4777    i.__0sprintf$2      mc_w.l(printf2.o)
    0x08008390   0x0000000e   Code   RO         5046    i.__scatterload_copy  mc_w.l(handlers.o)
    0x0800839e   0x00000002   Code   RO         5047    i.__scatterload_null  mc_w.l(handlers.o)
    0x080083a0   0x0000000e   Code   RO         5048    i.__scatterload_zeroinit  mc_w.l(handlers.o)
    0x080083ae   0x000000d0   Code   RO         4782    i._printf_core      mc_w.l(printf2.o)
    0x0800847e   0x0000000a   Code   RO         4784    i._sputc            mc_w.l(printf2.o)
    0x08008488   0x0000005c   Code   RO         3869    i.check_fs          ff.o
    0x080084e4   0x000001e4   Code   RO         3870    i.chk_mounted       ff.o
    0x080086c8   0x00000018   Code   RO         3871    i.clust2sect        ff.o
    0x080086e0   0x00000096   Code   RO         3872    i.create_chain      ff.o
    0x08008776   0x00000002   PAD
    0x08008778   0x00000128   Code   RO         3873    i.create_name       ff.o
    0x080088a0   0x00000106   Code   RO         3874    i.dir_next          ff.o
    0x080089a6   0x00000044   Code   RO         3875    i.dir_read          ff.o
    0x080089ea   0x00000066   Code   RO         3876    i.dir_register      ff.o
    0x08008a50   0x00000028   Code   RO         3877    i.dir_remove        ff.o
    0x08008a78   0x000000a0   Code   RO         3878    i.dir_seek          ff.o
    0x08008b18   0x00000020   Code   RO         3603    i.disk_initialize   usbh_msc_fatfs.o
    0x08008b38   0x00000040   Code   RO         3604    i.disk_ioctl        usbh_msc_fatfs.o
    0x08008b78   0x00000064   Code   RO         3605    i.disk_read         usbh_msc_fatfs.o
    0x08008bdc   0x00000010   Code   RO         3606    i.disk_status       usbh_msc_fatfs.o
    0x08008bec   0x0000006c   Code   RO         3607    i.disk_write        usbh_msc_fatfs.o
    0x08008c58   0x00000012   Code   RO         3880    i.f_close           ff.o
    0x08008c6a   0x00000158   Code   RO         3883    i.f_lseek           ff.o
    0x08008dc2   0x00000002   PAD
    0x08008dc4   0x00000020   Code   RO         3886    i.f_mount           ff.o
    0x08008de4   0x0000014a   Code   RO         3887    i.f_open            ff.o
    0x08008f2e   0x0000004e   Code   RO         3888    i.f_opendir         ff.o
    0x08008f7c   0x00000174   Code   RO         3892    i.f_read            ff.o
    0x080090f0   0x00000050   Code   RO         3893    i.f_readdir         ff.o
    0x08009140   0x000000a4   Code   RO         3896    i.f_sync            ff.o
    0x080091e4   0x00000090   Code   RO         3898    i.f_unlink          ff.o
    0x08009274   0x000001b2   Code   RO         3900    i.f_write           ff.o
    0x08009426   0x000000bc   Code   RO         3901    i.follow_path       ff.o
    0x080094e2   0x000000ce   Code   RO         3902    i.get_fat           ff.o
    0x080095b0   0x00000004   Code   RO         4120    i.get_fattime       fattime.o
    0x080095b4   0x00000060   Code   RO         3903    i.get_fileinfo      ff.o
    0x08009614   0x00000158   Code   RO         4509    i.idct9             imdct.o
    0x0800976c   0x000000ac   Code   RO         4510    i.imdct12           imdct.o
    0x08009818   0x0000007c   Code   RO         4146    i.load_file         audio.o
    0x08009894   0x000000a0   Code   RO            3    i.main              main.o
    0x08009934   0x00000012   Code   RO         3904    i.mem_cpy           ff.o
    0x08009946   0x0000000e   Code   RO         3905    i.mem_set           ff.o
    0x08009954   0x0000006a   Code   RO         3906    i.move_window       ff.o
    0x080099be   0x00000134   Code   RO         3907    i.put_fat           ff.o
    0x08009af2   0x00000062   Code   RO         3908    i.remove_chain      ff.o
    0x08009b54   0x0000008c   Code   RO         4147    i.scan_files        audio.o
    0x08009be0   0x00000048   Code   RO         4148    i.set_isp_pll       audio.o
    0x08009c28   0x000000b8   Code   RO         3909    i.sync              ff.o
    0x08009ce0   0x00000020   Code   RO         3910    i.validate          ff.o
    0x08009d00   0x00000098   Code   RO         4376    i.xmp3_AllocateBuffers  buffers.o
    0x08009d98   0x0000000e   Code   RO         4321    i.xmp3_CalcBitsUsed  bitstream.o
    0x08009da6   0x00000016   Code   RO         4322    i.xmp3_CheckPadBit  bitstream.o
    0x08009dbc   0x00000188   Code   RO         4465    i.xmp3_DecodeHuffman  huffman.o
    0x08009f44   0x000001e8   Code   RO         4441    i.xmp3_DequantChannel  dqchan.o
    0x0800a12c   0x000001e8   Code   RO         4420    i.xmp3_Dequantize   dequant.o
    0x0800a314   0x00000698   Code   RO         4405    i.xmp3_FDCT32       dct32.o
    0x0800a9ac   0x00000002   Code   RO         4377    i.xmp3_FreeBuffers  buffers.o
    0x0800a9ae   0x0000004a   Code   RO         4323    i.xmp3_GetBits      bitstream.o
    0x0800a9f8   0x00000128   Code   RO         4511    i.xmp3_IMDCT        imdct.o
    0x0800ab20   0x00000234   Code   RO         4582    i.xmp3_IntensityProcMPEG1  stproc.o
    0x0800ad54   0x0000024c   Code   RO         4583    i.xmp3_IntensityProcMPEG2  stproc.o
    0x0800afa0   0x00000058   Code   RO         4584    i.xmp3_MidSideProc  stproc.o
    0x0800aff8   0x0000000c   Code   RO         4324    i.xmp3_SetBitstreamPointer  bitstream.o
    0x0800b004   0x00000108   Code   RO         4606    i.xmp3_Subband      subband.o
    0x0800b10c   0x000001e4   Code   RO         4325    i.xmp3_UnpackFrameHeader  bitstream.o
    0x0800b2f0   0x000000f6   Code   RO         4560    i.xmp3_UnpackScaleFactors  scalfact.o
    0x0800b3e6   0x00000002   PAD
    0x0800b3e8   0x0000021c   Code   RO         4326    i.xmp3_UnpackSideInfo  bitstream.o
    0x0800b604   0x00000024   Data   RO          772    .constdata          stm32f4_discovery.o
    0x0800b628   0x00000024   Data   RO         4224    .constdata          mp3tabs.o
    0x0800b64c   0x0000010e   Data   RO         4225    .constdata          mp3tabs.o
    0x0800b75a   0x00000012   Data   RO         4226    .constdata          mp3tabs.o
    0x0800b76c   0x0000000c   Data   RO         4228    .constdata          mp3tabs.o
    0x0800b778   0x0000010e   Data   RO         4229    .constdata          mp3tabs.o
    0x0800b886   0x0000029a   Data   RO         4230    .constdata          mp3tabs.o
    0x0800bb20   0x00000240   Data   RO         4300    .constdata          trigtabs.o
    0x0800bd60   0x00000038   Data   RO         4301    .constdata          trigtabs.o
    0x0800bd98   0x00000100   Data   RO         4302    .constdata          trigtabs.o
    0x0800be98   0x00000010   Data   RO         4303    .constdata          trigtabs.o
    0x0800bea8   0x00000040   Data   RO         4305    .constdata          trigtabs.o
    0x0800bee8   0x00000420   Data   RO         4307    .constdata          trigtabs.o
    0x0800c308   0x000000c0   Data   RO         4406    .constdata          dct32.o
    0x0800c3c8   0x00000250   Data   RO         4442    .constdata          dqchan.o
    0x0800c618   0x00002124   Data   RO         4485    .constdata          hufftabs.o
    0x0800e73c   0x00000080   Data   RO         4486    .constdata          hufftabs.o
    0x0800e7bc   0x00000100   Data   RO         4487    .constdata          hufftabs.o
    0x0800e8bc   0x00000050   Data   RO         4488    .constdata          hufftabs.o
    0x0800e90c   0x00000008   Data   RO         4489    .constdata          hufftabs.o
    0x0800e914   0x00000008   Data   RO         4490    .constdata          hufftabs.o
    0x0800e91c   0x0000006c   Data   RO         4512    .constdata          imdct.o
    0x0800e988   0x00000068   Data   RO         4561    .constdata          scalfact.o
    0x0800e9f0   0x00000020   Data   RO         5044    Region$$Table       anon$$obj.o


    Execution Region RW_IRAM1 (Base: 0x20000000, Size: 0x0000d7a8, Max: 0x00020000, ABSOLUTE, COMPRESSED[0x000002b8])

    Base Addr    Size         Type   Attr      Idx    E Section Name        Object

    0x20000000   0x00000004   Data   RW            5    .data               main.o
    0x20000004   0x0000000c   Data   RW          244    .data               stm32f4xx_it.o
    0x20000010   0x00000014   Data   RW          335    .data               system_stm32f4xx.o
    0x20000024   0x00000004   Data   RW          375    .data               usb_bsp.o
    0x20000028   0x00000002   Data   RW          461    .data               usbh_usr.o
    0x2000002a   0x00000002   PAD
    0x2000002c   0x00000048   Data   RW          462    .data               usbh_usr.o
    0x20000074   0x00000018   Data   RW          598    .data               waveplayer.o
    0x2000008c   0x00000006   Data   RW          599    .data               waveplayer.o
    0x20000092   0x00000002   PAD
    0x20000094   0x0000002c   Data   RW          723    .data               waverecorder.o
    0x200000c0   0x00000014   Data   RW          773    .data               stm32f4_discovery.o
    0x200000d4   0x00000004   Data   RW          829    .data               stm32f4_discovery_lis302dl.o
    0x200000d8   0x00000040   Data   RW          926    .data               stm32f4_discovery_audio_codec.o
    0x20000118   0x00000010   Data   RW         2202    .data               stm32f4xx_rcc.o
    0x20000128   0x00000001   Data   RW         3461    .data               usbh_msc_scsi.o
    0x20000129   0x00000003   PAD
    0x2000012c   0x00000010   Data   RW         3522    .data               usbh_msc_bot.o
    0x2000013c   0x00000002   Data   RW         3564    .data               usbh_msc_core.o
    0x2000013e   0x00000002   PAD
    0x20000140   0x00000010   Data   RW         3565    .data               usbh_msc_core.o
    0x20000150   0x00000001   Data   RW         3608    .data               usbh_msc_fatfs.o
    0x20000151   0x00000003   PAD
    0x20000154   0x00000010   Data   RW         3719    .data               usbh_core.o
    0x20000164   0x00000008   Data   RW         3912    .data               ff.o
    0x2000016c   0x00000020   Data   RW         4152    .data               audio.o
    0x2000018c   0x00000001   Data   RW         4158    .data               audio.o
    0x2000018d   0x00000003   PAD
    0x20000190   0x00000304   Data   RW         4681    .data               libPDMFilter_Keil.lib(pdm_filter.o)
    0x20000494   0x00000544   Zero   RW            4    .bss                main.o
    0x200009d8   0x00000430   Zero   RW          456    .bss                usbh_usr.o
    0x20000e08   0x00000424   Zero   RW          457    .bss                usbh_usr.o
    0x2000122c   0x000008d0   Zero   RW          722    .bss                waverecorder.o
    0x20001afc   0x0000003c   Zero   RW          924    .bss                stm32f4_discovery_audio_codec.o
    0x20001b38   0x00000210   Zero   RW         3459    .bss                usbh_msc_scsi.o
    0x20001d48   0x00000040   Zero   RW         3521    .bss                usbh_msc_bot.o
    0x20001d88   0x0000004a   Zero   RW         3563    .bss                usbh_msc_core.o
    0x20001dd2   0x00000002   PAD
    0x20001dd4   0x00004c64   Zero   RW         4149    .bss                audio.o
    0x20006a38   0x00005d08   Zero   RW         4378    .bss                buffers.o
    0x2000c740   0x00000068   Zero   RW         4633    .bss                mp3header.o
    0x2000c7a8   0x00001000   Zero   RW         3136    STACK               startup_stm32f4xx.o


==============================================================================

Image component sizes


      Code (inc. data)   RO Data    RW Data    ZI Data      Debug   Object Name

        22          0          0          0          0        372   asmmisc.o
      2062          0          0          0          0        548   asmpoly_thumb2.o
      1328        140          0         33      19556       8888   audio.o
      1258         26          0          0          0      10770   bitstream.o
       170         30          0          0      23816       2224   buffers.o
      1688          8        192          0          0       3702   dct32.o
       510          0          0          0          0       2486   dequant.o
       906         24        592          0          0       5062   dqchan.o
         4          0          0          0          0        474   fattime.o
      4924         38          0          8          0      26832   ff.o
      1460         26          0          0          0       5773   huffman.o
         0          0       8964          0          0       5624   hufftabs.o
      3266         68        108          0          0      10749   imdct.o
       348         44          0          4       1348     346158   main.o
       140         26          0          0          0       2153   misc.o
       992          4          0          0          0       5454   mp3dec.o
       600         60          0          0        104       3365   mp3header.o
         0          0       1272          0          0       1885   mp3tabs.o
      1150         10        104          0          0       4562   scalfact.o
        36          8        392          0       4096        856   startup_stm32f4xx.o
       300         42         36         20          0       4066   stm32f4_discovery.o
      2228        194          0         64         60      14579   stm32f4_discovery_audio_codec.o
       176         16          0          4          0       2102   stm32f4_discovery_lis302dl.o
        76         12          0          0          0       2483   stm32f4xx_dac.o
       536         50          0          0          0       5441   stm32f4xx_dma.o
       156         14          0          0          0       2284   stm32f4xx_exti.o
       174          0          0          0          0       3583   stm32f4xx_gpio.o
       414         20          0          0          0       7949   stm32f4xx_i2c.o
       380         48          0         12          0       6966   stm32f4xx_it.o
       292         50          0         16          0       6386   stm32f4xx_rcc.o
       398         20          0          0          0       6705   stm32f4xx_spi.o
        40          6          0          0          0        676   stm32f4xx_syscfg.o
       324         36          0          0          0       7785   stm32f4xx_tim.o
      1240         18          0          0          0       5495   stproc.o
       264          4          0          0          0       1203   subband.o
       272         42          0         20          0       1737   system_stm32f4xx.o
         0          0       2024          0          0        928   trigtabs.o
       546         24          0          4          0       5540   usb_bsp.o
      1742         22          0          0          0      17319   usb_core.o
       160          0          0          0          0       4931   usb_hcd.o
      3558          0          0          0          0      10199   usb_hcd_int.o
      1496         52          0         16          0       7333   usbh_core.o
       234          0          0          0          0       4048   usbh_hcs.o
       300          0          0          0          0       5190   usbh_ioreq.o
       724         64          0         16         64       6845   usbh_msc_bot.o
       640         48          0         18         74       5965   usbh_msc_core.o
       320         46          0          1          0       5386   usbh_msc_fatfs.o
       992         74          0          1        528      15308   usbh_msc_scsi.o
       652          0          0          0          0       7751   usbh_stdreq.o
       318         58          0         74       2132      13109   usbh_usr.o
       260         56          0         30          0      10000   waveplayer.o
      1152        116          0         44       2256       6153   waverecorder.o

    ----------------------------------------------------------------------
     41276       1644      13716        400      54036     653382   Object Totals
         0          0         32          0          0          0   (incl. Generated)
        48          0          0         15          2          0   (incl. Padding)

    ----------------------------------------------------------------------

      Code (inc. data)   RO Data    RW Data    ZI Data      Debug   Library Member Name

      3068         54          0        772          0        268   pdm_filter.o
        92          0          0          0          0          0   __dczerorl2.o
         0          0          0          0          0          0   entry.o
         8          4          0          0          0          0   entry2.o
         4          0          0          0          0          0   entry5.o
         0          0          0          0          0          0   entry7b.o
         8          4          0          0          0          0   entry8.o
        30          0          0          0          0          0   handlers.o
        36          8          0          0          0         68   init.o
         0          0          0          0          0          0   iusefp.o
        30          0          0          0          0         68   llshl.o
        36          0          0          0          0         68   llsshr.o
        32          0          0          0          0         68   llushr.o
        64          0          0          0          0         76   memmovea.o
        38          0          0          0          0        108   memseta.o
       258          6          0          0          0        244   printf2.o
        16          0          0          0          0         68   strlen.o
        30          0          0          0          0         80   strncmp.o
        24          0          0          0          0         76   strncpy.o
        44          0          0          0          0         80   strstr.o
       332          0          0          0          0        148   dadd.o
       222          0          0          0          0        100   ddiv.o
       190          0          0          0          0        176   depilogue.o
        46          0          0          0          0         68   dfixui.o
        26          0          0          0          0         76   dfltui.o
       224          0          0          0          0         96   dmul.o
        44          0          0          0          0         68   f2d.o
        24          0          0          0          0         68   fscalb.o

    ----------------------------------------------------------------------
      4928         76          0        772          0       2072   Library Totals
         2          0          0          0          0          0   (incl. Padding)

    ----------------------------------------------------------------------

      Code (inc. data)   RO Data    RW Data    ZI Data      Debug   Library Name

      3068         54          0        772          0        268   libPDMFilter_Keil.lib
       750         22          0          0          0       1004   mc_w.l
      1108          0          0          0          0        800   mf_w.l

    ----------------------------------------------------------------------
      4928         76          0        772          0       2072   Library Totals

    ----------------------------------------------------------------------

==============================================================================


      Code (inc. data)   RO Data    RW Data    ZI Data      Debug   

     46204       1720      13716       1172      54036     637826   Grand Totals
     46204       1720      13716        696      54036     637826   ELF Image Totals (compressed)
     46204       1720      13716        696          0          0   ROM Totals

==============================================================================

    Total RO  Size (Code + RO Data)                59920 (  58.52kB)
    Total RW  Size (RW Data + ZI Data)             55208 (  53.91kB)
    Total ROM Size (Code + RO Data + RW Data)      60616 (  59.20kB)

==============================================================================

