<html>
<body>
<pre>
<h1>µVision Build Log</h1>
<h2>Project:</h2>
D:\STM32F4work\STM32F4-Discovery_FW_V1.1.0\Project\mp3sample\MDK-ARM\mp3.uvproj
Project File Date:  02/22/2012

<h2>Output:</h2>
Load "D:\\STM32F4work\\STM32F4-Discovery_FW_V1.1.0\\Project\\mp3sample\\MDK-ARM\\MEDIA_USB_KEY\\MEDIA_USB_KEY.AXF" 
Load "D:\\STM32F4work\\STM32F4-Discovery_FW_V1.1.0\\Project\\mp3sample\\MDK-ARM\\MEDIA_USB_KEY\\MEDIA_USB_KEY.AXF" 
Load "D:\\STM32F4work\\STM32F4-Discovery_FW_V1.1.0\\Project\\mp3sample\\MDK-ARM\\MEDIA_USB_KEY\\MEDIA_USB_KEY.AXF" 
Build target 'MEDIA_USB_KEY'
linking...
Program Size: Code=30544 RO-data=656 RW-data=1144 ZI-data=17200  
FromELF: creating hex file...
".\MEDIA_USB_KEY\mp3sample.axf" - 0 Error(s), 0 Warning(s).
Load "D:\\STM32F4work\\STM32F4-Discovery_FW_V1.1.0\\Project\\mp3sample\\MDK-ARM\\MEDIA_USB_KEY\\mp3sample.AXF" 
Clean started: Project: 'mp3'
   deleting intermediate output files for target 'MEDIA_intFALSH'
   deleting intermediate output files for target 'MEDIA_USB_KEY'
Build target 'MEDIA_USB_KEY'
compiling audio_sample.c...
compiling main.c...
compiling stm32f4xx_it.c...
compiling system_stm32f4xx.c...
compiling usb_bsp.c...
compiling usbh_usr.c...
compiling waveplayer.c...
compiling waverecorder.c...
compiling stm32f4_discovery.c...
compiling stm32f4_discovery_lis302dl.c...
compiling stm32f4_discovery_audio_codec.c...
compiling stm32f4xx_syscfg.c...
compiling misc.c...
compiling stm32f4xx_adc.c...
compiling stm32f4xx_dac.c...
compiling stm32f4xx_dma.c...
compiling stm32f4xx_exti.c...
compiling stm32f4xx_flash.c...
compiling stm32f4xx_gpio.c...
compiling stm32f4xx_i2c.c...
compiling stm32f4xx_rcc.c...
compiling stm32f4xx_spi.c...
compiling stm32f4xx_tim.c...
assembling startup_stm32f4xx.s...
compiling usb_core.c...
compiling usb_hcd_int.c...
compiling usb_hcd.c...
compiling usbh_msc_scsi.c...
compiling usbh_msc_bot.c...
compiling usbh_msc_core.c...
compiling usbh_msc_fatfs.c...
compiling usbh_stdreq.c...
compiling usbh_core.c...
compiling usbh_hcs.c...
compiling usbh_ioreq.c...
compiling ff.c...
compiling fattime.c...
compiling Audio.c...
..\Audio\Audio.c(23): error:  #5: cannot open source input file "includes.h": No such file or directory
compiling MP3header.c...
..\MP3Header\MP3header.c(24): error:  #5: cannot open source input file "includes.h": No such file or directory
compiling mp3tabs.c...
..\helix\mp3tabs.c(44): error:  #5: cannot open source input file "mp3common.h": No such file or directory
compiling mp3dec.c...
..\helix\mp3dec.c(46): error:  #5: cannot open source input file "mp3common.h": No such file or directory
compiling trigtabs.c...
..\helix\real\coder.h(47): error:  #5: cannot open source input file "mp3common.h": No such file or directory
compiling bitstream.c...
..\helix\real\coder.h(47): error:  #5: cannot open source input file "mp3common.h": No such file or directory
compiling buffers.c...
..\helix\real\coder.h(47): error:  #5: cannot open source input file "mp3common.h": No such file or directory
compiling dct32.c...
..\helix\real\coder.h(47): error:  #5: cannot open source input file "mp3common.h": No such file or directory
compiling dequant.c...
..\helix\real\coder.h(47): error:  #5: cannot open source input file "mp3common.h": No such file or directory
compiling dqchan.c...
..\helix\real\coder.h(47): error:  #5: cannot open source input file "mp3common.h": No such file or directory
compiling huffman.c...
..\helix\real\coder.h(47): error:  #5: cannot open source input file "mp3common.h": No such file or directory
compiling hufftabs.c...
..\helix\real\coder.h(47): error:  #5: cannot open source input file "mp3common.h": No such file or directory
compiling imdct.c...
..\helix\real\coder.h(47): error:  #5: cannot open source input file "mp3common.h": No such file or directory
compiling polyphase.c...
..\helix\real\coder.h(47): error:  #5: cannot open source input file "mp3common.h": No such file or directory
compiling scalfact.c...
..\helix\real\coder.h(47): error:  #5: cannot open source input file "mp3common.h": No such file or directory
compiling stproc.c...
..\helix\real\coder.h(47): error:  #5: cannot open source input file "mp3common.h": No such file or directory
compiling subband.c...
..\helix\real\coder.h(47): error:  #5: cannot open source input file "mp3common.h": No such file or directory
Target not created
Build target 'MEDIA_USB_KEY'
compiling Audio.c...
..\Audio\Audio.c(27): error:  #20: identifier "AUDIO_PlaybackBuffer_Status" is undefined
..\Audio\Audio.c(28): error:  #20: identifier "s16" is undefined
..\Audio\Audio.c(29): error:  #20: identifier "HMP3Decoder" is undefined
..\Audio\Audio.c(30): error:  #20: identifier "MP3FrameInfo" is undefined
..\Audio\Audio.c(33): error:  #20: identifier "uint32_t" is undefined
error type>(34): error:  #20: identifier "uint32_t" is undefined
error type>(35): error:  #20: identifier "AUDIO_PlaybackBuffer_Status" is undefined
error type>(36): error:  #20: identifier "AUDIO_Playback_status_enum" is undefined
..\Audio\Audio.c(37): error:  #20: identifier "AUDIO_Format_enum" is undefined
..\Audio\Audio.c(38): error:  #20: identifier "s8" is undefined
..\Audio\Audio.c(39): error:  #20: identifier "uint8_t" is undefined
..\Audio\Audio.c(39): error:  #20: identifier "READBUF_SIZE" is undefined
..\Audio\Audio.c(40): error:  #20: identifier "uint8_t" is undefined
..\Audio\Audio.c(42): error:  #20: identifier "FATFS" is undefined
..\Audio\Audio.c(43): error:  #20: identifier "FIL" is undefined
..\Audio\Audio.c(44): error:  #20: identifier "FRESULT" is undefined
..\Audio\Audio.c(45): error:  #20: identifier "UINT" is undefined
..\Audio\Audio.c(47): error:  #20: identifier "uint32_t" is undefined
..\Audio\Audio.c(54): error:  #20: identifier "uint16_t" is undefined
error type>(55): error:  #20: identifier "uint16_t" is undefined
error type>(56): error:  #20: identifier "uint8_t" is undefined
error type>(58): error:  #20: identifier "AUDIO_Playback_status_enum" is undefined
..\Audio\Audio.c(59): error:  #20: identifier "AUDIO_Format_enum" is undefined
..\Audio\Audio.c(60): error:  #20: identifier "AUDIO_Length_enum" is undefined
..\Audio\Audio.c(61): error:  #20: identifier "AUDIO_PlaybackBuffer_Status" is undefined
..\Audio\Audio.c(76): error:  #20: identifier "AUDIO_PlaybackBuffer_Status" is undefined
..\Audio\Audio.c(76): error:  #20: identifier "AUDIO_PlaybackBuffer_Status" is undefined
..\Audio\Audio.c(97): warning:  #223-D: function "TIM_Cmd" declared implicitly
..\Audio\Audio.c(97): error:  #20: identifier "TIM6" is undefined
..\Audio\Audio.c(97): error:  #20: identifier "DISABLE" is undefined
..\Audio\Audio.c(99): error:  #20: identifier "NO_SOUND" is undefined
compiling MP3header.c...
..\MP3Header\MP3header.c(24): error:  #5: cannot open source input file "includes.h": No such file or directory
compiling mp3tabs.c...
..\helix\mp3tabs.c(44): error:  #5: cannot open source input file "mp3common.h": No such file or directory
compiling mp3dec.c...
..\helix\mp3dec.c(46): error:  #5: cannot open source input file "mp3common.h": No such file or directory
compiling trigtabs.c...
..\helix\real\coder.h(47): error:  #5: cannot open source input file "mp3common.h": No such file or directory
compiling bitstream.c...
..\helix\real\coder.h(47): error:  #5: cannot open source input file "mp3common.h": No such file or directory
compiling buffers.c...
..\helix\real\coder.h(47): error:  #5: cannot open source input file "mp3common.h": No such file or directory
compiling dct32.c...
..\helix\real\coder.h(47): error:  #5: cannot open source input file "mp3common.h": No such file or directory
compiling dequant.c...
..\helix\real\coder.h(47): error:  #5: cannot open source input file "mp3common.h": No such file or directory
compiling dqchan.c...
..\helix\real\coder.h(47): error:  #5: cannot open source input file "mp3common.h": No such file or directory
compiling huffman.c...
..\helix\real\coder.h(47): error:  #5: cannot open source input file "mp3common.h": No such file or directory
compiling hufftabs.c...
..\helix\real\coder.h(47): error:  #5: cannot open source input file "mp3common.h": No such file or directory
compiling imdct.c...
..\helix\real\coder.h(47): error:  #5: cannot open source input file "mp3common.h": No such file or directory
compiling polyphase.c...
..\helix\real\coder.h(47): error:  #5: cannot open source input file "mp3common.h": No such file or directory
compiling scalfact.c...
..\helix\real\coder.h(47): error:  #5: cannot open source input file "mp3common.h": No such file or directory
compiling stproc.c...
..\helix\real\coder.h(47): error:  #5: cannot open source input file "mp3common.h": No such file or directory
compiling subband.c...
..\helix\real\coder.h(47): error:  #5: cannot open source input file "mp3common.h": No such file or directory
Target not created
Build target 'MEDIA_USB_KEY'
compiling Audio.c...
..\Audio\Audio.c(23): error:  #5: cannot open source input file "audio.h": No such file or directory
compiling MP3header.c...
..\MP3Header\MP3header.c(24): error:  #5: cannot open source input file "includes.h": No such file or directory
compiling mp3tabs.c...
..\helix\mp3tabs.c(44): error:  #5: cannot open source input file "mp3common.h": No such file or directory
compiling mp3dec.c...
..\helix\mp3dec.c(46): error:  #5: cannot open source input file "mp3common.h": No such file or directory
compiling trigtabs.c...
..\helix\real\coder.h(47): error:  #5: cannot open source input file "mp3common.h": No such file or directory
compiling bitstream.c...
..\helix\real\coder.h(47): error:  #5: cannot open source input file "mp3common.h": No such file or directory
compiling buffers.c...
..\helix\real\coder.h(47): error:  #5: cannot open source input file "mp3common.h": No such file or directory
compiling dct32.c...
..\helix\real\coder.h(47): error:  #5: cannot open source input file "mp3common.h": No such file or directory
compiling dequant.c...
..\helix\real\coder.h(47): error:  #5: cannot open source input file "mp3common.h": No such file or directory
compiling dqchan.c...
..\helix\real\coder.h(47): error:  #5: cannot open source input file "mp3common.h": No such file or directory
compiling huffman.c...
..\helix\real\coder.h(47): error:  #5: cannot open source input file "mp3common.h": No such file or directory
compiling hufftabs.c...
..\helix\real\coder.h(47): error:  #5: cannot open source input file "mp3common.h": No such file or directory
compiling imdct.c...
..\helix\real\coder.h(47): error:  #5: cannot open source input file "mp3common.h": No such file or directory
compiling polyphase.c...
..\helix\real\coder.h(47): error:  #5: cannot open source input file "mp3common.h": No such file or directory
compiling scalfact.c...
..\helix\real\coder.h(47): error:  #5: cannot open source input file "mp3common.h": No such file or directory
compiling stproc.c...
..\helix\real\coder.h(47): error:  #5: cannot open source input file "mp3common.h": No such file or directory
compiling subband.c...
..\helix\real\coder.h(47): error:  #5: cannot open source input file "mp3common.h": No such file or directory
Target not created
Build target 'MEDIA_USB_KEY'
compiling audio_sample.c...
compiling main.c...
compiling stm32f4xx_it.c...
compiling system_stm32f4xx.c...
compiling usb_bsp.c...
compiling usbh_usr.c...
compiling waveplayer.c...
compiling waverecorder.c...
compiling stm32f4_discovery.c...
compiling stm32f4_discovery_lis302dl.c...
compiling stm32f4_discovery_audio_codec.c...
compiling stm32f4xx_syscfg.c...
compiling misc.c...
compiling stm32f4xx_adc.c...
compiling stm32f4xx_dac.c...
compiling stm32f4xx_dma.c...
compiling stm32f4xx_exti.c...
compiling stm32f4xx_flash.c...
compiling stm32f4xx_gpio.c...
compiling stm32f4xx_i2c.c...
compiling stm32f4xx_rcc.c...
compiling stm32f4xx_spi.c...
compiling stm32f4xx_tim.c...
compiling usb_core.c...
compiling usb_hcd_int.c...
compiling usb_hcd.c...
compiling usbh_msc_scsi.c...
compiling usbh_msc_bot.c...
compiling usbh_msc_core.c...
compiling usbh_msc_fatfs.c...
compiling usbh_stdreq.c...
compiling usbh_core.c...
compiling usbh_hcs.c...
compiling usbh_ioreq.c...
compiling ff.c...
compiling fattime.c...
compiling Audio.c...
..\Audio\audio.h(25): error:  #5: cannot open source input file "stm32f10x.h": No such file or directory
compiling MP3header.c...
..\MP3Header\MP3header.c(24): error:  #5: cannot open source input file "includes.h": No such file or directory
compiling mp3tabs.c...
..\helix\mp3tabs.c(44): error:  #5: cannot open source input file "mp3common.h": No such file or directory
compiling mp3dec.c...
..\helix\mp3dec.c(46): error:  #5: cannot open source input file "mp3common.h": No such file or directory
compiling trigtabs.c...
..\helix\real\coder.h(47): error:  #5: cannot open source input file "mp3common.h": No such file or directory
compiling bitstream.c...
..\helix\real\coder.h(47): error:  #5: cannot open source input file "mp3common.h": No such file or directory
compiling buffers.c...
..\helix\real\coder.h(47): error:  #5: cannot open source input file "mp3common.h": No such file or directory
compiling dct32.c...
..\helix\real\coder.h(47): error:  #5: cannot open source input file "mp3common.h": No such file or directory
compiling dequant.c...
..\helix\real\coder.h(47): error:  #5: cannot open source input file "mp3common.h": No such file or directory
compiling dqchan.c...
..\helix\real\coder.h(47): error:  #5: cannot open source input file "mp3common.h": No such file or directory
compiling huffman.c...
..\helix\real\coder.h(47): error:  #5: cannot open source input file "mp3common.h": No such file or directory
compiling hufftabs.c...
..\helix\real\coder.h(47): error:  #5: cannot open source input file "mp3common.h": No such file or directory
compiling imdct.c...
..\helix\real\coder.h(47): error:  #5: cannot open source input file "mp3common.h": No such file or directory
compiling polyphase.c...
..\helix\real\coder.h(47): error:  #5: cannot open source input file "mp3common.h": No such file or directory
compiling scalfact.c...
..\helix\real\coder.h(47): error:  #5: cannot open source input file "mp3common.h": No such file or directory
compiling stproc.c...
..\helix\real\coder.h(47): error:  #5: cannot open source input file "mp3common.h": No such file or directory
compiling subband.c...
..\helix\real\coder.h(47): error:  #5: cannot open source input file "mp3common.h": No such file or directory
Target not created
Build target 'MEDIA_USB_KEY'
compiling Audio.c...
..\Audio\audio.h(25): error:  #5: cannot open source input file "stm32f10x.h": No such file or directory
compiling MP3header.c...
..\MP3Header\MP3header.c(24): error:  #5: cannot open source input file "includes.h": No such file or directory
compiling mp3tabs.c...
..\helix\mp3tabs.c(44): error:  #5: cannot open source input file "mp3common.h": No such file or directory
compiling mp3dec.c...
..\helix\mp3dec.c(46): error:  #5: cannot open source input file "mp3common.h": No such file or directory
compiling trigtabs.c...
..\helix\real\coder.h(47): error:  #5: cannot open source input file "mp3common.h": No such file or directory
compiling bitstream.c...
..\helix\real\coder.h(47): error:  #5: cannot open source input file "mp3common.h": No such file or directory
compiling buffers.c...
..\helix\real\coder.h(47): error:  #5: cannot open source input file "mp3common.h": No such file or directory
compiling dct32.c...
..\helix\real\coder.h(47): error:  #5: cannot open source input file "mp3common.h": No such file or directory
compiling dequant.c...
..\helix\real\coder.h(47): error:  #5: cannot open source input file "mp3common.h": No such file or directory
compiling dqchan.c...
..\helix\real\coder.h(47): error:  #5: cannot open source input file "mp3common.h": No such file or directory
compiling huffman.c...
..\helix\real\coder.h(47): error:  #5: cannot open source input file "mp3common.h": No such file or directory
compiling hufftabs.c...
..\helix\real\coder.h(47): error:  #5: cannot open source input file "mp3common.h": No such file or directory
compiling imdct.c...
..\helix\real\coder.h(47): error:  #5: cannot open source input file "mp3common.h": No such file or directory
compiling polyphase.c...
..\helix\real\coder.h(47): error:  #5: cannot open source input file "mp3common.h": No such file or directory
compiling scalfact.c...
..\helix\real\coder.h(47): error:  #5: cannot open source input file "mp3common.h": No such file or directory
compiling stproc.c...
..\helix\real\coder.h(47): error:  #5: cannot open source input file "mp3common.h": No such file or directory
compiling subband.c...
..\helix\real\coder.h(47): error:  #5: cannot open source input file "mp3common.h": No such file or directory
Target not created
Build target 'MEDIA_USB_KEY'
compiling audio_sample.c...
compiling main.c...
compiling stm32f4xx_it.c...
compiling system_stm32f4xx.c...
compiling usb_bsp.c...
compiling usbh_usr.c...
compiling waveplayer.c...
compiling waverecorder.c...
compiling stm32f4_discovery.c...
compiling stm32f4_discovery_lis302dl.c...
compiling stm32f4_discovery_audio_codec.c...
compiling stm32f4xx_syscfg.c...
compiling misc.c...
compiling stm32f4xx_adc.c...
compiling stm32f4xx_dac.c...
compiling stm32f4xx_dma.c...
compiling stm32f4xx_exti.c...
compiling stm32f4xx_flash.c...
compiling stm32f4xx_gpio.c...
compiling stm32f4xx_i2c.c...
compiling stm32f4xx_rcc.c...
compiling stm32f4xx_spi.c...
compiling stm32f4xx_tim.c...
compiling usb_core.c...
compiling usb_hcd_int.c...
compiling usb_hcd.c...
compiling usbh_msc_scsi.c...
compiling usbh_msc_bot.c...
compiling usbh_msc_core.c...
compiling usbh_msc_fatfs.c...
compiling usbh_stdreq.c...
compiling usbh_core.c...
compiling usbh_hcs.c...
compiling usbh_ioreq.c...
compiling ff.c...
compiling fattime.c...
compiling Audio.c...
..\MP3Header\MP3Header.h(27): error:  #5: cannot open source input file "stm32f10x.h": No such file or directory
compiling MP3header.c...
..\MP3Header\MP3header.c(24): error:  #5: cannot open source input file "includes.h": No such file or directory
compiling mp3tabs.c...
compiling mp3dec.c...
compiling trigtabs.c...
compiling bitstream.c...
compiling buffers.c...
compiling dct32.c...
compiling dequant.c...
compiling dqchan.c...
compiling huffman.c...
compiling hufftabs.c...
compiling imdct.c...
compiling polyphase.c...
..\helix\real\polyphase.c(127): warning:  #223-D: function "MADD64" declared implicitly
..\helix\real\polyphase.c(128): warning:  #223-D: function "MADD64" declared implicitly
..\helix\real\polyphase.c(129): warning:  #223-D: function "MADD64" declared implicitly
..\helix\real\polyphase.c(130): warning:  #223-D: function "MADD64" declared implicitly
..\helix\real\polyphase.c(131): warning:  #223-D: function "MADD64" declared implicitly
..\helix\real\polyphase.c(132): warning:  #223-D: function "MADD64" declared implicitly
..\helix\real\polyphase.c(133): warning:  #223-D: function "MADD64" declared implicitly
..\helix\real\polyphase.c(134): warning:  #223-D: function "MADD64" declared implicitly
..\helix\real\polyphase.c(136): warning:  #223-D: function "SAR64" declared implicitly
..\helix\real\polyphase.c(143): warning:  #223-D: function "MADD64" declared implicitly
..\helix\real\polyphase.c(144): warning:  #223-D: function "MADD64" declared implicitly
..\helix\real\polyphase.c(145): warning:  #223-D: function "MADD64" declared implicitly
..\helix\real\polyphase.c(146): warning:  #223-D: function "MADD64" declared implicitly
..\helix\real\polyphase.c(147): warning:  #223-D: function "MADD64" declared implicitly
..\helix\real\polyphase.c(148): warning:  #223-D: function "MADD64" declared implicitly
..\helix\real\polyphase.c(149): warning:  #223-D: function "MADD64" declared implicitly
..\helix\real\polyphase.c(150): warning:  #223-D: function "MADD64" declared implicitly
..\helix\real\polyphase.c(163): warning:  #223-D: function "MADD64" declared implicitly
..\helix\real\polyphase.c(164): warning:  #223-D: function "MADD64" declared implicitly
..\helix\real\polyphase.c(165): warning:  #223-D: function "MADD64" declared implicitly
..\helix\real\polyphase.c(166): warning:  #223-D: function "MADD64" declared implicitly
..\helix\real\polyphase.c(167): warning:  #223-D: function "MADD64" declared implicitly
..\helix\real\polyphase.c(168): warning:  #223-D: function "MADD64" declared implicitly
..\helix\real\polyphase.c(169): warning:  #223-D: function "MADD64" declared implicitly
..\helix\real\polyphase.c(170): warning:  #223-D: function "MADD64" declared implicitly
..\helix\real\polyphase.c(240): warning:  #223-D: function "MADD64" declared implicitly
..\helix\real\polyphase.c(241): warning:  #223-D: function "MADD64" declared implicitly
..\helix\real\polyphase.c(242): warning:  #223-D: function "MADD64" declared implicitly
..\helix\real\polyphase.c(243): warning:  #223-D: function "MADD64" declared implicitly
..\helix\real\polyphase.c(244): warning:  #223-D: function "MADD64" declared implicitly
..\helix\real\polyphase.c(245): warning:  #223-D: function "MADD64" declared implicitly
..\helix\real\polyphase.c(246): warning:  #223-D: function "MADD64" declared implicitly
..\helix\real\polyphase.c(247): warning:  #223-D: function "MADD64" declared implicitly
..\helix\real\polyphase.c(249): warning:  #223-D: function "SAR64" declared implicitly
..\helix\real\polyphase.c(257): warning:  #223-D: function "MADD64" declared implicitly
..\helix\real\polyphase.c(258): warning:  #223-D: function "MADD64" declared implicitly
..\helix\real\polyphase.c(259): warning:  #223-D: function "MADD64" declared implicitly
..\helix\real\polyphase.c(260): warning:  #223-D: function "MADD64" declared implicitly
..\helix\real\polyphase.c(261): warning:  #223-D: function "MADD64" declared implicitly
..\helix\real\polyphase.c(262): warning:  #223-D: function "MADD64" declared implicitly
..\helix\real\polyphase.c(263): warning:  #223-D: function "MADD64" declared implicitly
..\helix\real\polyphase.c(264): warning:  #223-D: function "MADD64" declared implicitly
..\helix\real\polyphase.c(279): warning:  #223-D: function "MADD64" declared implicitly
..\helix\real\polyphase.c(280): warning:  #223-D: function "MADD64" declared implicitly
..\helix\real\polyphase.c(281): warning:  #223-D: function "MADD64" declared implicitly
..\helix\real\polyphase.c(282): warning:  #223-D: function "MADD64" declared implicitly
..\helix\real\polyphase.c(283): warning:  #223-D: function "MADD64" declared implicitly
..\helix\real\polyphase.c(284): warning:  #223-D: function "MADD64" declared implicitly
..\helix\real\polyphase.c(285): warning:  #223-D: function "MADD64" declared implicitly
..\helix\real\polyphase.c(286): warning:  #223-D: function "MADD64" declared implicitly
compiling scalfact.c...
compiling stproc.c...
compiling subband.c...
Target not created
Build target 'MEDIA_USB_KEY'
compiling Audio.c...
..\MP3Header\MP3Header.h(27): error:  #5: cannot open source input file "stm32f10x.h": No such file or directory
compiling MP3header.c...
..\MP3Header\MP3header.c(24): error:  #5: cannot open source input file "includes.h": No such file or directory
Target not created
Build target 'MEDIA_USB_KEY'
compiling Audio.c...
..\MP3Header\MP3Header.h(69): warning:  #47-D: incompatible redefinition of macro "MIN" (declared at line 172 of "..\..\..\Libraries\STM32_USB_OTG_Driver\inc\usb_defines.h")
..\Audio\Audio.c(201): error:  #20: identifier "INT8U" is undefined
..\Audio\Audio.c(210): warning:  #181-D: argument is incompatible with corresponding format string conversion
..\Audio\Audio.c(527): error:  #20: identifier "TIM6_IRQn" is undefined
..\Audio\Audio.c(698): error:  #20: identifier "RCC_APB2Periph_GPIOA" is undefined
compiling MP3header.c...
..\MP3Header\MP3header.c(39): error:  #20: identifier "dlink" is undefined
..\MP3Header\MP3header.c(155): error:  #20: identifier "TIME" is undefined
..\MP3Header\MP3header.c(169): error:  #132: expression must have pointer-to-struct-or-union type
..\MP3Header\MP3header.c(170): error:  #132: expression must have pointer-to-struct-or-union type
..\MP3Header\MP3header.c(171): error:  #132: expression must have pointer-to-struct-or-union type
..\MP3Header\MP3header.c(172): error:  #132: expression must have pointer-to-struct-or-union type
..\MP3Header\MP3header.c(188): error:  #20: identifier "res" is undefined
..\MP3Header\MP3header.c(188): error:  #20: identifier "mp3FileObject" is undefined
..\MP3Header\MP3header.c(198): error:  #20: identifier "readBuf" is undefined
..\MP3Header\MP3header.c(198): error:  #20: identifier "READBUF_SIZE" is undefined
..\MP3Header\MP3header.c(198): error:  #20: identifier "n_Read" is undefined
..\MP3Header\MP3header.c(230): warning:  #181-D: argument is incompatible with corresponding format string conversion
..\MP3Header\MP3header.c(231): error:  #20: identifier "res" is undefined
..\MP3Header\MP3header.c(233): error:  #20: identifier "readBuf" is undefined
..\MP3Header\MP3header.c(233): error:  #20: identifier "n_Read" is undefined
..\MP3Header\MP3header.c(236): warning:  #223-D: function "strncmp" declared implicitly
..\MP3Header\MP3header.c(238): warning:  #223-D: function "strncpy" declared implicitly
..\MP3Header\MP3header.c(238): error:  #393: pointer to incomplete class type is not allowed
..\MP3Header\MP3header.c(238): error:  #393: pointer to incomplete class type is not allowed
..\MP3Header\MP3header.c(238): error:  #393: pointer to incomplete class type is not allowed
..\MP3Header\MP3header.c(239): error:  #393: pointer to incomplete class type is not allowed
..\MP3Header\MP3header.c(239): error:  #393: pointer to incomplete class type is not allowed
..\MP3Header\MP3header.c(239): error:  #393: pointer to incomplete class type is not allowed
..\MP3Header\MP3header.c(256): error:  #20: identifier "res" is undefined
..\MP3Header\MP3header.c(257): error:  #20: identifier "readBuf" is undefined
..\MP3Header\MP3header.c(257): error:  #20: identifier "READBUF_SIZE" is undefined
..\MP3Header\MP3header.c(257): error:  #20: identifier "n_Read" is undefined
..\MP3Header\MP3header.c(259): warning:  #223-D: function "strncmp" declared implicitly
..\MP3Header\MP3header.c(267): error:  #393: pointer to incomplete class type is not allowed
..\MP3Header\MP3header.c(303): warning:  #223-D: function "memmove" declared implicitly
..\MP3Header\MP3header.c(311): warning:  #223-D: function "strncpy" declared implicitly
..\MP3Header\MP3header.c(311): error:  #393: pointer to incomplete class type is not allowed
..\MP3Header\MP3header.c(311): error:  #393: pointer to incomplete class type is not allowed
..\MP3Header\MP3header.c(311): error:  #393: pointer to incomplete class type is not allowed
..\MP3Header\MP3header.c(312): error:  #393: pointer to incomplete class type is not allowed
..\MP3Header\MP3header.c(312): error:  #393: pointer to incomplete class type is not allowed
Target not created
Build target 'MEDIA_USB_KEY'
compiling Audio.c...
..\Audio\Audio.c(201): error:  #20: identifier "INT8U" is undefined
..\Audio\Audio.c(210): warning:  #181-D: argument is incompatible with corresponding format string conversion
..\Audio\Audio.c(527): error:  #20: identifier "TIM6_IRQn" is undefined
..\Audio\Audio.c(698): error:  #20: identifier "RCC_APB2Periph_GPIOA" is undefined
compiling MP3header.c...
..\MP3Header\MP3header.c(39): error:  #20: identifier "dlink" is undefined
..\MP3Header\MP3header.c(155): error:  #20: identifier "TIME" is undefined
..\MP3Header\MP3header.c(169): error:  #132: expression must have pointer-to-struct-or-union type
..\MP3Header\MP3header.c(170): error:  #132: expression must have pointer-to-struct-or-union type
..\MP3Header\MP3header.c(171): error:  #132: expression must have pointer-to-struct-or-union type
..\MP3Header\MP3header.c(172): error:  #132: expression must have pointer-to-struct-or-union type
..\MP3Header\MP3header.c(188): error:  #20: identifier "res" is undefined
..\MP3Header\MP3header.c(188): error:  #20: identifier "mp3FileObject" is undefined
..\MP3Header\MP3header.c(198): error:  #20: identifier "readBuf" is undefined
..\MP3Header\MP3header.c(198): error:  #20: identifier "READBUF_SIZE" is undefined
..\MP3Header\MP3header.c(198): error:  #20: identifier "n_Read" is undefined
..\MP3Header\MP3header.c(230): warning:  #181-D: argument is incompatible with corresponding format string conversion
..\MP3Header\MP3header.c(231): error:  #20: identifier "res" is undefined
..\MP3Header\MP3header.c(233): error:  #20: identifier "readBuf" is undefined
..\MP3Header\MP3header.c(233): error:  #20: identifier "n_Read" is undefined
..\MP3Header\MP3header.c(236): warning:  #223-D: function "strncmp" declared implicitly
..\MP3Header\MP3header.c(238): warning:  #223-D: function "strncpy" declared implicitly
..\MP3Header\MP3header.c(238): error:  #393: pointer to incomplete class type is not allowed
..\MP3Header\MP3header.c(238): error:  #393: pointer to incomplete class type is not allowed
..\MP3Header\MP3header.c(238): error:  #393: pointer to incomplete class type is not allowed
..\MP3Header\MP3header.c(239): error:  #393: pointer to incomplete class type is not allowed
..\MP3Header\MP3header.c(239): error:  #393: pointer to incomplete class type is not allowed
..\MP3Header\MP3header.c(239): error:  #393: pointer to incomplete class type is not allowed
..\MP3Header\MP3header.c(256): error:  #20: identifier "res" is undefined
..\MP3Header\MP3header.c(257): error:  #20: identifier "readBuf" is undefined
..\MP3Header\MP3header.c(257): error:  #20: identifier "READBUF_SIZE" is undefined
..\MP3Header\MP3header.c(257): error:  #20: identifier "n_Read" is undefined
..\MP3Header\MP3header.c(259): warning:  #223-D: function "strncmp" declared implicitly
..\MP3Header\MP3header.c(267): error:  #393: pointer to incomplete class type is not allowed
..\MP3Header\MP3header.c(303): warning:  #223-D: function "memmove" declared implicitly
..\MP3Header\MP3header.c(311): warning:  #223-D: function "strncpy" declared implicitly
..\MP3Header\MP3header.c(311): error:  #393: pointer to incomplete class type is not allowed
..\MP3Header\MP3header.c(311): error:  #393: pointer to incomplete class type is not allowed
..\MP3Header\MP3header.c(311): error:  #393: pointer to incomplete class type is not allowed
..\MP3Header\MP3header.c(312): error:  #393: pointer to incomplete class type is not allowed
..\MP3Header\MP3header.c(312): error:  #393: pointer to incomplete class type is not allowed
Target not created
Build target 'MEDIA_USB_KEY'
compiling Audio.c...
..\Audio\Audio.c(210): warning:  #181-D: argument is incompatible with corresponding format string conversion
..\Audio\Audio.c(201): warning:  #177-D: variable "err" was declared but never referenced
..\Audio\Audio.c(527): error:  #20: identifier "TIM6_IRQn" is undefined
..\Audio\Audio.c(698): error:  #20: identifier "RCC_APB2Periph_GPIOA" is undefined
compiling MP3header.c...
..\MP3Header\MP3header.c(39): error:  #20: identifier "dlink" is undefined
..\MP3Header\MP3header.c(155): error:  #20: identifier "TIME" is undefined
..\MP3Header\MP3header.c(169): error:  #132: expression must have pointer-to-struct-or-union type
..\MP3Header\MP3header.c(170): error:  #132: expression must have pointer-to-struct-or-union type
..\MP3Header\MP3header.c(171): error:  #132: expression must have pointer-to-struct-or-union type
..\MP3Header\MP3header.c(172): error:  #132: expression must have pointer-to-struct-or-union type
..\MP3Header\MP3header.c(188): error:  #20: identifier "res" is undefined
..\MP3Header\MP3header.c(188): error:  #20: identifier "mp3FileObject" is undefined
..\MP3Header\MP3header.c(198): error:  #20: identifier "readBuf" is undefined
..\MP3Header\MP3header.c(198): error:  #20: identifier "READBUF_SIZE" is undefined
..\MP3Header\MP3header.c(198): error:  #20: identifier "n_Read" is undefined
..\MP3Header\MP3header.c(230): warning:  #181-D: argument is incompatible with corresponding format string conversion
..\MP3Header\MP3header.c(231): error:  #20: identifier "res" is undefined
..\MP3Header\MP3header.c(233): error:  #20: identifier "readBuf" is undefined
..\MP3Header\MP3header.c(233): error:  #20: identifier "n_Read" is undefined
..\MP3Header\MP3header.c(236): warning:  #223-D: function "strncmp" declared implicitly
..\MP3Header\MP3header.c(238): warning:  #223-D: function "strncpy" declared implicitly
..\MP3Header\MP3header.c(238): error:  #393: pointer to incomplete class type is not allowed
..\MP3Header\MP3header.c(238): error:  #393: pointer to incomplete class type is not allowed
..\MP3Header\MP3header.c(238): error:  #393: pointer to incomplete class type is not allowed
..\MP3Header\MP3header.c(239): error:  #393: pointer to incomplete class type is not allowed
..\MP3Header\MP3header.c(239): error:  #393: pointer to incomplete class type is not allowed
..\MP3Header\MP3header.c(239): error:  #393: pointer to incomplete class type is not allowed
..\MP3Header\MP3header.c(256): error:  #20: identifier "res" is undefined
..\MP3Header\MP3header.c(257): error:  #20: identifier "readBuf" is undefined
..\MP3Header\MP3header.c(257): error:  #20: identifier "READBUF_SIZE" is undefined
..\MP3Header\MP3header.c(257): error:  #20: identifier "n_Read" is undefined
..\MP3Header\MP3header.c(259): warning:  #223-D: function "strncmp" declared implicitly
..\MP3Header\MP3header.c(267): error:  #393: pointer to incomplete class type is not allowed
..\MP3Header\MP3header.c(303): warning:  #223-D: function "memmove" declared implicitly
..\MP3Header\MP3header.c(311): warning:  #223-D: function "strncpy" declared implicitly
..\MP3Header\MP3header.c(311): error:  #393: pointer to incomplete class type is not allowed
..\MP3Header\MP3header.c(311): error:  #393: pointer to incomplete class type is not allowed
..\MP3Header\MP3header.c(311): error:  #393: pointer to incomplete class type is not allowed
..\MP3Header\MP3header.c(312): error:  #393: pointer to incomplete class type is not allowed
..\MP3Header\MP3header.c(312): error:  #393: pointer to incomplete class type is not allowed
Target not created
Build target 'MEDIA_USB_KEY'
compiling Audio.c...
..\Audio\Audio.c(210): warning:  #181-D: argument is incompatible with corresponding format string conversion
..\Audio\Audio.c(201): warning:  #177-D: variable "err" was declared but never referenced
compiling MP3header.c...
..\MP3Header\MP3header.c(39): error:  #20: identifier "dlink" is undefined
..\MP3Header\MP3header.c(155): error:  #20: identifier "TIME" is undefined
..\MP3Header\MP3header.c(169): error:  #132: expression must have pointer-to-struct-or-union type
..\MP3Header\MP3header.c(170): error:  #132: expression must have pointer-to-struct-or-union type
..\MP3Header\MP3header.c(171): error:  #132: expression must have pointer-to-struct-or-union type
..\MP3Header\MP3header.c(172): error:  #132: expression must have pointer-to-struct-or-union type
..\MP3Header\MP3header.c(188): error:  #20: identifier "res" is undefined
..\MP3Header\MP3header.c(188): error:  #20: identifier "mp3FileObject" is undefined
..\MP3Header\MP3header.c(198): error:  #20: identifier "readBuf" is undefined
..\MP3Header\MP3header.c(198): error:  #20: identifier "READBUF_SIZE" is undefined
..\MP3Header\MP3header.c(198): error:  #20: identifier "n_Read" is undefined
..\MP3Header\MP3header.c(230): warning:  #181-D: argument is incompatible with corresponding format string conversion
..\MP3Header\MP3header.c(231): error:  #20: identifier "res" is undefined
..\MP3Header\MP3header.c(233): error:  #20: identifier "readBuf" is undefined
..\MP3Header\MP3header.c(233): error:  #20: identifier "n_Read" is undefined
..\MP3Header\MP3header.c(236): warning:  #223-D: function "strncmp" declared implicitly
..\MP3Header\MP3header.c(238): warning:  #223-D: function "strncpy" declared implicitly
..\MP3Header\MP3header.c(238): error:  #393: pointer to incomplete class type is not allowed
..\MP3Header\MP3header.c(238): error:  #393: pointer to incomplete class type is not allowed
..\MP3Header\MP3header.c(238): error:  #393: pointer to incomplete class type is not allowed
..\MP3Header\MP3header.c(239): error:  #393: pointer to incomplete class type is not allowed
..\MP3Header\MP3header.c(239): error:  #393: pointer to incomplete class type is not allowed
..\MP3Header\MP3header.c(239): error:  #393: pointer to incomplete class type is not allowed
..\MP3Header\MP3header.c(256): error:  #20: identifier "res" is undefined
..\MP3Header\MP3header.c(257): error:  #20: identifier "readBuf" is undefined
..\MP3Header\MP3header.c(257): error:  #20: identifier "READBUF_SIZE" is undefined
..\MP3Header\MP3header.c(257): error:  #20: identifier "n_Read" is undefined
..\MP3Header\MP3header.c(259): warning:  #223-D: function "strncmp" declared implicitly
..\MP3Header\MP3header.c(267): error:  #393: pointer to incomplete class type is not allowed
..\MP3Header\MP3header.c(303): warning:  #223-D: function "memmove" declared implicitly
..\MP3Header\MP3header.c(311): warning:  #223-D: function "strncpy" declared implicitly
..\MP3Header\MP3header.c(311): error:  #393: pointer to incomplete class type is not allowed
..\MP3Header\MP3header.c(311): error:  #393: pointer to incomplete class type is not allowed
..\MP3Header\MP3header.c(311): error:  #393: pointer to incomplete class type is not allowed
..\MP3Header\MP3header.c(312): error:  #393: pointer to incomplete class type is not allowed
..\MP3Header\MP3header.c(312): error:  #393: pointer to incomplete class type is not allowed
Target not created
Build target 'MEDIA_USB_KEY'
compiling Audio.c...
..\Audio\Audio.c(210): warning:  #181-D: argument is incompatible with corresponding format string conversion
..\Audio\Audio.c(201): warning:  #177-D: variable "err" was declared but never referenced
compiling MP3header.c...
..\MP3Header\MP3header.c(39): error:  #20: identifier "dlink" is undefined
..\MP3Header\MP3header.c(155): error:  #20: identifier "TIME" is undefined
..\MP3Header\MP3header.c(169): error:  #132: expression must have pointer-to-struct-or-union type
..\MP3Header\MP3header.c(170): error:  #132: expression must have pointer-to-struct-or-union type
..\MP3Header\MP3header.c(171): error:  #132: expression must have pointer-to-struct-or-union type
..\MP3Header\MP3header.c(172): error:  #132: expression must have pointer-to-struct-or-union type
..\MP3Header\MP3header.c(188): error:  #20: identifier "res" is undefined
..\MP3Header\MP3header.c(188): error:  #20: identifier "mp3FileObject" is undefined
..\MP3Header\MP3header.c(198): error:  #20: identifier "readBuf" is undefined
..\MP3Header\MP3header.c(198): error:  #20: identifier "READBUF_SIZE" is undefined
..\MP3Header\MP3header.c(198): error:  #20: identifier "n_Read" is undefined
..\MP3Header\MP3header.c(230): warning:  #181-D: argument is incompatible with corresponding format string conversion
..\MP3Header\MP3header.c(231): error:  #20: identifier "res" is undefined
..\MP3Header\MP3header.c(233): error:  #20: identifier "readBuf" is undefined
..\MP3Header\MP3header.c(233): error:  #20: identifier "n_Read" is undefined
..\MP3Header\MP3header.c(236): warning:  #223-D: function "strncmp" declared implicitly
..\MP3Header\MP3header.c(238): warning:  #223-D: function "strncpy" declared implicitly
..\MP3Header\MP3header.c(238): error:  #393: pointer to incomplete class type is not allowed
..\MP3Header\MP3header.c(238): error:  #393: pointer to incomplete class type is not allowed
..\MP3Header\MP3header.c(238): error:  #393: pointer to incomplete class type is not allowed
..\MP3Header\MP3header.c(239): error:  #393: pointer to incomplete class type is not allowed
..\MP3Header\MP3header.c(239): error:  #393: pointer to incomplete class type is not allowed
..\MP3Header\MP3header.c(239): error:  #393: pointer to incomplete class type is not allowed
..\MP3Header\MP3header.c(256): error:  #20: identifier "res" is undefined
..\MP3Header\MP3header.c(257): error:  #20: identifier "readBuf" is undefined
..\MP3Header\MP3header.c(257): error:  #20: identifier "READBUF_SIZE" is undefined
..\MP3Header\MP3header.c(257): error:  #20: identifier "n_Read" is undefined
..\MP3Header\MP3header.c(259): warning:  #223-D: function "strncmp" declared implicitly
..\MP3Header\MP3header.c(267): error:  #393: pointer to incomplete class type is not allowed
..\MP3Header\MP3header.c(303): warning:  #223-D: function "memmove" declared implicitly
..\MP3Header\MP3header.c(311): warning:  #223-D: function "strncpy" declared implicitly
..\MP3Header\MP3header.c(311): error:  #393: pointer to incomplete class type is not allowed
..\MP3Header\MP3header.c(311): error:  #393: pointer to incomplete class type is not allowed
..\MP3Header\MP3header.c(311): error:  #393: pointer to incomplete class type is not allowed
..\MP3Header\MP3header.c(312): error:  #393: pointer to incomplete class type is not allowed
..\MP3Header\MP3header.c(312): error:  #393: pointer to incomplete class type is not allowed
Target not created
Build target 'MEDIA_USB_KEY'
compiling Audio.c...
..\Audio\Audio.c(201): warning:  #177-D: variable "err" was declared but never referenced
compiling MP3header.c...
..\MP3Header\MP3header.c(39): error:  #20: identifier "dlink" is undefined
..\MP3Header\MP3header.c(155): error:  #20: identifier "TIME" is undefined
..\MP3Header\MP3header.c(169): error:  #132: expression must have pointer-to-struct-or-union type
..\MP3Header\MP3header.c(170): error:  #132: expression must have pointer-to-struct-or-union type
..\MP3Header\MP3header.c(171): error:  #132: expression must have pointer-to-struct-or-union type
..\MP3Header\MP3header.c(172): error:  #132: expression must have pointer-to-struct-or-union type
..\MP3Header\MP3header.c(188): error:  #20: identifier "res" is undefined
..\MP3Header\MP3header.c(188): error:  #20: identifier "mp3FileObject" is undefined
..\MP3Header\MP3header.c(198): error:  #20: identifier "readBuf" is undefined
..\MP3Header\MP3header.c(198): error:  #20: identifier "READBUF_SIZE" is undefined
..\MP3Header\MP3header.c(198): error:  #20: identifier "n_Read" is undefined
..\MP3Header\MP3header.c(230): warning:  #181-D: argument is incompatible with corresponding format string conversion
..\MP3Header\MP3header.c(231): error:  #20: identifier "res" is undefined
..\MP3Header\MP3header.c(233): error:  #20: identifier "readBuf" is undefined
..\MP3Header\MP3header.c(233): error:  #20: identifier "n_Read" is undefined
..\MP3Header\MP3header.c(236): warning:  #223-D: function "strncmp" declared implicitly
..\MP3Header\MP3header.c(238): warning:  #223-D: function "strncpy" declared implicitly
..\MP3Header\MP3header.c(238): error:  #393: pointer to incomplete class type is not allowed
..\MP3Header\MP3header.c(238): error:  #393: pointer to incomplete class type is not allowed
..\MP3Header\MP3header.c(238): error:  #393: pointer to incomplete class type is not allowed
..\MP3Header\MP3header.c(239): error:  #393: pointer to incomplete class type is not allowed
..\MP3Header\MP3header.c(239): error:  #393: pointer to incomplete class type is not allowed
..\MP3Header\MP3header.c(239): error:  #393: pointer to incomplete class type is not allowed
..\MP3Header\MP3header.c(256): error:  #20: identifier "res" is undefined
..\MP3Header\MP3header.c(257): error:  #20: identifier "readBuf" is undefined
..\MP3Header\MP3header.c(257): error:  #20: identifier "READBUF_SIZE" is undefined
..\MP3Header\MP3header.c(257): error:  #20: identifier "n_Read" is undefined
..\MP3Header\MP3header.c(259): warning:  #223-D: function "strncmp" declared implicitly
..\MP3Header\MP3header.c(267): error:  #393: pointer to incomplete class type is not allowed
..\MP3Header\MP3header.c(303): warning:  #223-D: function "memmove" declared implicitly
..\MP3Header\MP3header.c(311): warning:  #223-D: function "strncpy" declared implicitly
..\MP3Header\MP3header.c(311): error:  #393: pointer to incomplete class type is not allowed
..\MP3Header\MP3header.c(311): error:  #393: pointer to incomplete class type is not allowed
..\MP3Header\MP3header.c(311): error:  #393: pointer to incomplete class type is not allowed
..\MP3Header\MP3header.c(312): error:  #393: pointer to incomplete class type is not allowed
..\MP3Header\MP3header.c(312): error:  #393: pointer to incomplete class type is not allowed
Target not created
Build target 'MEDIA_USB_KEY'
linking...
.\MEDIA_USB_KEY\mp3sample.axf: Error: L6218E: Undefined symbol DAC_Config2 (referred from audio.o).
.\MEDIA_USB_KEY\mp3sample.axf: Error: L6218E: Undefined symbol MP3_NVIC_Config4TIM6 (referred from audio.o).
.\MEDIA_USB_KEY\mp3sample.axf: Error: L6218E: Undefined symbol Read_ID3V1 (referred from audio.o).
.\MEDIA_USB_KEY\mp3sample.axf: Error: L6218E: Undefined symbol Read_ID3V2 (referred from audio.o).
.\MEDIA_USB_KEY\mp3sample.axf: Error: L6218E: Undefined symbol mp3_info (referred from audio.o).
.\MEDIA_USB_KEY\mp3sample.axf: Error: L6218E: Undefined symbol xmp3_MULSHIFT32 (referred from dct32.o).
.\MEDIA_USB_KEY\mp3sample.axf: Error: L6218E: Undefined symbol xmp3_FASTABS (referred from imdct.o).
.\MEDIA_USB_KEY\mp3sample.axf: Error: L6218E: Undefined symbol MADD64 (referred from polyphase.o).
.\MEDIA_USB_KEY\mp3sample.axf: Error: L6218E: Undefined symbol SAR64 (referred from polyphase.o).
Target not created
Build target 'MEDIA_USB_KEY'
compiling Audio.c...
..\Audio\Audio.c(201): warning:  #177-D: variable "err" was declared but never referenced
linking...
.\MEDIA_USB_KEY\mp3sample.axf: Error: L6218E: Undefined symbol Read_ID3V1 (referred from audio.o).
.\MEDIA_USB_KEY\mp3sample.axf: Error: L6218E: Undefined symbol Read_ID3V2 (referred from audio.o).
.\MEDIA_USB_KEY\mp3sample.axf: Error: L6218E: Undefined symbol mp3_info (referred from audio.o).
.\MEDIA_USB_KEY\mp3sample.axf: Error: L6218E: Undefined symbol xmp3_MULSHIFT32 (referred from dct32.o).
.\MEDIA_USB_KEY\mp3sample.axf: Error: L6218E: Undefined symbol xmp3_FASTABS (referred from imdct.o).
.\MEDIA_USB_KEY\mp3sample.axf: Error: L6218E: Undefined symbol MADD64 (referred from polyphase.o).
.\MEDIA_USB_KEY\mp3sample.axf: Error: L6218E: Undefined symbol SAR64 (referred from polyphase.o).
Target not created
Build target 'MEDIA_USB_KEY'
compiling MP3header.c...
..\MP3Header\MP3header.c(39): error:  #20: identifier "dlink" is undefined
..\MP3Header\MP3header.c(155): error:  #20: identifier "TIME" is undefined
..\MP3Header\MP3header.c(169): error:  #132: expression must have pointer-to-struct-or-union type
..\MP3Header\MP3header.c(170): error:  #132: expression must have pointer-to-struct-or-union type
..\MP3Header\MP3header.c(171): error:  #132: expression must have pointer-to-struct-or-union type
..\MP3Header\MP3header.c(172): error:  #132: expression must have pointer-to-struct-or-union type
..\MP3Header\MP3header.c(188): error:  #20: identifier "res" is undefined
..\MP3Header\MP3header.c(188): error:  #20: identifier "mp3FileObject" is undefined
..\MP3Header\MP3header.c(198): error:  #20: identifier "readBuf" is undefined
..\MP3Header\MP3header.c(198): error:  #20: identifier "READBUF_SIZE" is undefined
..\MP3Header\MP3header.c(198): error:  #20: identifier "n_Read" is undefined
..\MP3Header\MP3header.c(230): warning:  #181-D: argument is incompatible with corresponding format string conversion
..\MP3Header\MP3header.c(231): error:  #20: identifier "res" is undefined
..\MP3Header\MP3header.c(233): error:  #20: identifier "readBuf" is undefined
..\MP3Header\MP3header.c(233): error:  #20: identifier "n_Read" is undefined
..\MP3Header\MP3header.c(236): warning:  #223-D: function "strncmp" declared implicitly
..\MP3Header\MP3header.c(238): warning:  #223-D: function "strncpy" declared implicitly
..\MP3Header\MP3header.c(238): error:  #393: pointer to incomplete class type is not allowed
..\MP3Header\MP3header.c(238): error:  #393: pointer to incomplete class type is not allowed
..\MP3Header\MP3header.c(238): error:  #393: pointer to incomplete class type is not allowed
..\MP3Header\MP3header.c(239): error:  #393: pointer to incomplete class type is not allowed
..\MP3Header\MP3header.c(239): error:  #393: pointer to incomplete class type is not allowed
..\MP3Header\MP3header.c(239): error:  #393: pointer to incomplete class type is not allowed
..\MP3Header\MP3header.c(256): error:  #20: identifier "res" is undefined
..\MP3Header\MP3header.c(257): error:  #20: identifier "readBuf" is undefined
..\MP3Header\MP3header.c(257): error:  #20: identifier "READBUF_SIZE" is undefined
..\MP3Header\MP3header.c(257): error:  #20: identifier "n_Read" is undefined
..\MP3Header\MP3header.c(259): warning:  #223-D: function "strncmp" declared implicitly
..\MP3Header\MP3header.c(267): error:  #393: pointer to incomplete class type is not allowed
..\MP3Header\MP3header.c(303): warning:  #223-D: function "memmove" declared implicitly
..\MP3Header\MP3header.c(311): warning:  #223-D: function "strncpy" declared implicitly
..\MP3Header\MP3header.c(311): error:  #393: pointer to incomplete class type is not allowed
..\MP3Header\MP3header.c(311): error:  #393: pointer to incomplete class type is not allowed
..\MP3Header\MP3header.c(311): error:  #393: pointer to incomplete class type is not allowed
..\MP3Header\MP3header.c(312): error:  #393: pointer to incomplete class type is not allowed
..\MP3Header\MP3header.c(312): error:  #393: pointer to incomplete class type is not allowed
Target not created
Build target 'MEDIA_USB_KEY'
compiling Audio.c...
..\Audio\Audio.c(201): warning:  #177-D: variable "err" was declared but never referenced
compiling MP3header.c...
..\MP3Header\MP3header.c(39): error:  #20: identifier "dlink" is undefined
..\MP3Header\MP3header.c(155): error:  #20: identifier "TIME" is undefined
..\MP3Header\MP3header.c(169): error:  #132: expression must have pointer-to-struct-or-union type
..\MP3Header\MP3header.c(170): error:  #132: expression must have pointer-to-struct-or-union type
..\MP3Header\MP3header.c(171): error:  #132: expression must have pointer-to-struct-or-union type
..\MP3Header\MP3header.c(172): error:  #132: expression must have pointer-to-struct-or-union type
..\MP3Header\MP3header.c(188): error:  #20: identifier "res" is undefined
..\MP3Header\MP3header.c(188): error:  #20: identifier "mp3FileObject" is undefined
..\MP3Header\MP3header.c(198): error:  #20: identifier "readBuf" is undefined
..\MP3Header\MP3header.c(198): error:  #20: identifier "READBUF_SIZE" is undefined
..\MP3Header\MP3header.c(198): error:  #20: identifier "n_Read" is undefined
..\MP3Header\MP3header.c(230): warning:  #181-D: argument is incompatible with corresponding format string conversion
..\MP3Header\MP3header.c(231): error:  #20: identifier "res" is undefined
..\MP3Header\MP3header.c(233): error:  #20: identifier "readBuf" is undefined
..\MP3Header\MP3header.c(233): error:  #20: identifier "n_Read" is undefined
..\MP3Header\MP3header.c(236): warning:  #223-D: function "strncmp" declared implicitly
..\MP3Header\MP3header.c(238): warning:  #223-D: function "strncpy" declared implicitly
..\MP3Header\MP3header.c(238): error:  #393: pointer to incomplete class type is not allowed
..\MP3Header\MP3header.c(238): error:  #393: pointer to incomplete class type is not allowed
..\MP3Header\MP3header.c(238): error:  #393: pointer to incomplete class type is not allowed
..\MP3Header\MP3header.c(239): error:  #393: pointer to incomplete class type is not allowed
..\MP3Header\MP3header.c(239): error:  #393: pointer to incomplete class type is not allowed
..\MP3Header\MP3header.c(239): error:  #393: pointer to incomplete class type is not allowed
..\MP3Header\MP3header.c(256): error:  #20: identifier "res" is undefined
..\MP3Header\MP3header.c(257): error:  #20: identifier "readBuf" is undefined
..\MP3Header\MP3header.c(257): error:  #20: identifier "READBUF_SIZE" is undefined
..\MP3Header\MP3header.c(257): error:  #20: identifier "n_Read" is undefined
..\MP3Header\MP3header.c(259): warning:  #223-D: function "strncmp" declared implicitly
..\MP3Header\MP3header.c(267): error:  #393: pointer to incomplete class type is not allowed
..\MP3Header\MP3header.c(303): warning:  #223-D: function "memmove" declared implicitly
..\MP3Header\MP3header.c(311): warning:  #223-D: function "strncpy" declared implicitly
..\MP3Header\MP3header.c(311): error:  #393: pointer to incomplete class type is not allowed
..\MP3Header\MP3header.c(311): error:  #393: pointer to incomplete class type is not allowed
..\MP3Header\MP3header.c(311): error:  #393: pointer to incomplete class type is not allowed
..\MP3Header\MP3header.c(312): error:  #393: pointer to incomplete class type is not allowed
..\MP3Header\MP3header.c(312): error:  #393: pointer to incomplete class type is not allowed
Target not created
Build target 'MEDIA_USB_KEY'
compiling Audio.c...
compiling MP3header.c...
..\MP3Header\MP3header.c(39): error:  #20: identifier "dlink" is undefined
..\MP3Header\MP3header.c(155): error:  #20: identifier "TIME" is undefined
..\MP3Header\MP3header.c(169): error:  #132: expression must have pointer-to-struct-or-union type
..\MP3Header\MP3header.c(170): error:  #132: expression must have pointer-to-struct-or-union type
..\MP3Header\MP3header.c(171): error:  #132: expression must have pointer-to-struct-or-union type
..\MP3Header\MP3header.c(172): error:  #132: expression must have pointer-to-struct-or-union type
..\MP3Header\MP3header.c(188): error:  #20: identifier "res" is undefined
..\MP3Header\MP3header.c(188): error:  #20: identifier "mp3FileObject" is undefined
..\MP3Header\MP3header.c(198): error:  #20: identifier "readBuf" is undefined
..\MP3Header\MP3header.c(198): error:  #20: identifier "READBUF_SIZE" is undefined
..\MP3Header\MP3header.c(198): error:  #20: identifier "n_Read" is undefined
..\MP3Header\MP3header.c(230): warning:  #181-D: argument is incompatible with corresponding format string conversion
..\MP3Header\MP3header.c(231): error:  #20: identifier "res" is undefined
..\MP3Header\MP3header.c(233): error:  #20: identifier "readBuf" is undefined
..\MP3Header\MP3header.c(233): error:  #20: identifier "n_Read" is undefined
..\MP3Header\MP3header.c(236): warning:  #223-D: function "strncmp" declared implicitly
..\MP3Header\MP3header.c(238): warning:  #223-D: function "strncpy" declared implicitly
..\MP3Header\MP3header.c(238): error:  #393: pointer to incomplete class type is not allowed
..\MP3Header\MP3header.c(238): error:  #393: pointer to incomplete class type is not allowed
..\MP3Header\MP3header.c(238): error:  #393: pointer to incomplete class type is not allowed
..\MP3Header\MP3header.c(239): error:  #393: pointer to incomplete class type is not allowed
..\MP3Header\MP3header.c(239): error:  #393: pointer to incomplete class type is not allowed
..\MP3Header\MP3header.c(239): error:  #393: pointer to incomplete class type is not allowed
..\MP3Header\MP3header.c(256): error:  #20: identifier "res" is undefined
..\MP3Header\MP3header.c(257): error:  #20: identifier "readBuf" is undefined
..\MP3Header\MP3header.c(257): error:  #20: identifier "READBUF_SIZE" is undefined
..\MP3Header\MP3header.c(257): error:  #20: identifier "n_Read" is undefined
..\MP3Header\MP3header.c(259): warning:  #223-D: function "strncmp" declared implicitly
..\MP3Header\MP3header.c(267): error:  #393: pointer to incomplete class type is not allowed
..\MP3Header\MP3header.c(303): warning:  #223-D: function "memmove" declared implicitly
..\MP3Header\MP3header.c(311): warning:  #223-D: function "strncpy" declared implicitly
..\MP3Header\MP3header.c(311): error:  #393: pointer to incomplete class type is not allowed
..\MP3Header\MP3header.c(311): error:  #393: pointer to incomplete class type is not allowed
..\MP3Header\MP3header.c(311): error:  #393: pointer to incomplete class type is not allowed
..\MP3Header\MP3header.c(312): error:  #393: pointer to incomplete class type is not allowed
..\MP3Header\MP3header.c(312): error:  #393: pointer to incomplete class type is not allowed
Target not created
Build target 'MEDIA_USB_KEY'
compiling Audio.c...
compiling MP3header.c...
..\MP3Header\MP3header.c(188): error:  #20: identifier "res" is undefined
..\MP3Header\MP3header.c(188): error:  #20: identifier "mp3FileObject" is undefined
..\MP3Header\MP3header.c(198): error:  #20: identifier "readBuf" is undefined
..\MP3Header\MP3header.c(198): error:  #20: identifier "READBUF_SIZE" is undefined
..\MP3Header\MP3header.c(198): error:  #20: identifier "n_Read" is undefined
..\MP3Header\MP3header.c(230): warning:  #181-D: argument is incompatible with corresponding format string conversion
..\MP3Header\MP3header.c(231): error:  #20: identifier "res" is undefined
..\MP3Header\MP3header.c(233): error:  #20: identifier "readBuf" is undefined
..\MP3Header\MP3header.c(233): error:  #20: identifier "n_Read" is undefined
..\MP3Header\MP3header.c(236): warning:  #223-D: function "strncmp" declared implicitly
..\MP3Header\MP3header.c(238): warning:  #223-D: function "strncpy" declared implicitly
..\MP3Header\MP3header.c(256): error:  #20: identifier "res" is undefined
..\MP3Header\MP3header.c(257): error:  #20: identifier "readBuf" is undefined
..\MP3Header\MP3header.c(257): error:  #20: identifier "READBUF_SIZE" is undefined
..\MP3Header\MP3header.c(257): error:  #20: identifier "n_Read" is undefined
..\MP3Header\MP3header.c(259): warning:  #223-D: function "strncmp" declared implicitly
..\MP3Header\MP3header.c(303): warning:  #223-D: function "memmove" declared implicitly
..\MP3Header\MP3header.c(311): warning:  #223-D: function "strncpy" declared implicitly
..\MP3Header\MP3header.c(315): warning:  #223-D: function "memset" declared implicitly
..\MP3Header\MP3header.c(321): warning:  #223-D: function "strncpy" declared implicitly
..\MP3Header\MP3header.c(326): warning:  #223-D: function "memset" declared implicitly
..\MP3Header\MP3header.c(356): error:  #20: identifier "fs" is undefined
..\MP3Header\MP3header.c(357): error:  #20: identifier "res" is undefined
..\MP3Header\MP3header.c(366): warning:  #223-D: function "strstr" declared implicitly
..\MP3Header\MP3header.c(382): warning:  #223-D: function "malloc" declared implicitly
..\MP3Header\MP3header.c(385): warning:  #223-D: function "memset" declared implicitly
..\MP3Header\MP3header.c(386): warning:  #223-D: function "strcpy" declared implicitly
..\MP3Header\MP3header.c(392): warning:  #223-D: function "strcat" declared implicitly
..\MP3Header\MP3header.c(398): warning:  #223-D: function "strlen" declared implicitly
..\MP3Header\MP3header.c(411): warning:  #223-D: function "malloc" declared implicitly
..\MP3Header\MP3header.c(414): warning:  #223-D: function "memset" declared implicitly
..\MP3Header\MP3header.c(415): warning:  #223-D: function "strcpy" declared implicitly
..\MP3Header\MP3header.c(422): warning:  #223-D: function "strcat" declared implicitly
..\MP3Header\MP3header.c(428): warning:  #223-D: function "strlen" declared implicitly
Target not created
Build target 'MEDIA_USB_KEY'
compiling MP3header.c...
..\MP3Header\MP3header.c(25): error:  #5: cannot open source input file "AudioS.h": No such file or directory
Target not created
Build target 'MEDIA_USB_KEY'
compiling MP3header.c...
..\MP3Header\MP3header.c(231): warning:  #181-D: argument is incompatible with corresponding format string conversion
..\MP3Header\MP3header.c(383): warning:  #223-D: function "malloc" declared implicitly
..\MP3Header\MP3header.c(412): warning:  #223-D: function "malloc" declared implicitly
linking...
.\MEDIA_USB_KEY\mp3sample.axf: Error: L6218E: Undefined symbol xmp3_MULSHIFT32 (referred from dct32.o).
.\MEDIA_USB_KEY\mp3sample.axf: Error: L6218E: Undefined symbol xmp3_FASTABS (referred from imdct.o).
.\MEDIA_USB_KEY\mp3sample.axf: Error: L6218E: Undefined symbol MADD64 (referred from polyphase.o).
.\MEDIA_USB_KEY\mp3sample.axf: Error: L6218E: Undefined symbol SAR64 (referred from polyphase.o).
Target not created
Build target 'MEDIA_USB_KEY'
assembling startup_stm32f4xx.s...
linking...
.\MEDIA_USB_KEY\mp3sample.axf: Error: L6218E: Undefined symbol xmp3_MULSHIFT32 (referred from dct32.o).
.\MEDIA_USB_KEY\mp3sample.axf: Error: L6218E: Undefined symbol xmp3_FASTABS (referred from imdct.o).
.\MEDIA_USB_KEY\mp3sample.axf: Error: L6218E: Undefined symbol MADD64 (referred from polyphase.o).
.\MEDIA_USB_KEY\mp3sample.axf: Error: L6218E: Undefined symbol SAR64 (referred from polyphase.o).
Target not created
Build target 'MEDIA_USB_KEY'
assembling startup_stm32f4xx.s...
linking...
.\MEDIA_USB_KEY\mp3sample.axf: Error: L6218E: Undefined symbol xmp3_MULSHIFT32 (referred from dct32.o).
.\MEDIA_USB_KEY\mp3sample.axf: Error: L6218E: Undefined symbol xmp3_FASTABS (referred from imdct.o).
.\MEDIA_USB_KEY\mp3sample.axf: Error: L6218E: Undefined symbol MADD64 (referred from polyphase.o).
.\MEDIA_USB_KEY\mp3sample.axf: Error: L6218E: Undefined symbol SAR64 (referred from polyphase.o).
Target not created
Build target 'MEDIA_USB_KEY'
assembling asmmisc.s...
linking...
.\MEDIA_USB_KEY\mp3sample.axf: Error: L6218E: Undefined symbol MADD64 (referred from polyphase.o).
.\MEDIA_USB_KEY\mp3sample.axf: Error: L6218E: Undefined symbol SAR64 (referred from polyphase.o).
Target not created
Build target 'MEDIA_USB_KEY'
assembling asmpoly_thumb2.s...
assembling asmpoly.s...
..\helix\real\arm\asmpoly.s(1): error: A1167E: Invalid line start 
..\helix\real\arm\asmpoly.s(2): error: A1167E: Invalid line start 
..\helix\real\arm\asmpoly.s(3): error: A1167E: Invalid line start 
..\helix\real\arm\asmpoly.s(4): error: A1167E: Invalid line start 
..\helix\real\arm\asmpoly.s(5): error: A1167E: Invalid line start 
..\helix\real\arm\asmpoly.s(6): error: A1167E: Invalid line start 
..\helix\real\arm\asmpoly.s(7): error: A1167E: Invalid line start 
..\helix\real\arm\asmpoly.s(8): error: A1167E: Invalid line start 
..\helix\real\arm\asmpoly.s(9): error: A1167E: Invalid line start 
..\helix\real\arm\asmpoly.s(10): error: A1167E: Invalid line start 
..\helix\real\arm\asmpoly.s(11): error: A1167E: Invalid line start 
..\helix\real\arm\asmpoly.s(12): error: A1167E: Invalid line start 
..\helix\real\arm\asmpoly.s(13): error: A1167E: Invalid line start 
..\helix\real\arm\asmpoly.s(14): error: A1167E: Invalid line start 
..\helix\real\arm\asmpoly.s(15): error: A1167E: Invalid line start 
..\helix\real\arm\asmpoly.s(16): error: A1167E: Invalid line start 
..\helix\real\arm\asmpoly.s(17): error: A1167E: Invalid line start 
..\helix\real\arm\asmpoly.s(18): error: A1167E: Invalid line start 
..\helix\real\arm\asmpoly.s(19): error: A1167E: Invalid line start 
..\helix\real\arm\asmpoly.s(20): error: A1167E: Invalid line start 
..\helix\real\arm\asmpoly.s(21): error: A1167E: Invalid line start 
..\helix\real\arm\asmpoly.s(22): error: A1167E: Invalid line start 
..\helix\real\arm\asmpoly.s(23): error: A1167E: Invalid line start 
..\helix\real\arm\asmpoly.s(24): error: A1167E: Invalid line start 
..\helix\real\arm\asmpoly.s(25): error: A1167E: Invalid line start 
..\helix\real\arm\asmpoly.s(26): error: A1167E: Invalid line start 
..\helix\real\arm\asmpoly.s(27): error: A1167E: Invalid line start 
..\helix\real\arm\asmpoly.s(28): error: A1167E: Invalid line start 
..\helix\real\arm\asmpoly.s(29): error: A1167E: Invalid line start 
..\helix\real\arm\asmpoly.s(30): error: A1167E: Invalid line start 
..\helix\real\arm\asmpoly.s(31): error: A1167E: Invalid line start 
..\helix\real\arm\asmpoly.s(32): error: A1167E: Invalid line start 
..\helix\real\arm\asmpoly.s(33): error: A1167E: Invalid line start 
..\helix\real\arm\asmpoly.s(34): error: A1167E: Invalid line start 
..\helix\real\arm\asmpoly.s(36): error: A1163E: Unknown opcode xmp3_PolyphaseStereo , expecting opcode or Macro
..\helix\real\arm\asmpoly.s(37): error: A1167E: Invalid line start 
..\helix\real\arm\asmpoly.s(39): error: A1355U: A Label was found which was in no AREA
Target not created
Build target 'MEDIA_USB_KEY'
linking...
.\MEDIA_USB_KEY\mp3sample.axf: Error: L6200E: Symbol xmp3_PolyphaseMono multiply defined (by asmpoly_thumb2.o and polyphase.o).
.\MEDIA_USB_KEY\mp3sample.axf: Error: L6200E: Symbol xmp3_PolyphaseStereo multiply defined (by asmpoly_thumb2.o and polyphase.o).
Target not created
Clean started: Project: 'mp3'
   deleting intermediate output files for target 'MEDIA_intFALSH'
   deleting intermediate output files for target 'MEDIA_USB_KEY'
Build target 'MEDIA_USB_KEY'
compiling audio_sample.c...
compiling main.c...
compiling stm32f4xx_it.c...
compiling system_stm32f4xx.c...
compiling usb_bsp.c...
compiling usbh_usr.c...
compiling waveplayer.c...
compiling waverecorder.c...
compiling stm32f4_discovery.c...
compiling stm32f4_discovery_lis302dl.c...
compiling stm32f4_discovery_audio_codec.c...
compiling stm32f4xx_syscfg.c...
compiling misc.c...
compiling stm32f4xx_adc.c...
compiling stm32f4xx_dac.c...
compiling stm32f4xx_dma.c...
compiling stm32f4xx_exti.c...
compiling stm32f4xx_flash.c...
compiling stm32f4xx_gpio.c...
compiling stm32f4xx_i2c.c...
compiling stm32f4xx_rcc.c...
compiling stm32f4xx_spi.c...
compiling stm32f4xx_tim.c...
assembling startup_stm32f4xx.s...
compiling usb_core.c...
compiling usb_hcd_int.c...
compiling usb_hcd.c...
compiling usbh_msc_scsi.c...
compiling usbh_msc_bot.c...
compiling usbh_msc_core.c...
compiling usbh_msc_fatfs.c...
compiling usbh_stdreq.c...
compiling usbh_core.c...
compiling usbh_hcs.c...
compiling usbh_ioreq.c...
compiling ff.c...
compiling fattime.c...
compiling Audio.c...
compiling mp3tabs.c...
compiling mp3dec.c...
compiling trigtabs.c...
compiling bitstream.c...
compiling buffers.c...
compiling dct32.c...
compiling dequant.c...
compiling dqchan.c...
compiling huffman.c...
compiling hufftabs.c...
compiling imdct.c...
compiling polyphase.c...
..\helix\real\polyphase.c(127): warning:  #223-D: function "MADD64" declared implicitly
..\helix\real\polyphase.c(128): warning:  #223-D: function "MADD64" declared implicitly
..\helix\real\polyphase.c(129): warning:  #223-D: function "MADD64" declared implicitly
..\helix\real\polyphase.c(130): warning:  #223-D: function "MADD64" declared implicitly
..\helix\real\polyphase.c(131): warning:  #223-D: function "MADD64" declared implicitly
..\helix\real\polyphase.c(132): warning:  #223-D: function "MADD64" declared implicitly
..\helix\real\polyphase.c(133): warning:  #223-D: function "MADD64" declared implicitly
..\helix\real\polyphase.c(134): warning:  #223-D: function "MADD64" declared implicitly
..\helix\real\polyphase.c(136): warning:  #223-D: function "SAR64" declared implicitly
..\helix\real\polyphase.c(143): warning:  #223-D: function "MADD64" declared implicitly
..\helix\real\polyphase.c(144): warning:  #223-D: function "MADD64" declared implicitly
..\helix\real\polyphase.c(145): warning:  #223-D: function "MADD64" declared implicitly
..\helix\real\polyphase.c(146): warning:  #223-D: function "MADD64" declared implicitly
..\helix\real\polyphase.c(147): warning:  #223-D: function "MADD64" declared implicitly
..\helix\real\polyphase.c(148): warning:  #223-D: function "MADD64" declared implicitly
..\helix\real\polyphase.c(149): warning:  #223-D: function "MADD64" declared implicitly
..\helix\real\polyphase.c(150): warning:  #223-D: function "MADD64" declared implicitly
..\helix\real\polyphase.c(163): warning:  #223-D: function "MADD64" declared implicitly
..\helix\real\polyphase.c(164): warning:  #223-D: function "MADD64" declared implicitly
..\helix\real\polyphase.c(165): warning:  #223-D: function "MADD64" declared implicitly
..\helix\real\polyphase.c(166): warning:  #223-D: function "MADD64" declared implicitly
..\helix\real\polyphase.c(167): warning:  #223-D: function "MADD64" declared implicitly
..\helix\real\polyphase.c(168): warning:  #223-D: function "MADD64" declared implicitly
..\helix\real\polyphase.c(169): warning:  #223-D: function "MADD64" declared implicitly
..\helix\real\polyphase.c(170): warning:  #223-D: function "MADD64" declared implicitly
..\helix\real\polyphase.c(240): warning:  #223-D: function "MADD64" declared implicitly
..\helix\real\polyphase.c(241): warning:  #223-D: function "MADD64" declared implicitly
..\helix\real\polyphase.c(242): warning:  #223-D: function "MADD64" declared implicitly
..\helix\real\polyphase.c(243): warning:  #223-D: function "MADD64" declared implicitly
..\helix\real\polyphase.c(244): warning:  #223-D: function "MADD64" declared implicitly
..\helix\real\polyphase.c(245): warning:  #223-D: function "MADD64" declared implicitly
..\helix\real\polyphase.c(246): warning:  #223-D: function "MADD64" declared implicitly
..\helix\real\polyphase.c(247): warning:  #223-D: function "MADD64" declared implicitly
..\helix\real\polyphase.c(249): warning:  #223-D: function "SAR64" declared implicitly
..\helix\real\polyphase.c(257): warning:  #223-D: function "MADD64" declared implicitly
..\helix\real\polyphase.c(258): warning:  #223-D: function "MADD64" declared implicitly
..\helix\real\polyphase.c(259): warning:  #223-D: function "MADD64" declared implicitly
..\helix\real\polyphase.c(260): warning:  #223-D: function "MADD64" declared implicitly
..\helix\real\polyphase.c(261): warning:  #223-D: function "MADD64" declared implicitly
..\helix\real\polyphase.c(262): warning:  #223-D: function "MADD64" declared implicitly
..\helix\real\polyphase.c(263): warning:  #223-D: function "MADD64" declared implicitly
..\helix\real\polyphase.c(264): warning:  #223-D: function "MADD64" declared implicitly
..\helix\real\polyphase.c(279): warning:  #223-D: function "MADD64" declared implicitly
..\helix\real\polyphase.c(280): warning:  #223-D: function "MADD64" declared implicitly
..\helix\real\polyphase.c(281): warning:  #223-D: function "MADD64" declared implicitly
..\helix\real\polyphase.c(282): warning:  #223-D: function "MADD64" declared implicitly
..\helix\real\polyphase.c(283): warning:  #223-D: function "MADD64" declared implicitly
..\helix\real\polyphase.c(284): warning:  #223-D: function "MADD64" declared implicitly
..\helix\real\polyphase.c(285): warning:  #223-D: function "MADD64" declared implicitly
..\helix\real\polyphase.c(286): warning:  #223-D: function "MADD64" declared implicitly
compiling scalfact.c...
compiling stproc.c...
compiling subband.c...
assembling asmmisc.s...
assembling asmpoly_thumb2.s...
compiling MP3header.c...
..\MP3Header\MP3header.c(231): warning:  #181-D: argument is incompatible with corresponding format string conversion
..\MP3Header\MP3header.c(383): warning:  #223-D: function "malloc" declared implicitly
..\MP3Header\MP3header.c(412): warning:  #223-D: function "malloc" declared implicitly
linking...
.\MEDIA_USB_KEY\mp3sample.axf: Error: L6200E: Symbol xmp3_PolyphaseMono multiply defined (by asmpoly_thumb2.o and polyphase.o).
.\MEDIA_USB_KEY\mp3sample.axf: Error: L6200E: Symbol xmp3_PolyphaseStereo multiply defined (by asmpoly_thumb2.o and polyphase.o).
Target not created
Build target 'MEDIA_USB_KEY'
linking...
.\MEDIA_USB_KEY\mp3sample.axf: Error: L6200E: Symbol xmp3_PolyphaseMono multiply defined (by asmpoly_thumb2.o and polyphase.o).
.\MEDIA_USB_KEY\mp3sample.axf: Error: L6200E: Symbol xmp3_PolyphaseStereo multiply defined (by asmpoly_thumb2.o and polyphase.o).
Target not created
Rebuild target 'MEDIA_USB_KEY'
compiling audio_sample.c...
compiling main.c...
compiling stm32f4xx_it.c...
compiling system_stm32f4xx.c...
compiling usb_bsp.c...
compiling usbh_usr.c...
compiling waveplayer.c...
compiling waverecorder.c...
compiling stm32f4_discovery.c...
compiling stm32f4_discovery_lis302dl.c...
compiling stm32f4_discovery_audio_codec.c...
compiling stm32f4xx_syscfg.c...
compiling misc.c...
compiling stm32f4xx_adc.c...
compiling stm32f4xx_dac.c...
compiling stm32f4xx_dma.c...
compiling stm32f4xx_exti.c...
compiling stm32f4xx_flash.c...
compiling stm32f4xx_gpio.c...
compiling stm32f4xx_i2c.c...
compiling stm32f4xx_rcc.c...
compiling stm32f4xx_spi.c...
compiling stm32f4xx_tim.c...
assembling startup_stm32f4xx.s...
compiling usb_core.c...
compiling usb_hcd_int.c...
compiling usb_hcd.c...
compiling usbh_msc_scsi.c...
compiling usbh_msc_bot.c...
compiling usbh_msc_core.c...
compiling usbh_msc_fatfs.c...
compiling usbh_stdreq.c...
compiling usbh_core.c...
compiling usbh_hcs.c...
compiling usbh_ioreq.c...
compiling ff.c...
compiling fattime.c...
compiling Audio.c...
compiling mp3tabs.c...
compiling mp3dec.c...
compiling trigtabs.c...
compiling bitstream.c...
compiling buffers.c...
compiling dct32.c...
compiling dequant.c...
compiling dqchan.c...
compiling huffman.c...
compiling hufftabs.c...
compiling imdct.c...
compiling polyphase.c...
..\helix\real\polyphase.c(127): warning:  #223-D: function "MADD64" declared implicitly
..\helix\real\polyphase.c(128): warning:  #223-D: function "MADD64" declared implicitly
..\helix\real\polyphase.c(129): warning:  #223-D: function "MADD64" declared implicitly
..\helix\real\polyphase.c(130): warning:  #223-D: function "MADD64" declared implicitly
..\helix\real\polyphase.c(131): warning:  #223-D: function "MADD64" declared implicitly
..\helix\real\polyphase.c(132): warning:  #223-D: function "MADD64" declared implicitly
..\helix\real\polyphase.c(133): warning:  #223-D: function "MADD64" declared implicitly
..\helix\real\polyphase.c(134): warning:  #223-D: function "MADD64" declared implicitly
..\helix\real\polyphase.c(136): warning:  #223-D: function "SAR64" declared implicitly
..\helix\real\polyphase.c(143): warning:  #223-D: function "MADD64" declared implicitly
..\helix\real\polyphase.c(144): warning:  #223-D: function "MADD64" declared implicitly
..\helix\real\polyphase.c(145): warning:  #223-D: function "MADD64" declared implicitly
..\helix\real\polyphase.c(146): warning:  #223-D: function "MADD64" declared implicitly
..\helix\real\polyphase.c(147): warning:  #223-D: function "MADD64" declared implicitly
..\helix\real\polyphase.c(148): warning:  #223-D: function "MADD64" declared implicitly
..\helix\real\polyphase.c(149): warning:  #223-D: function "MADD64" declared implicitly
..\helix\real\polyphase.c(150): warning:  #223-D: function "MADD64" declared implicitly
..\helix\real\polyphase.c(163): warning:  #223-D: function "MADD64" declared implicitly
..\helix\real\polyphase.c(164): warning:  #223-D: function "MADD64" declared implicitly
..\helix\real\polyphase.c(165): warning:  #223-D: function "MADD64" declared implicitly
..\helix\real\polyphase.c(166): warning:  #223-D: function "MADD64" declared implicitly
..\helix\real\polyphase.c(167): warning:  #223-D: function "MADD64" declared implicitly
..\helix\real\polyphase.c(168): warning:  #223-D: function "MADD64" declared implicitly
..\helix\real\polyphase.c(169): warning:  #223-D: function "MADD64" declared implicitly
..\helix\real\polyphase.c(170): warning:  #223-D: function "MADD64" declared implicitly
..\helix\real\polyphase.c(240): warning:  #223-D: function "MADD64" declared implicitly
..\helix\real\polyphase.c(241): warning:  #223-D: function "MADD64" declared implicitly
..\helix\real\polyphase.c(242): warning:  #223-D: function "MADD64" declared implicitly
..\helix\real\polyphase.c(243): warning:  #223-D: function "MADD64" declared implicitly
..\helix\real\polyphase.c(244): warning:  #223-D: function "MADD64" declared implicitly
..\helix\real\polyphase.c(245): warning:  #223-D: function "MADD64" declared implicitly
..\helix\real\polyphase.c(246): warning:  #223-D: function "MADD64" declared implicitly
..\helix\real\polyphase.c(247): warning:  #223-D: function "MADD64" declared implicitly
..\helix\real\polyphase.c(249): warning:  #223-D: function "SAR64" declared implicitly
..\helix\real\polyphase.c(257): warning:  #223-D: function "MADD64" declared implicitly
..\helix\real\polyphase.c(258): warning:  #223-D: function "MADD64" declared implicitly
..\helix\real\polyphase.c(259): warning:  #223-D: function "MADD64" declared implicitly
..\helix\real\polyphase.c(260): warning:  #223-D: function "MADD64" declared implicitly
..\helix\real\polyphase.c(261): warning:  #223-D: function "MADD64" declared implicitly
..\helix\real\polyphase.c(262): warning:  #223-D: function "MADD64" declared implicitly
..\helix\real\polyphase.c(263): warning:  #223-D: function "MADD64" declared implicitly
..\helix\real\polyphase.c(264): warning:  #223-D: function "MADD64" declared implicitly
..\helix\real\polyphase.c(279): warning:  #223-D: function "MADD64" declared implicitly
..\helix\real\polyphase.c(280): warning:  #223-D: function "MADD64" declared implicitly
..\helix\real\polyphase.c(281): warning:  #223-D: function "MADD64" declared implicitly
..\helix\real\polyphase.c(282): warning:  #223-D: function "MADD64" declared implicitly
..\helix\real\polyphase.c(283): warning:  #223-D: function "MADD64" declared implicitly
..\helix\real\polyphase.c(284): warning:  #223-D: function "MADD64" declared implicitly
..\helix\real\polyphase.c(285): warning:  #223-D: function "MADD64" declared implicitly
..\helix\real\polyphase.c(286): warning:  #223-D: function "MADD64" declared implicitly
compiling scalfact.c...
compiling stproc.c...
compiling subband.c...
assembling asmmisc.s...
compiling MP3header.c...
..\MP3Header\MP3header.c(231): warning:  #181-D: argument is incompatible with corresponding format string conversion
..\MP3Header\MP3header.c(383): warning:  #223-D: function "malloc" declared implicitly
..\MP3Header\MP3header.c(412): warning:  #223-D: function "malloc" declared implicitly
linking...
.\MEDIA_USB_KEY\mp3sample.axf: Error: L6218E: Undefined symbol MADD64 (referred from polyphase.o).
.\MEDIA_USB_KEY\mp3sample.axf: Error: L6218E: Undefined symbol SAR64 (referred from polyphase.o).
Target not created
Build target 'MEDIA_USB_KEY'
linking...
.\MEDIA_USB_KEY\mp3sample.axf: Error: L6218E: Undefined symbol MADD64 (referred from polyphase.o).
.\MEDIA_USB_KEY\mp3sample.axf: Error: L6218E: Undefined symbol SAR64 (referred from polyphase.o).
Target not created
Build target 'MEDIA_USB_KEY'
assembling asmpoly.s...
..\helix\real\arm\asmpoly.s(1): error: A1167E: Invalid line start 
..\helix\real\arm\asmpoly.s(2): error: A1167E: Invalid line start 
..\helix\real\arm\asmpoly.s(3): error: A1167E: Invalid line start 
..\helix\real\arm\asmpoly.s(4): error: A1167E: Invalid line start 
..\helix\real\arm\asmpoly.s(5): error: A1167E: Invalid line start 
..\helix\real\arm\asmpoly.s(6): error: A1167E: Invalid line start 
..\helix\real\arm\asmpoly.s(7): error: A1167E: Invalid line start 
..\helix\real\arm\asmpoly.s(8): error: A1167E: Invalid line start 
..\helix\real\arm\asmpoly.s(9): error: A1167E: Invalid line start 
..\helix\real\arm\asmpoly.s(10): error: A1167E: Invalid line start 
..\helix\real\arm\asmpoly.s(11): error: A1167E: Invalid line start 
..\helix\real\arm\asmpoly.s(12): error: A1167E: Invalid line start 
..\helix\real\arm\asmpoly.s(13): error: A1167E: Invalid line start 
..\helix\real\arm\asmpoly.s(14): error: A1167E: Invalid line start 
..\helix\real\arm\asmpoly.s(15): error: A1167E: Invalid line start 
..\helix\real\arm\asmpoly.s(16): error: A1167E: Invalid line start 
..\helix\real\arm\asmpoly.s(17): error: A1167E: Invalid line start 
..\helix\real\arm\asmpoly.s(18): error: A1167E: Invalid line start 
..\helix\real\arm\asmpoly.s(19): error: A1167E: Invalid line start 
..\helix\real\arm\asmpoly.s(20): error: A1167E: Invalid line start 
..\helix\real\arm\asmpoly.s(21): error: A1167E: Invalid line start 
..\helix\real\arm\asmpoly.s(22): error: A1167E: Invalid line start 
..\helix\real\arm\asmpoly.s(23): error: A1167E: Invalid line start 
..\helix\real\arm\asmpoly.s(24): error: A1167E: Invalid line start 
..\helix\real\arm\asmpoly.s(25): error: A1167E: Invalid line start 
..\helix\real\arm\asmpoly.s(26): error: A1167E: Invalid line start 
..\helix\real\arm\asmpoly.s(27): error: A1167E: Invalid line start 
..\helix\real\arm\asmpoly.s(28): error: A1167E: Invalid line start 
..\helix\real\arm\asmpoly.s(29): error: A1167E: Invalid line start 
..\helix\real\arm\asmpoly.s(30): error: A1167E: Invalid line start 
..\helix\real\arm\asmpoly.s(31): error: A1167E: Invalid line start 
..\helix\real\arm\asmpoly.s(32): error: A1167E: Invalid line start 
..\helix\real\arm\asmpoly.s(33): error: A1167E: Invalid line start 
..\helix\real\arm\asmpoly.s(34): error: A1167E: Invalid line start 
..\helix\real\arm\asmpoly.s(36): error: A1163E: Unknown opcode xmp3_PolyphaseStereo , expecting opcode or Macro
..\helix\real\arm\asmpoly.s(37): error: A1167E: Invalid line start 
..\helix\real\arm\asmpoly.s(39): error: A1355U: A Label was found which was in no AREA
Target not created
Rebuild target 'MEDIA_USB_KEY'
compiling audio_sample.c...
compiling main.c...
compiling stm32f4xx_it.c...
compiling system_stm32f4xx.c...
compiling usb_bsp.c...
compiling usbh_usr.c...
compiling waveplayer.c...
compiling waverecorder.c...
compiling stm32f4_discovery.c...
compiling stm32f4_discovery_lis302dl.c...
compiling stm32f4_discovery_audio_codec.c...
compiling stm32f4xx_syscfg.c...
compiling misc.c...
compiling stm32f4xx_adc.c...
compiling stm32f4xx_dac.c...
compiling stm32f4xx_dma.c...
compiling stm32f4xx_exti.c...
compiling stm32f4xx_flash.c...
compiling stm32f4xx_gpio.c...
compiling stm32f4xx_i2c.c...
compiling stm32f4xx_rcc.c...
compiling stm32f4xx_spi.c...
compiling stm32f4xx_tim.c...
assembling startup_stm32f4xx.s...
compiling usb_core.c...
compiling usb_hcd_int.c...
compiling usb_hcd.c...
compiling usbh_msc_scsi.c...
compiling usbh_msc_bot.c...
compiling usbh_msc_core.c...
compiling usbh_msc_fatfs.c...
compiling usbh_stdreq.c...
compiling usbh_core.c...
compiling usbh_hcs.c...
compiling usbh_ioreq.c...
compiling ff.c...
compiling fattime.c...
compiling Audio.c...
compiling mp3tabs.c...
compiling mp3dec.c...
compiling trigtabs.c...
compiling bitstream.c...
compiling buffers.c...
compiling dct32.c...
compiling dequant.c...
compiling dqchan.c...
compiling huffman.c...
compiling hufftabs.c...
compiling imdct.c...
compiling polyphase.c...
..\helix\real\polyphase.c(127): warning:  #223-D: function "MADD64" declared implicitly
..\helix\real\polyphase.c(128): warning:  #223-D: function "MADD64" declared implicitly
..\helix\real\polyphase.c(129): warning:  #223-D: function "MADD64" declared implicitly
..\helix\real\polyphase.c(130): warning:  #223-D: function "MADD64" declared implicitly
..\helix\real\polyphase.c(131): warning:  #223-D: function "MADD64" declared implicitly
..\helix\real\polyphase.c(132): warning:  #223-D: function "MADD64" declared implicitly
..\helix\real\polyphase.c(133): warning:  #223-D: function "MADD64" declared implicitly
..\helix\real\polyphase.c(134): warning:  #223-D: function "MADD64" declared implicitly
..\helix\real\polyphase.c(136): warning:  #223-D: function "SAR64" declared implicitly
..\helix\real\polyphase.c(143): warning:  #223-D: function "MADD64" declared implicitly
..\helix\real\polyphase.c(144): warning:  #223-D: function "MADD64" declared implicitly
..\helix\real\polyphase.c(145): warning:  #223-D: function "MADD64" declared implicitly
..\helix\real\polyphase.c(146): warning:  #223-D: function "MADD64" declared implicitly
..\helix\real\polyphase.c(147): warning:  #223-D: function "MADD64" declared implicitly
..\helix\real\polyphase.c(148): warning:  #223-D: function "MADD64" declared implicitly
..\helix\real\polyphase.c(149): warning:  #223-D: function "MADD64" declared implicitly
..\helix\real\polyphase.c(150): warning:  #223-D: function "MADD64" declared implicitly
..\helix\real\polyphase.c(163): warning:  #223-D: function "MADD64" declared implicitly
..\helix\real\polyphase.c(164): warning:  #223-D: function "MADD64" declared implicitly
..\helix\real\polyphase.c(165): warning:  #223-D: function "MADD64" declared implicitly
..\helix\real\polyphase.c(166): warning:  #223-D: function "MADD64" declared implicitly
..\helix\real\polyphase.c(167): warning:  #223-D: function "MADD64" declared implicitly
..\helix\real\polyphase.c(168): warning:  #223-D: function "MADD64" declared implicitly
..\helix\real\polyphase.c(169): warning:  #223-D: function "MADD64" declared implicitly
..\helix\real\polyphase.c(170): warning:  #223-D: function "MADD64" declared implicitly
..\helix\real\polyphase.c(240): warning:  #223-D: function "MADD64" declared implicitly
..\helix\real\polyphase.c(241): warning:  #223-D: function "MADD64" declared implicitly
..\helix\real\polyphase.c(242): warning:  #223-D: function "MADD64" declared implicitly
..\helix\real\polyphase.c(243): warning:  #223-D: function "MADD64" declared implicitly
..\helix\real\polyphase.c(244): warning:  #223-D: function "MADD64" declared implicitly
..\helix\real\polyphase.c(245): warning:  #223-D: function "MADD64" declared implicitly
..\helix\real\polyphase.c(246): warning:  #223-D: function "MADD64" declared implicitly
..\helix\real\polyphase.c(247): warning:  #223-D: function "MADD64" declared implicitly
..\helix\real\polyphase.c(249): warning:  #223-D: function "SAR64" declared implicitly
..\helix\real\polyphase.c(257): warning:  #223-D: function "MADD64" declared implicitly
..\helix\real\polyphase.c(258): warning:  #223-D: function "MADD64" declared implicitly
..\helix\real\polyphase.c(259): warning:  #223-D: function "MADD64" declared implicitly
..\helix\real\polyphase.c(260): warning:  #223-D: function "MADD64" declared implicitly
..\helix\real\polyphase.c(261): warning:  #223-D: function "MADD64" declared implicitly
..\helix\real\polyphase.c(262): warning:  #223-D: function "MADD64" declared implicitly
..\helix\real\polyphase.c(263): warning:  #223-D: function "MADD64" declared implicitly
..\helix\real\polyphase.c(264): warning:  #223-D: function "MADD64" declared implicitly
..\helix\real\polyphase.c(279): warning:  #223-D: function "MADD64" declared implicitly
..\helix\real\polyphase.c(280): warning:  #223-D: function "MADD64" declared implicitly
..\helix\real\polyphase.c(281): warning:  #223-D: function "MADD64" declared implicitly
..\helix\real\polyphase.c(282): warning:  #223-D: function "MADD64" declared implicitly
..\helix\real\polyphase.c(283): warning:  #223-D: function "MADD64" declared implicitly
..\helix\real\polyphase.c(284): warning:  #223-D: function "MADD64" declared implicitly
..\helix\real\polyphase.c(285): warning:  #223-D: function "MADD64" declared implicitly
..\helix\real\polyphase.c(286): warning:  #223-D: function "MADD64" declared implicitly
compiling scalfact.c...
compiling stproc.c...
compiling subband.c...
assembling asmmisc.s...
assembling asmpoly_thumb2.s...
compiling MP3header.c...
..\MP3Header\MP3header.c(231): warning:  #181-D: argument is incompatible with corresponding format string conversion
..\MP3Header\MP3header.c(383): warning:  #223-D: function "malloc" declared implicitly
..\MP3Header\MP3header.c(412): warning:  #223-D: function "malloc" declared implicitly
linking...
.\MEDIA_USB_KEY\mp3sample.axf: Error: L6200E: Symbol xmp3_PolyphaseMono multiply defined (by asmpoly_thumb2.o and polyphase.o).
.\MEDIA_USB_KEY\mp3sample.axf: Error: L6200E: Symbol xmp3_PolyphaseStereo multiply defined (by asmpoly_thumb2.o and polyphase.o).
Target not created
Clean started: Project: 'mp3'
   deleting intermediate output files for target 'MEDIA_intFALSH'
   deleting intermediate output files for target 'MEDIA_USB_KEY'
Rebuild target 'MEDIA_USB_KEY'
compiling audio_sample.c...
compiling main.c...
compiling stm32f4xx_it.c...
compiling system_stm32f4xx.c...
compiling usb_bsp.c...
compiling usbh_usr.c...
compiling waveplayer.c...
compiling waverecorder.c...
compiling stm32f4_discovery.c...
compiling stm32f4_discovery_lis302dl.c...
compiling stm32f4_discovery_audio_codec.c...
compiling stm32f4xx_syscfg.c...
compiling misc.c...
compiling stm32f4xx_adc.c...
compiling stm32f4xx_dac.c...
compiling stm32f4xx_dma.c...
compiling stm32f4xx_exti.c...
compiling stm32f4xx_flash.c...
compiling stm32f4xx_gpio.c...
compiling stm32f4xx_i2c.c...
compiling stm32f4xx_rcc.c...
compiling stm32f4xx_spi.c...
compiling stm32f4xx_tim.c...
assembling startup_stm32f4xx.s...
compiling usb_core.c...
compiling usb_hcd_int.c...
compiling usb_hcd.c...
compiling usbh_msc_scsi.c...
compiling usbh_msc_bot.c...
compiling usbh_msc_core.c...
compiling usbh_msc_fatfs.c...
compiling usbh_stdreq.c...
compiling usbh_core.c...
compiling usbh_hcs.c...
compiling usbh_ioreq.c...
compiling ff.c...
compiling fattime.c...
compiling Audio.c...
compiling mp3tabs.c...
compiling mp3dec.c...
compiling trigtabs.c...
compiling bitstream.c...
compiling buffers.c...
compiling dct32.c...
compiling dequant.c...
compiling dqchan.c...
compiling huffman.c...
compiling hufftabs.c...
compiling imdct.c...
compiling scalfact.c...
compiling stproc.c...
compiling subband.c...
assembling asmmisc.s...
assembling asmpoly_thumb2.s...
compiling MP3header.c...
..\MP3Header\MP3header.c(231): warning:  #181-D: argument is incompatible with corresponding format string conversion
..\MP3Header\MP3header.c(383): warning:  #223-D: function "malloc" declared implicitly
..\MP3Header\MP3header.c(412): warning:  #223-D: function "malloc" declared implicitly
linking...
Program Size: Code=30544 RO-data=656 RW-data=1144 ZI-data=17200  
FromELF: creating hex file...
".\MEDIA_USB_KEY\mp3sample.axf" - 0 Error(s), 3 Warning(s).
