<html>
<body>
<pre>
<h1>µVision Build Log</h1>
<h2>Project:</h2>
D:\STM32F4work\STM32F4-Discovery_FW_V1.1.0\Project\mp3sample\MDK-ARM\mp3.uvproj
Project File Date:  02/23/2012

<h2>Output:</h2>
Build target 'MEDIA_USB_KEY'
compiling main.c...
..\..\..\Utilities\STM32F4-Discovery\stm32f4_discovery_audio_codec.h(61): warning:  #9-D: nested comment is not allowed
linking...
Program Size: Code=46224 RO-data=13716 RW-data=1176 ZI-data=54040  
FromELF: creating hex file...
".\MEDIA_USB_KEY\mp3sample.axf" - 0 Error(s), 1 Warning(s).
Build target 'MEDIA_USB_KEY'
compiling stm32f4xx_it.c...
..\..\..\Utilities\STM32F4-Discovery\stm32f4_discovery_audio_codec.h(61): warning:  #9-D: nested comment is not allowed
linking...
Program Size: Code=46188 RO-data=13716 RW-data=1176 ZI-data=54040  
FromELF: creating hex file...
".\MEDIA_USB_KEY\mp3sample.axf" - 0 Error(s), 1 Warning(s).
Build target 'MEDIA_USB_KEY'
compiling stm32f4xx_it.c...
..\..\..\Utilities\STM32F4-Discovery\stm32f4_discovery_audio_codec.h(61): warning:  #9-D: nested comment is not allowed
linking...
Program Size: Code=46204 RO-data=13716 RW-data=1180 ZI-data=54036  
FromELF: creating hex file...
".\MEDIA_USB_KEY\mp3sample.axf" - 0 Error(s), 1 Warning(s).
Build target 'MEDIA_USB_KEY'
compiling stm32f4xx_it.c...
..\..\..\Utilities\STM32F4-Discovery\stm32f4_discovery_audio_codec.h(61): warning:  #9-D: nested comment is not allowed
linking...
Program Size: Code=46204 RO-data=13716 RW-data=1180 ZI-data=54036  
FromELF: creating hex file...
".\MEDIA_USB_KEY\mp3sample.axf" - 0 Error(s), 1 Warning(s).
Build target 'MEDIA_USB_KEY'
compiling stm32f4xx_it.c...
..\..\..\Utilities\STM32F4-Discovery\stm32f4_discovery_audio_codec.h(61): warning:  #9-D: nested comment is not allowed
linking...
Program Size: Code=46204 RO-data=13716 RW-data=1180 ZI-data=54036  
FromELF: creating hex file...
".\MEDIA_USB_KEY\mp3sample.axf" - 0 Error(s), 1 Warning(s).
Build target 'MEDIA_USB_KEY'
linking...
Program Size: Code=46204 RO-data=13716 RW-data=1180 ZI-data=54036  
FromELF: creating hex file...
".\MEDIA_USB_KEY\mp3sample.axf" - 0 Error(s), 0 Warning(s).
Build target 'MEDIA_USB_KEY'
compiling waveplayer.c...
..\..\..\Utilities\STM32F4-Discovery\stm32f4_discovery_audio_codec.h(61): warning:  #9-D: nested comment is not allowed
..\src\waveplayer.c(473): warning:  #223-D: function "AudioStart" declared implicitly
..\src\waveplayer.c(477): warning:  #111-D: statement is unreachable
..\src\waveplayer.c(706): warning:  #177-D: function "Mems_Config" was declared but never referenced
..\src\waveplayer.c(767): warning:  #177-D: function "EXTILine_Config" was declared but never referenced
linking...
Program Size: Code=46204 RO-data=13716 RW-data=1180 ZI-data=54036  
FromELF: creating hex file...
".\MEDIA_USB_KEY\mp3sample.axf" - 0 Error(s), 5 Warning(s).
Build target 'MEDIA_USB_KEY'
compiling waveplayer.c...
..\..\..\Utilities\STM32F4-Discovery\stm32f4_discovery_audio_codec.h(61): warning:  #9-D: nested comment is not allowed
..\src\waveplayer.c(473): warning:  #223-D: function "AudioStart" declared implicitly
..\src\waveplayer.c(470): warning:  #177-D: variable "path" was declared but never referenced
..\src\waveplayer.c(45): warning:  #177-D: variable "wavelen" was declared but never referenced
..\src\waveplayer.c(46): warning:  #177-D: variable "WaveFileName" was declared but never referenced
..\src\waveplayer.c(707): warning:  #177-D: function "Mems_Config" was declared but never referenced
..\src\waveplayer.c(768): warning:  #177-D: function "EXTILine_Config" was declared but never referenced
..\src\waveplayer.c(577): warning:  #177-D: function "WavePlayer_WaveParsing" was declared but never referenced
linking...
Program Size: Code=46204 RO-data=13716 RW-data=1172 ZI-data=54036  
FromELF: creating hex file...
".\MEDIA_USB_KEY\mp3sample.axf" - 0 Error(s), 8 Warning(s).
Build target 'MEDIA_USB_KEY'
compiling main.c...
compiling stm32f4xx_it.c...
compiling waveplayer.c...
..\src\waveplayer.c(473): warning:  #223-D: function "AudioStart" declared implicitly
..\src\waveplayer.c(470): warning:  #177-D: variable "path" was declared but never referenced
..\src\waveplayer.c(45): warning:  #177-D: variable "wavelen" was declared but never referenced
..\src\waveplayer.c(46): warning:  #177-D: variable "WaveFileName" was declared but never referenced
..\src\waveplayer.c(707): warning:  #177-D: function "Mems_Config" was declared but never referenced
..\src\waveplayer.c(768): warning:  #177-D: function "EXTILine_Config" was declared but never referenced
..\src\waveplayer.c(577): warning:  #177-D: function "WavePlayer_WaveParsing" was declared but never referenced
compiling waverecorder.c...
compiling stm32f4_discovery_audio_codec.c...
compiling Audio.c...
..\Audio\Audio.c(408): warning:  #177-D: variable "err" was declared but never referenced
compiling mp3dec.c...
compiling buffers.c...
..\..\..\Libraries\STM32_USB_OTG_Driver\inc\usb_defines.h(172): warning:  #47-D: incompatible redefinition of macro "MIN" (declared at line 63 of "..\helix\real\coder.h")
compiling MP3header.c...
..\MP3Header\MP3header.c(383): warning:  #223-D: function "malloc" declared implicitly
..\MP3Header\MP3header.c(412): warning:  #223-D: function "malloc" declared implicitly
linking...
Program Size: Code=46204 RO-data=13716 RW-data=1172 ZI-data=54036  
FromELF: creating hex file...
".\MEDIA_USB_KEY\mp3sample.axf" - 0 Error(s), 11 Warning(s).
Build target 'MEDIA_USB_KEY'
compiling waveplayer.c...
..\Audio\Audio.h(95): warning:  #1295-D: Deprecated declaration AudioStart - give arg types
..\src\waveplayer.c(45): warning:  #177-D: variable "wavelen" was declared but never referenced
..\src\waveplayer.c(46): warning:  #177-D: variable "WaveFileName" was declared but never referenced
..\src\waveplayer.c(706): warning:  #177-D: function "Mems_Config" was declared but never referenced
..\src\waveplayer.c(767): warning:  #177-D: function "EXTILine_Config" was declared but never referenced
..\src\waveplayer.c(576): warning:  #177-D: function "WavePlayer_WaveParsing" was declared but never referenced
compiling Audio.c...
..\Audio\Audio.h(95): warning:  #1295-D: Deprecated declaration AudioStart - give arg types
..\Audio\Audio.c(408): warning:  #177-D: variable "err" was declared but never referenced
compiling MP3header.c...
..\Audio\Audio.h(95): warning:  #1295-D: Deprecated declaration AudioStart - give arg types
..\MP3Header\MP3header.c(383): warning:  #223-D: function "malloc" declared implicitly
..\MP3Header\MP3header.c(412): warning:  #223-D: function "malloc" declared implicitly
linking...
Program Size: Code=46204 RO-data=13716 RW-data=1172 ZI-data=54036  
FromELF: creating hex file...
".\MEDIA_USB_KEY\mp3sample.axf" - 0 Error(s), 11 Warning(s).
Build target 'MEDIA_USB_KEY'
compiling waveplayer.c...
..\src\waveplayer.c(45): warning:  #177-D: variable "wavelen" was declared but never referenced
..\src\waveplayer.c(46): warning:  #177-D: variable "WaveFileName" was declared but never referenced
..\src\waveplayer.c(706): warning:  #177-D: function "Mems_Config" was declared but never referenced
..\src\waveplayer.c(767): warning:  #177-D: function "EXTILine_Config" was declared but never referenced
..\src\waveplayer.c(576): warning:  #177-D: function "WavePlayer_WaveParsing" was declared but never referenced
compiling Audio.c...
..\Audio\Audio.c(408): warning:  #177-D: variable "err" was declared but never referenced
compiling MP3header.c...
..\MP3Header\MP3header.c(383): warning:  #223-D: function "malloc" declared implicitly
..\MP3Header\MP3header.c(412): warning:  #223-D: function "malloc" declared implicitly
linking...
Program Size: Code=46204 RO-data=13716 RW-data=1172 ZI-data=54036  
FromELF: creating hex file...
".\MEDIA_USB_KEY\mp3sample.axf" - 0 Error(s), 8 Warning(s).
